[1.918s] Invoking command in '/home/bluelule/ugv_project/ros2_ws/build/ugv_perception': PYTHONPATH=/home/bluelule/ugv_project/ros2_ws/build/ugv_perception/prefix_override:/usr/lib/python3/dist-packages/colcon_core/task/python/colcon_distutils_commands:/home/bluelule/ugv_project/ros2_ws/install/ugv_perception/lib/python3.10/site-packages:${PYTHONPATH} /usr/bin/python3 -W ignore:setup.py install is deprecated -W ignore:easy_install command is deprecated setup.py develop --editable --build-directory /home/bluelule/ugv_project/ros2_ws/build/ugv_perception/build --no-deps symlink_data
[2.514s] running develop
[2.841s] running egg_info
[2.841s] creating ugv_perception.egg-info
[2.842s] writing ugv_perception.egg-info/PKG-INFO
[2.842s] writing dependency_links to ugv_perception.egg-info/dependency_links.txt
[2.842s] writing entry points to ugv_perception.egg-info/entry_points.txt
[2.842s] writing requirements to ugv_perception.egg-info/requires.txt
[2.842s] writing top-level names to ugv_perception.egg-info/top_level.txt
[2.843s] writing manifest file 'ugv_perception.egg-info/SOURCES.txt'
[2.847s] reading manifest file 'ugv_perception.egg-info/SOURCES.txt'
[2.848s] writing manifest file 'ugv_perception.egg-info/SOURCES.txt'
[2.967s] running build_ext
[2.968s] Creating /home/bluelule/ugv_project/ros2_ws/install/ugv_perception/lib/python3.10/site-packages/ugv-perception.egg-link (link to .)
[2.970s] Installing obstacle_warning script to /home/bluelule/ugv_project/ros2_ws/install/ugv_perception/lib/ugv_perception
[2.970s] Installing zed_obj_distance script to /home/bluelule/ugv_project/ros2_ws/install/ugv_perception/lib/ugv_perception
[2.970s] 
[2.970s] Installed /home/bluelule/ugv_project/ros2_ws/build/ugv_perception
[2.970s] running symlink_data
[2.971s] creating /home/bluelule/ugv_project/ros2_ws/install/ugv_perception/share/ament_index
[2.971s] creating /home/bluelule/ugv_project/ros2_ws/install/ugv_perception/share/ament_index/resource_index
[2.971s] creating /home/bluelule/ugv_project/ros2_ws/install/ugv_perception/share/ament_index/resource_index/packages
[2.971s] symbolically linking /home/bluelule/ugv_project/ros2_ws/build/ugv_perception/resource/ugv_perception -> /home/bluelule/ugv_project/ros2_ws/install/ugv_perception/share/ament_index/resource_index/packages
[2.971s] symbolically linking /home/bluelule/ugv_project/ros2_ws/build/ugv_perception/package.xml -> /home/bluelule/ugv_project/ros2_ws/install/ugv_perception/share/ugv_perception
[3.075s] Invoked command in '/home/bluelule/ugv_project/ros2_ws/build/ugv_perception' returned '0': PYTHONPATH=/home/bluelule/ugv_project/ros2_ws/build/ugv_perception/prefix_override:/usr/lib/python3/dist-packages/colcon_core/task/python/colcon_distutils_commands:/home/bluelule/ugv_project/ros2_ws/install/ugv_perception/lib/python3.10/site-packages:${PYTHONPATH} /usr/bin/python3 -W ignore:setup.py install is deprecated -W ignore:easy_install command is deprecated setup.py develop --editable --build-directory /home/bluelule/ugv_project/ros2_ws/build/ugv_perception/build --no-deps symlink_data
