[1.287s] Invoking command in '/home/bluelule/ugv_project/ros2_ws/build/ugv_lidar': PYTHONPATH=/home/bluelule/ugv_project/ros2_ws/build/ugv_lidar/prefix_override:/usr/lib/python3/dist-packages/colcon_core/task/python/colcon_distutils_commands:/home/bluelule/ugv_project/ros2_ws/install/ugv_lidar/lib/python3.10/site-packages:${PYTHONPATH} /usr/bin/python3 -W ignore:setup.py install is deprecated -W ignore:easy_install command is deprecated setup.py develop --uninstall --editable --build-directory /home/bluelule/ugv_project/ros2_ws/build/ugv_lidar/build
[1.774s] running develop
[2.079s] Removing /home/bluelule/ugv_project/ros2_ws/install/ugv_lidar/lib/python3.10/site-packages/ugv-lidar.egg-link (link to .)
[2.151s] Invoked command in '/home/bluelule/ugv_project/ros2_ws/build/ugv_lidar' returned '0': PYTHONPATH=/home/bluelule/ugv_project/ros2_ws/build/ugv_lidar/prefix_override:/usr/lib/python3/dist-packages/colcon_core/task/python/colcon_distutils_commands:/home/bluelule/ugv_project/ros2_ws/install/ugv_lidar/lib/python3.10/site-packages:${PYTHONPATH} /usr/bin/python3 -W ignore:setup.py install is deprecated -W ignore:easy_install command is deprecated setup.py develop --uninstall --editable --build-directory /home/bluelule/ugv_project/ros2_ws/build/ugv_lidar/build
[2.155s] Invoking command in '/home/bluelule/ugv_project/ros2_ws/src/ugv_lidar': PYTHONPATH=/home/bluelule/ugv_project/ros2_ws/build/ugv_lidar/prefix_override:/usr/lib/python3/dist-packages/colcon_core/task/python/colcon_distutils_commands:/home/bluelule/ugv_project/ros2_ws/install/ugv_lidar/lib/python3.10/site-packages:${PYTHONPATH} /usr/bin/python3 -W ignore:setup.py install is deprecated -W ignore:easy_install command is deprecated setup.py egg_info --egg-base ../../build/ugv_lidar build --build-base /home/bluelule/ugv_project/ros2_ws/build/ugv_lidar/build install --record /home/bluelule/ugv_project/ros2_ws/build/ugv_lidar/install.log --single-version-externally-managed install_data --force
[2.599s] running egg_info
[2.600s] writing ../../build/ugv_lidar/ugv_lidar.egg-info/PKG-INFO
[2.601s] writing dependency_links to ../../build/ugv_lidar/ugv_lidar.egg-info/dependency_links.txt
[2.601s] writing entry points to ../../build/ugv_lidar/ugv_lidar.egg-info/entry_points.txt
[2.602s] writing requirements to ../../build/ugv_lidar/ugv_lidar.egg-info/requires.txt
[2.602s] writing top-level names to ../../build/ugv_lidar/ugv_lidar.egg-info/top_level.txt
[2.605s] reading manifest file '../../build/ugv_lidar/ugv_lidar.egg-info/SOURCES.txt'
[2.606s] writing manifest file '../../build/ugv_lidar/ugv_lidar.egg-info/SOURCES.txt'
[2.607s] running build
[2.607s] running build_py
[2.607s] creating /home/bluelule/ugv_project/ros2_ws/build/ugv_lidar/build
[2.608s] creating /home/bluelule/ugv_project/ros2_ws/build/ugv_lidar/build/lib
[2.608s] creating /home/bluelule/ugv_project/ros2_ws/build/ugv_lidar/build/lib/ugv_lidar
[2.608s] copying ugv_lidar/__init__.py -> /home/bluelule/ugv_project/ros2_ws/build/ugv_lidar/build/lib/ugv_lidar
[2.608s] copying ugv_lidar/lidar_processor.py -> /home/bluelule/ugv_project/ros2_ws/build/ugv_lidar/build/lib/ugv_lidar
[2.609s] running install
[2.610s] running install_lib
[2.612s] creating /home/bluelule/ugv_project/ros2_ws/install/ugv_lidar/lib/python3.10/site-packages/ugv_lidar
[2.612s] copying /home/bluelule/ugv_project/ros2_ws/build/ugv_lidar/build/lib/ugv_lidar/__init__.py -> /home/bluelule/ugv_project/ros2_ws/install/ugv_lidar/lib/python3.10/site-packages/ugv_lidar
[2.612s] copying /home/bluelule/ugv_project/ros2_ws/build/ugv_lidar/build/lib/ugv_lidar/lidar_processor.py -> /home/bluelule/ugv_project/ros2_ws/install/ugv_lidar/lib/python3.10/site-packages/ugv_lidar
[2.613s] byte-compiling /home/bluelule/ugv_project/ros2_ws/install/ugv_lidar/lib/python3.10/site-packages/ugv_lidar/__init__.py to __init__.cpython-310.pyc
[2.614s] byte-compiling /home/bluelule/ugv_project/ros2_ws/install/ugv_lidar/lib/python3.10/site-packages/ugv_lidar/lidar_processor.py to lidar_processor.cpython-310.pyc
[2.614s] running install_data
[2.615s] copying resource/ugv_lidar -> /home/bluelule/ugv_project/ros2_ws/install/ugv_lidar/share/ament_index/resource_index/packages
[2.615s] copying package.xml -> /home/bluelule/ugv_project/ros2_ws/install/ugv_lidar/share/ugv_lidar
[2.615s] running install_egg_info
[2.619s] Copying ../../build/ugv_lidar/ugv_lidar.egg-info to /home/bluelule/ugv_project/ros2_ws/install/ugv_lidar/lib/python3.10/site-packages/ugv_lidar-0.0.0-py3.10.egg-info
[2.621s] running install_scripts
[2.657s] Installing lidar_processor script to /home/bluelule/ugv_project/ros2_ws/install/ugv_lidar/lib/ugv_lidar
[2.658s] writing list of installed files to '/home/bluelule/ugv_project/ros2_ws/build/ugv_lidar/install.log'
[2.719s] Invoked command in '/home/bluelule/ugv_project/ros2_ws/src/ugv_lidar' returned '0': PYTHONPATH=/home/bluelule/ugv_project/ros2_ws/build/ugv_lidar/prefix_override:/usr/lib/python3/dist-packages/colcon_core/task/python/colcon_distutils_commands:/home/bluelule/ugv_project/ros2_ws/install/ugv_lidar/lib/python3.10/site-packages:${PYTHONPATH} /usr/bin/python3 -W ignore:setup.py install is deprecated -W ignore:easy_install command is deprecated setup.py egg_info --egg-base ../../build/ugv_lidar build --build-base /home/bluelule/ugv_project/ros2_ws/build/ugv_lidar/build install --record /home/bluelule/ugv_project/ros2_ws/build/ugv_lidar/install.log --single-version-externally-managed install_data --force
