[2.454s] Invoking command in '/home/bluelule/ugv_project/ros2_ws/src/ugv_serial_odom': PYTHONPATH=/home/bluelule/ugv_project/ros2_ws/build/ugv_serial_odom/prefix_override:/usr/lib/python3/dist-packages/colcon_core/task/python/colcon_distutils_commands:/home/bluelule/ugv_project/ros2_ws/install/ugv_serial_odom/lib/python3.10/site-packages:${PYTHONPATH} /usr/bin/python3 -W ignore:setup.py install is deprecated -W ignore:easy_install command is deprecated setup.py egg_info --egg-base ../../build/ugv_serial_odom build --build-base /home/bluelule/ugv_project/ros2_ws/build/ugv_serial_odom/build install --record /home/bluelule/ugv_project/ros2_ws/build/ugv_serial_odom/install.log --single-version-externally-managed install_data
[2.936s] running egg_info
[2.937s] writing ../../build/ugv_serial_odom/ugv_serial_odom.egg-info/PKG-INFO
[2.939s] writing dependency_links to ../../build/ugv_serial_odom/ugv_serial_odom.egg-info/dependency_links.txt
[2.939s] writing entry points to ../../build/ugv_serial_odom/ugv_serial_odom.egg-info/entry_points.txt
[2.939s] writing requirements to ../../build/ugv_serial_odom/ugv_serial_odom.egg-info/requires.txt
[2.940s] writing top-level names to ../../build/ugv_serial_odom/ugv_serial_odom.egg-info/top_level.txt
[2.944s] reading manifest file '../../build/ugv_serial_odom/ugv_serial_odom.egg-info/SOURCES.txt'
[2.945s] writing manifest file '../../build/ugv_serial_odom/ugv_serial_odom.egg-info/SOURCES.txt'
[2.946s] running build
[2.946s] running build_py
[2.950s] running install
[2.950s] running install_lib
[2.954s] running install_data
[2.954s] running install_egg_info
[2.958s] removing '/home/bluelule/ugv_project/ros2_ws/install/ugv_serial_odom/lib/python3.10/site-packages/ugv_serial_odom-0.0.0-py3.10.egg-info' (and everything under it)
[2.959s] Copying ../../build/ugv_serial_odom/ugv_serial_odom.egg-info to /home/bluelule/ugv_project/ros2_ws/install/ugv_serial_odom/lib/python3.10/site-packages/ugv_serial_odom-0.0.0-py3.10.egg-info
[2.961s] running install_scripts
[3.001s] Installing serial_odom script to /home/bluelule/ugv_project/ros2_ws/install/ugv_serial_odom/lib/ugv_serial_odom
[3.002s] writing list of installed files to '/home/bluelule/ugv_project/ros2_ws/build/ugv_serial_odom/install.log'
[3.078s] Invoked command in '/home/bluelule/ugv_project/ros2_ws/src/ugv_serial_odom' returned '0': PYTHONPATH=/home/bluelule/ugv_project/ros2_ws/build/ugv_serial_odom/prefix_override:/usr/lib/python3/dist-packages/colcon_core/task/python/colcon_distutils_commands:/home/bluelule/ugv_project/ros2_ws/install/ugv_serial_odom/lib/python3.10/site-packages:${PYTHONPATH} /usr/bin/python3 -W ignore:setup.py install is deprecated -W ignore:easy_install command is deprecated setup.py egg_info --egg-base ../../build/ugv_serial_odom build --build-base /home/bluelule/ugv_project/ros2_ws/build/ugv_serial_odom/build install --record /home/bluelule/ugv_project/ros2_ws/build/ugv_serial_odom/install.log --single-version-externally-managed install_data
