-- The C compiler identification is GNU 11.4.0
-- The CXX compiler identification is GNU 11.4.0
-- Detecting C compiler ABI info
-- Detecting C compiler ABI info - done
-- Check for working C compiler: /usr/bin/cc - skipped
-- Detecting C compile features
-- Detecting C compile features - done
-- Detecting CXX compiler ABI info
-- Detecting CXX compiler ABI info - done
-- Check for working CXX compiler: /usr/bin/c++ - skipped
-- Detecting CXX compile features
-- Detecting CXX compile features - done
-- Found ament_cmake: 1.3.12 (/opt/ros/humble/share/ament_cmake/cmake)
-- Found Python3: /usr/bin/python3 (found version "3.10.12") found components: Interpreter 
-- Found rclcpp: 16.0.17 (/opt/ros/humble/share/rclcpp/cmake)
-- Found rosidl_generator_c: 3.1.8 (/opt/ros/humble/share/rosidl_generator_c/cmake)
-- Found rosidl_adapter: 3.1.8 (/opt/ros/humble/share/rosidl_adapter/cmake)
-- Found rosidl_generator_cpp: 3.1.8 (/opt/ros/humble/share/rosidl_generator_cpp/cmake)
-- Using all available rosidl_typesupport_c: rosidl_typesupport_fastrtps_c;rosidl_typesupport_introspection_c
-- Using all available rosidl_typesupport_cpp: rosidl_typesupport_fastrtps_cpp;rosidl_typesupport_introspection_cpp
-- Found rmw_implementation_cmake: 6.1.2 (/opt/ros/humble/share/rmw_implementation_cmake/cmake)
-- Found rmw_fastrtps_cpp: 6.2.9 (/opt/ros/humble/share/rmw_fastrtps_cpp/cmake)
-- Found OpenSSL: /usr/lib/aarch64-linux-gnu/libcrypto.so (found version "3.0.2")  
-- Found FastRTPS: /opt/ros/humble/include  
-- Using RMW implementation 'rmw_fastrtps_cpp' as default
-- Looking for pthread.h
-- Looking for pthread.h - found
-- Performing Test CMAKE_HAVE_LIBC_PTHREAD
-- Performing Test CMAKE_HAVE_LIBC_PTHREAD - Success
-- Found Threads: TRUE  
-- Found sensor_msgs: 4.9.0 (/opt/ros/humble/share/sensor_msgs/cmake)
-- Found message_filters: 4.3.11 (/opt/ros/humble/share/message_filters/cmake)
-- Found rosidl_default_generators: 1.2.0 (/opt/ros/humble/share/rosidl_default_generators/cmake)
-- Found ament_cmake_ros: 0.10.0 (/opt/ros/humble/share/ament_cmake_ros/cmake)
-- Using all available rosidl_typesupport_c: rosidl_typesupport_fastrtps_c;rosidl_typesupport_introspection_c
-- Using all available rosidl_typesupport_cpp: rosidl_typesupport_fastrtps_cpp;rosidl_typesupport_introspection_cpp
-- Found PythonInterp: /usr/bin/python3 (found suitable version "3.10.12", minimum required is "3.6") 
-- Found python_cmake_module: 0.10.0 (/opt/ros/humble/share/python_cmake_module/cmake)
-- Found PythonLibs: /usr/lib/aarch64-linux-gnu/libpython3.10.so (found suitable version "3.10.12", minimum required is "3.5") 
-- Using PYTHON_EXECUTABLE: /usr/bin/python3
-- Using PYTHON_INCLUDE_DIRS: /usr/include/python3.10
-- Using PYTHON_LIBRARIES: /usr/lib/aarch64-linux-gnu/libpython3.10.so
-- Found PythonExtra: .so  
[0mCMake Deprecation Warning at /opt/ros/humble/share/rosidl_cmake/cmake/rosidl_target_interfaces.cmake:32 (message):
  Use rosidl_get_typesupport_target() and target_link_libraries() instead of
  rosidl_target_interfaces()
Call Stack (most recent call first):
  CMakeLists.txt:37 (rosidl_target_interfaces)

[0m
[0mCMake Deprecation Warning at /opt/ros/humble/share/rosidl_cmake/cmake/rosidl_target_interfaces.cmake:32 (message):
  Use rosidl_get_typesupport_target() and target_link_libraries() instead of
  rosidl_target_interfaces()
Call Stack (most recent call first):
  CMakeLists.txt:51 (rosidl_target_interfaces)

[0m
-- Configuring done
-- Generating done
-- Build files have been written to: /home/bluelule/ugv_project/ros2_ws/build/ugv_sensor_sync
[  2%] [34m[1mGenerating C code for ROS interfaces[0m
[  7%] [34m[1mGenerating C++ code for ROS interfaces[0m
[  7%] [32mBuilding CXX object CMakeFiles/clock_mapper.dir/src/clock_mapper.cpp.o[0m
[ 10%] [32mBuilding CXX object CMakeFiles/scan_time_corrector.dir/src/scan_time_corrector.cpp.o[0m
[ 10%] Built target ament_cmake_python_copy_ugv_sensor_sync
[ 10%] Built target ugv_sensor_sync__cpp
[ 15%] [34m[1mGenerating C++ type support dispatch for ROS interfaces[0m
[ 15%] [34m[1mGenerating C++ type support for eProsima Fast-RTPS[0m
running egg_info
creating ugv_sensor_sync.egg-info
writing ugv_sensor_sync.egg-info/PKG-INFO
writing dependency_links to ugv_sensor_sync.egg-info/dependency_links.txt
writing top-level names to ugv_sensor_sync.egg-info/top_level.txt
writing manifest file 'ugv_sensor_sync.egg-info/SOURCES.txt'
[ 17%] [32mBuilding C object CMakeFiles/ugv_sensor_sync__rosidl_generator_c.dir/rosidl_generator_c/ugv_sensor_sync/msg/detail/uwb_range__functions.c.o[0m
reading manifest file 'ugv_sensor_sync.egg-info/SOURCES.txt'
writing manifest file 'ugv_sensor_sync.egg-info/SOURCES.txt'
[ 17%] Built target ament_cmake_python_build_ugv_sensor_sync_egg
[01m[K/home/bluelule/ugv_project/ros2_ws/src/ugv_sensor_sync/src/clock_mapper.cpp:[m[K In member function ‘[01m[Kstd::pair<double, double> ugv_sensor_sync::ClockMapper::getFit() const[m[K’:
[01m[K/home/bluelule/ugv_project/ros2_ws/src/ugv_sensor_sync/src/clock_mapper.cpp:35:49:[m[K [01;36m[Knote: [m[Kparameter passing for argument of type ‘[01m[Kstd::pair<double, double>[m[K’ when C++17 is enabled changed to match C++14 ]8;;https://gcc.gnu.org/gcc-10/changes.html#empty_basein GCC 10.1]8;;
   35 | std::pair<double, double> ClockMapper::getFit() [01;36m[Kconst[m[K
      |                                                 [01;36m[K^~~~~[m[K
[ 20%] [34m[1mGenerating C++ introspection for ROS interfaces[0m
[ 23%] [32m[1mLinking C shared library libugv_sensor_sync__rosidl_generator_c.so[0m
[ 23%] Built target ugv_sensor_sync__rosidl_generator_c
[ 25%] [34m[1mGenerating C type support for eProsima Fast-RTPS[0m
[ 28%] [32m[1mLinking CXX static library libclock_mapper.a[0m
[ 30%] [32mBuilding CXX object CMakeFiles/ugv_sensor_sync__rosidl_typesupport_cpp.dir/rosidl_typesupport_cpp/ugv_sensor_sync/msg/uwb_range__type_support.cpp.o[0m
[ 33%] [32mBuilding CXX object CMakeFiles/ugv_sensor_sync__rosidl_typesupport_fastrtps_cpp.dir/rosidl_typesupport_fastrtps_cpp/ugv_sensor_sync/msg/detail/dds_fastrtps/uwb_range__type_support.cpp.o[0m
[ 35%] [32mBuilding CXX object CMakeFiles/ugv_sensor_sync__rosidl_typesupport_introspection_cpp.dir/rosidl_typesupport_introspection_cpp/ugv_sensor_sync/msg/detail/uwb_range__type_support.cpp.o[0m
[ 35%] Built target clock_mapper
[ 38%] [34m[1mGenerating C introspection for ROS interfaces[0m
[ 41%] [32mBuilding CXX object CMakeFiles/ugv_sensor_sync__rosidl_typesupport_fastrtps_c.dir/rosidl_typesupport_fastrtps_c/ugv_sensor_sync/msg/detail/uwb_range__type_support_c.cpp.o[0m
[ 43%] [32m[1mLinking CXX shared library libugv_sensor_sync__rosidl_typesupport_cpp.so[0m
[ 43%] Built target ugv_sensor_sync__rosidl_typesupport_cpp
[ 46%] [34m[1mGenerating C type support dispatch for ROS interfaces[0m
[ 48%] [32mBuilding C object CMakeFiles/ugv_sensor_sync__rosidl_typesupport_introspection_c.dir/rosidl_typesupport_introspection_c/ugv_sensor_sync/msg/detail/uwb_range__type_support.c.o[0m
[ 51%] [32m[1mLinking C shared library libugv_sensor_sync__rosidl_typesupport_introspection_c.so[0m
[ 53%] [32m[1mLinking CXX shared library libugv_sensor_sync__rosidl_typesupport_introspection_cpp.so[0m
[ 56%] [32m[1mLinking CXX shared library libugv_sensor_sync__rosidl_typesupport_fastrtps_cpp.so[0m
[ 56%] Built target ugv_sensor_sync__rosidl_typesupport_introspection_c
[ 58%] [32m[1mLinking CXX shared library libugv_sensor_sync__rosidl_typesupport_fastrtps_c.so[0m
[ 58%] Built target ugv_sensor_sync__rosidl_typesupport_introspection_cpp
[ 58%] Built target ugv_sensor_sync__rosidl_typesupport_fastrtps_cpp
[ 61%] [32mBuilding CXX object CMakeFiles/ugv_sensor_sync__rosidl_typesupport_c.dir/rosidl_typesupport_c/ugv_sensor_sync/msg/uwb_range__type_support.cpp.o[0m
[ 61%] Built target ugv_sensor_sync__rosidl_typesupport_fastrtps_c
[ 64%] [32m[1mLinking CXX shared library libugv_sensor_sync__rosidl_typesupport_c.so[0m
[ 64%] Built target ugv_sensor_sync__rosidl_typesupport_c
[ 64%] Built target ugv_sensor_sync
[ 69%] [32mBuilding CXX object CMakeFiles/planner_sync_node.dir/src/planner_sync_node.cpp.o[0m
[ 69%] [34m[1mGenerating Python code for ROS interfaces[0m
[ 71%] [32mBuilding CXX object CMakeFiles/uwb_time_bridge.dir/src/uwb_time_bridge.cpp.o[0m
[ 71%] Built target ugv_sensor_sync__py
[ 74%] [32mBuilding C object CMakeFiles/ugv_sensor_sync__rosidl_generator_py.dir/rosidl_generator_py/ugv_sensor_sync/msg/_uwb_range_s.c.o[0m
[ 76%] [32m[1mLinking C shared library rosidl_generator_py/ugv_sensor_sync/libugv_sensor_sync__rosidl_generator_py.so[0m
[ 76%] Built target ugv_sensor_sync__rosidl_generator_py
[ 82%] [32mBuilding C object CMakeFiles/ugv_sensor_sync__rosidl_typesupport_fastrtps_c__pyext.dir/rosidl_generator_py/ugv_sensor_sync/_ugv_sensor_sync_s.ep.rosidl_typesupport_fastrtps_c.c.o[0m
[ 84%] [32mBuilding C object CMakeFiles/ugv_sensor_sync__rosidl_typesupport_c__pyext.dir/rosidl_generator_py/ugv_sensor_sync/_ugv_sensor_sync_s.ep.rosidl_typesupport_c.c.o[0m
[ 84%] [32mBuilding C object CMakeFiles/ugv_sensor_sync__rosidl_typesupport_introspection_c__pyext.dir/rosidl_generator_py/ugv_sensor_sync/_ugv_sensor_sync_s.ep.rosidl_typesupport_introspection_c.c.o[0m
[ 89%] [32m[1mLinking C shared library rosidl_generator_py/ugv_sensor_sync/ugv_sensor_sync_s__rosidl_typesupport_fastrtps_c.cpython-310-aarch64-linux-gnu.so[0m
[ 89%] [32m[1mLinking C shared library rosidl_generator_py/ugv_sensor_sync/ugv_sensor_sync_s__rosidl_typesupport_introspection_c.cpython-310-aarch64-linux-gnu.so[0m
[ 92%] [32m[1mLinking C shared library rosidl_generator_py/ugv_sensor_sync/ugv_sensor_sync_s__rosidl_typesupport_c.cpython-310-aarch64-linux-gnu.so[0m
[ 92%] Built target ugv_sensor_sync__rosidl_typesupport_fastrtps_c__pyext
[ 92%] Built target ugv_sensor_sync__rosidl_typesupport_c__pyext
[ 92%] Built target ugv_sensor_sync__rosidl_typesupport_introspection_c__pyext
[01m[K/home/bluelule/ugv_project/ros2_ws/src/ugv_sensor_sync/src/uwb_time_bridge.cpp:[m[K In member function ‘[01m[Kvoid UwbTimeBridge::statusTimer()[m[K’:
[01m[K/home/bluelule/ugv_project/ros2_ws/src/ugv_sensor_sync/src/uwb_time_bridge.cpp:98:31:[m[K [01;36m[Knote: [m[Kparameter passing for argument of type ‘[01m[Kstd::pair<double, double>[m[K’ when C++17 is enabled changed to match C++14 ]8;;https://gcc.gnu.org/gcc-10/changes.html#empty_basein GCC 10.1]8;;
   98 |     auto fit = mapper_.getFit([01;36m[K)[m[K;
      |                               [01;36m[K^[m[K
[ 94%] [32m[1mLinking CXX executable scan_time_corrector[0m
[ 94%] Built target scan_time_corrector
[ 97%] [32m[1mLinking CXX executable uwb_time_bridge[0m
[ 97%] Built target uwb_time_bridge
[100%] [32m[1mLinking CXX executable planner_sync_node[0m
[100%] Built target planner_sync_node
-- Install configuration: ""
-- Installing: /home/bluelule/ugv_project/ros2_ws/install/ugv_sensor_sync/share/ament_index/resource_index/rosidl_interfaces/ugv_sensor_sync
-- Installing: /home/bluelule/ugv_project/ros2_ws/install/ugv_sensor_sync/include/ugv_sensor_sync/ugv_sensor_sync
-- Installing: /home/bluelule/ugv_project/ros2_ws/install/ugv_sensor_sync/include/ugv_sensor_sync/ugv_sensor_sync/msg
-- Installing: /home/bluelule/ugv_project/ros2_ws/install/ugv_sensor_sync/include/ugv_sensor_sync/ugv_sensor_sync/msg/detail
-- Installing: /home/bluelule/ugv_project/ros2_ws/install/ugv_sensor_sync/include/ugv_sensor_sync/ugv_sensor_sync/msg/detail/uwb_range__struct.h
-- Installing: /home/bluelule/ugv_project/ros2_ws/install/ugv_sensor_sync/include/ugv_sensor_sync/ugv_sensor_sync/msg/detail/uwb_range__functions.h
-- Installing: /home/bluelule/ugv_project/ros2_ws/install/ugv_sensor_sync/include/ugv_sensor_sync/ugv_sensor_sync/msg/detail/uwb_range__type_support.h
-- Installing: /home/bluelule/ugv_project/ros2_ws/install/ugv_sensor_sync/include/ugv_sensor_sync/ugv_sensor_sync/msg/detail/uwb_range__functions.c
-- Installing: /home/bluelule/ugv_project/ros2_ws/install/ugv_sensor_sync/include/ugv_sensor_sync/ugv_sensor_sync/msg/uwb_range.h
-- Installing: /home/bluelule/ugv_project/ros2_ws/install/ugv_sensor_sync/include/ugv_sensor_sync/ugv_sensor_sync/msg/rosidl_generator_c__visibility_control.h
-- Installing: /home/bluelule/ugv_project/ros2_ws/install/ugv_sensor_sync/share/ugv_sensor_sync/environment/library_path.sh
-- Installing: /home/bluelule/ugv_project/ros2_ws/install/ugv_sensor_sync/share/ugv_sensor_sync/environment/library_path.dsv
-- Installing: /home/bluelule/ugv_project/ros2_ws/install/ugv_sensor_sync/lib/libugv_sensor_sync__rosidl_generator_c.so
-- Set runtime path of "/home/bluelule/ugv_project/ros2_ws/install/ugv_sensor_sync/lib/libugv_sensor_sync__rosidl_generator_c.so" to ""
-- Up-to-date: /home/bluelule/ugv_project/ros2_ws/install/ugv_sensor_sync/include/ugv_sensor_sync/ugv_sensor_sync
-- Up-to-date: /home/bluelule/ugv_project/ros2_ws/install/ugv_sensor_sync/include/ugv_sensor_sync/ugv_sensor_sync/msg
-- Up-to-date: /home/bluelule/ugv_project/ros2_ws/install/ugv_sensor_sync/include/ugv_sensor_sync/ugv_sensor_sync/msg/detail
-- Installing: /home/bluelule/ugv_project/ros2_ws/install/ugv_sensor_sync/include/ugv_sensor_sync/ugv_sensor_sync/msg/detail/uwb_range__rosidl_typesupport_fastrtps_c.h
-- Installing: /home/bluelule/ugv_project/ros2_ws/install/ugv_sensor_sync/include/ugv_sensor_sync/ugv_sensor_sync/msg/rosidl_typesupport_fastrtps_c__visibility_control.h
-- Installing: /home/bluelule/ugv_project/ros2_ws/install/ugv_sensor_sync/lib/libugv_sensor_sync__rosidl_typesupport_fastrtps_c.so
-- Set runtime path of "/home/bluelule/ugv_project/ros2_ws/install/ugv_sensor_sync/lib/libugv_sensor_sync__rosidl_typesupport_fastrtps_c.so" to ""
-- Up-to-date: /home/bluelule/ugv_project/ros2_ws/install/ugv_sensor_sync/include/ugv_sensor_sync/ugv_sensor_sync
-- Up-to-date: /home/bluelule/ugv_project/ros2_ws/install/ugv_sensor_sync/include/ugv_sensor_sync/ugv_sensor_sync/msg
-- Up-to-date: /home/bluelule/ugv_project/ros2_ws/install/ugv_sensor_sync/include/ugv_sensor_sync/ugv_sensor_sync/msg/detail
-- Installing: /home/bluelule/ugv_project/ros2_ws/install/ugv_sensor_sync/include/ugv_sensor_sync/ugv_sensor_sync/msg/detail/uwb_range__traits.hpp
-- Installing: /home/bluelule/ugv_project/ros2_ws/install/ugv_sensor_sync/include/ugv_sensor_sync/ugv_sensor_sync/msg/detail/uwb_range__struct.hpp
-- Installing: /home/bluelule/ugv_project/ros2_ws/install/ugv_sensor_sync/include/ugv_sensor_sync/ugv_sensor_sync/msg/detail/uwb_range__builder.hpp
-- Installing: /home/bluelule/ugv_project/ros2_ws/install/ugv_sensor_sync/include/ugv_sensor_sync/ugv_sensor_sync/msg/detail/uwb_range__type_support.hpp
-- Installing: /home/bluelule/ugv_project/ros2_ws/install/ugv_sensor_sync/include/ugv_sensor_sync/ugv_sensor_sync/msg/uwb_range.hpp
-- Installing: /home/bluelule/ugv_project/ros2_ws/install/ugv_sensor_sync/include/ugv_sensor_sync/ugv_sensor_sync/msg/rosidl_generator_cpp__visibility_control.hpp
-- Up-to-date: /home/bluelule/ugv_project/ros2_ws/install/ugv_sensor_sync/include/ugv_sensor_sync/ugv_sensor_sync
-- Up-to-date: /home/bluelule/ugv_project/ros2_ws/install/ugv_sensor_sync/include/ugv_sensor_sync/ugv_sensor_sync/msg
-- Up-to-date: /home/bluelule/ugv_project/ros2_ws/install/ugv_sensor_sync/include/ugv_sensor_sync/ugv_sensor_sync/msg/detail
-- Installing: /home/bluelule/ugv_project/ros2_ws/install/ugv_sensor_sync/include/ugv_sensor_sync/ugv_sensor_sync/msg/detail/uwb_range__rosidl_typesupport_fastrtps_cpp.hpp
-- Installing: /home/bluelule/ugv_project/ros2_ws/install/ugv_sensor_sync/include/ugv_sensor_sync/ugv_sensor_sync/msg/detail/dds_fastrtps
-- Installing: /home/bluelule/ugv_project/ros2_ws/install/ugv_sensor_sync/include/ugv_sensor_sync/ugv_sensor_sync/msg/rosidl_typesupport_fastrtps_cpp__visibility_control.h
-- Installing: /home/bluelule/ugv_project/ros2_ws/install/ugv_sensor_sync/lib/libugv_sensor_sync__rosidl_typesupport_fastrtps_cpp.so
-- Set runtime path of "/home/bluelule/ugv_project/ros2_ws/install/ugv_sensor_sync/lib/libugv_sensor_sync__rosidl_typesupport_fastrtps_cpp.so" to ""
-- Up-to-date: /home/bluelule/ugv_project/ros2_ws/install/ugv_sensor_sync/include/ugv_sensor_sync/ugv_sensor_sync
-- Up-to-date: /home/bluelule/ugv_project/ros2_ws/install/ugv_sensor_sync/include/ugv_sensor_sync/ugv_sensor_sync/msg
-- Up-to-date: /home/bluelule/ugv_project/ros2_ws/install/ugv_sensor_sync/include/ugv_sensor_sync/ugv_sensor_sync/msg/detail
-- Installing: /home/bluelule/ugv_project/ros2_ws/install/ugv_sensor_sync/include/ugv_sensor_sync/ugv_sensor_sync/msg/detail/uwb_range__rosidl_typesupport_introspection_c.h
-- Installing: /home/bluelule/ugv_project/ros2_ws/install/ugv_sensor_sync/include/ugv_sensor_sync/ugv_sensor_sync/msg/detail/uwb_range__type_support.c
-- Installing: /home/bluelule/ugv_project/ros2_ws/install/ugv_sensor_sync/include/ugv_sensor_sync/ugv_sensor_sync/msg/rosidl_typesupport_introspection_c__visibility_control.h
-- Installing: /home/bluelule/ugv_project/ros2_ws/install/ugv_sensor_sync/lib/libugv_sensor_sync__rosidl_typesupport_introspection_c.so
-- Set runtime path of "/home/bluelule/ugv_project/ros2_ws/install/ugv_sensor_sync/lib/libugv_sensor_sync__rosidl_typesupport_introspection_c.so" to ""
-- Installing: /home/bluelule/ugv_project/ros2_ws/install/ugv_sensor_sync/lib/libugv_sensor_sync__rosidl_typesupport_c.so
-- Set runtime path of "/home/bluelule/ugv_project/ros2_ws/install/ugv_sensor_sync/lib/libugv_sensor_sync__rosidl_typesupport_c.so" to ""
-- Up-to-date: /home/bluelule/ugv_project/ros2_ws/install/ugv_sensor_sync/include/ugv_sensor_sync/ugv_sensor_sync
-- Up-to-date: /home/bluelule/ugv_project/ros2_ws/install/ugv_sensor_sync/include/ugv_sensor_sync/ugv_sensor_sync/msg
-- Up-to-date: /home/bluelule/ugv_project/ros2_ws/install/ugv_sensor_sync/include/ugv_sensor_sync/ugv_sensor_sync/msg/detail
-- Installing: /home/bluelule/ugv_project/ros2_ws/install/ugv_sensor_sync/include/ugv_sensor_sync/ugv_sensor_sync/msg/detail/uwb_range__rosidl_typesupport_introspection_cpp.hpp
-- Installing: /home/bluelule/ugv_project/ros2_ws/install/ugv_sensor_sync/include/ugv_sensor_sync/ugv_sensor_sync/msg/detail/uwb_range__type_support.cpp
-- Installing: /home/bluelule/ugv_project/ros2_ws/install/ugv_sensor_sync/lib/libugv_sensor_sync__rosidl_typesupport_introspection_cpp.so
-- Set runtime path of "/home/bluelule/ugv_project/ros2_ws/install/ugv_sensor_sync/lib/libugv_sensor_sync__rosidl_typesupport_introspection_cpp.so" to ""
-- Installing: /home/bluelule/ugv_project/ros2_ws/install/ugv_sensor_sync/lib/libugv_sensor_sync__rosidl_typesupport_cpp.so
-- Set runtime path of "/home/bluelule/ugv_project/ros2_ws/install/ugv_sensor_sync/lib/libugv_sensor_sync__rosidl_typesupport_cpp.so" to ""
-- Installing: /home/bluelule/ugv_project/ros2_ws/install/ugv_sensor_sync/share/ugv_sensor_sync/environment/pythonpath.sh
-- Installing: /home/bluelule/ugv_project/ros2_ws/install/ugv_sensor_sync/share/ugv_sensor_sync/environment/pythonpath.dsv
-- Installing: /home/bluelule/ugv_project/ros2_ws/install/ugv_sensor_sync/local/lib/python3.10/dist-packages/ugv_sensor_sync-0.0.1-py3.10.egg-info
-- Installing: /home/bluelule/ugv_project/ros2_ws/install/ugv_sensor_sync/local/lib/python3.10/dist-packages/ugv_sensor_sync-0.0.1-py3.10.egg-info/SOURCES.txt
-- Installing: /home/bluelule/ugv_project/ros2_ws/install/ugv_sensor_sync/local/lib/python3.10/dist-packages/ugv_sensor_sync-0.0.1-py3.10.egg-info/top_level.txt
-- Installing: /home/bluelule/ugv_project/ros2_ws/install/ugv_sensor_sync/local/lib/python3.10/dist-packages/ugv_sensor_sync-0.0.1-py3.10.egg-info/PKG-INFO
-- Installing: /home/bluelule/ugv_project/ros2_ws/install/ugv_sensor_sync/local/lib/python3.10/dist-packages/ugv_sensor_sync-0.0.1-py3.10.egg-info/dependency_links.txt
-- Installing: /home/bluelule/ugv_project/ros2_ws/install/ugv_sensor_sync/local/lib/python3.10/dist-packages/ugv_sensor_sync
-- Installing: /home/bluelule/ugv_project/ros2_ws/install/ugv_sensor_sync/local/lib/python3.10/dist-packages/ugv_sensor_sync/msg
-- Installing: /home/bluelule/ugv_project/ros2_ws/install/ugv_sensor_sync/local/lib/python3.10/dist-packages/ugv_sensor_sync/msg/__init__.py
-- Installing: /home/bluelule/ugv_project/ros2_ws/install/ugv_sensor_sync/local/lib/python3.10/dist-packages/ugv_sensor_sync/msg/_uwb_range_s.c
-- Installing: /home/bluelule/ugv_project/ros2_ws/install/ugv_sensor_sync/local/lib/python3.10/dist-packages/ugv_sensor_sync/msg/_uwb_range.py
-- Installing: /home/bluelule/ugv_project/ros2_ws/install/ugv_sensor_sync/local/lib/python3.10/dist-packages/ugv_sensor_sync/ugv_sensor_sync_s__rosidl_typesupport_introspection_c.cpython-310-aarch64-linux-gnu.so
-- Installing: /home/bluelule/ugv_project/ros2_ws/install/ugv_sensor_sync/local/lib/python3.10/dist-packages/ugv_sensor_sync/__init__.py
-- Installing: /home/bluelule/ugv_project/ros2_ws/install/ugv_sensor_sync/local/lib/python3.10/dist-packages/ugv_sensor_sync/_ugv_sensor_sync_s.ep.rosidl_typesupport_fastrtps_c.c
-- Installing: /home/bluelule/ugv_project/ros2_ws/install/ugv_sensor_sync/local/lib/python3.10/dist-packages/ugv_sensor_sync/ugv_sensor_sync_s__rosidl_typesupport_c.cpython-310-aarch64-linux-gnu.so
-- Installing: /home/bluelule/ugv_project/ros2_ws/install/ugv_sensor_sync/local/lib/python3.10/dist-packages/ugv_sensor_sync/_ugv_sensor_sync_s.ep.rosidl_typesupport_introspection_c.c
-- Installing: /home/bluelule/ugv_project/ros2_ws/install/ugv_sensor_sync/local/lib/python3.10/dist-packages/ugv_sensor_sync/libugv_sensor_sync__rosidl_generator_py.so
-- Installing: /home/bluelule/ugv_project/ros2_ws/install/ugv_sensor_sync/local/lib/python3.10/dist-packages/ugv_sensor_sync/ugv_sensor_sync_s__rosidl_typesupport_fastrtps_c.cpython-310-aarch64-linux-gnu.so
-- Installing: /home/bluelule/ugv_project/ros2_ws/install/ugv_sensor_sync/local/lib/python3.10/dist-packages/ugv_sensor_sync/_ugv_sensor_sync_s.ep.rosidl_typesupport_c.c
Listing '/home/bluelule/ugv_project/ros2_ws/install/ugv_sensor_sync/local/lib/python3.10/dist-packages/ugv_sensor_sync'...
Compiling '/home/bluelule/ugv_project/ros2_ws/install/ugv_sensor_sync/local/lib/python3.10/dist-packages/ugv_sensor_sync/__init__.py'...
Listing '/home/bluelule/ugv_project/ros2_ws/install/ugv_sensor_sync/local/lib/python3.10/dist-packages/ugv_sensor_sync/msg'...
Compiling '/home/bluelule/ugv_project/ros2_ws/install/ugv_sensor_sync/local/lib/python3.10/dist-packages/ugv_sensor_sync/msg/__init__.py'...
Compiling '/home/bluelule/ugv_project/ros2_ws/install/ugv_sensor_sync/local/lib/python3.10/dist-packages/ugv_sensor_sync/msg/_uwb_range.py'...
-- Installing: /home/bluelule/ugv_project/ros2_ws/install/ugv_sensor_sync/local/lib/python3.10/dist-packages/ugv_sensor_sync/ugv_sensor_sync_s__rosidl_typesupport_fastrtps_c.cpython-310-aarch64-linux-gnu.so
-- Set runtime path of "/home/bluelule/ugv_project/ros2_ws/install/ugv_sensor_sync/local/lib/python3.10/dist-packages/ugv_sensor_sync/ugv_sensor_sync_s__rosidl_typesupport_fastrtps_c.cpython-310-aarch64-linux-gnu.so" to ""
-- Installing: /home/bluelule/ugv_project/ros2_ws/install/ugv_sensor_sync/local/lib/python3.10/dist-packages/ugv_sensor_sync/ugv_sensor_sync_s__rosidl_typesupport_introspection_c.cpython-310-aarch64-linux-gnu.so
-- Set runtime path of "/home/bluelule/ugv_project/ros2_ws/install/ugv_sensor_sync/local/lib/python3.10/dist-packages/ugv_sensor_sync/ugv_sensor_sync_s__rosidl_typesupport_introspection_c.cpython-310-aarch64-linux-gnu.so" to ""
-- Installing: /home/bluelule/ugv_project/ros2_ws/install/ugv_sensor_sync/local/lib/python3.10/dist-packages/ugv_sensor_sync/ugv_sensor_sync_s__rosidl_typesupport_c.cpython-310-aarch64-linux-gnu.so
-- Set runtime path of "/home/bluelule/ugv_project/ros2_ws/install/ugv_sensor_sync/local/lib/python3.10/dist-packages/ugv_sensor_sync/ugv_sensor_sync_s__rosidl_typesupport_c.cpython-310-aarch64-linux-gnu.so" to ""
-- Installing: /home/bluelule/ugv_project/ros2_ws/install/ugv_sensor_sync/lib/libugv_sensor_sync__rosidl_generator_py.so
-- Set runtime path of "/home/bluelule/ugv_project/ros2_ws/install/ugv_sensor_sync/lib/libugv_sensor_sync__rosidl_generator_py.so" to ""
-- Installing: /home/bluelule/ugv_project/ros2_ws/install/ugv_sensor_sync/share/ugv_sensor_sync/msg/UwbRange.idl
-- Installing: /home/bluelule/ugv_project/ros2_ws/install/ugv_sensor_sync/share/ugv_sensor_sync/msg/UwbRange.msg
-- Installing: /home/bluelule/ugv_project/ros2_ws/install/ugv_sensor_sync/lib/ugv_sensor_sync/uwb_time_bridge
-- Set runtime path of "/home/bluelule/ugv_project/ros2_ws/install/ugv_sensor_sync/lib/ugv_sensor_sync/uwb_time_bridge" to ""
-- Installing: /home/bluelule/ugv_project/ros2_ws/install/ugv_sensor_sync/lib/ugv_sensor_sync/scan_time_corrector
-- Set runtime path of "/home/bluelule/ugv_project/ros2_ws/install/ugv_sensor_sync/lib/ugv_sensor_sync/scan_time_corrector" to ""
-- Installing: /home/bluelule/ugv_project/ros2_ws/install/ugv_sensor_sync/lib/ugv_sensor_sync/planner_sync_node
-- Set runtime path of "/home/bluelule/ugv_project/ros2_ws/install/ugv_sensor_sync/lib/ugv_sensor_sync/planner_sync_node" to ""
-- Up-to-date: /home/bluelule/ugv_project/ros2_ws/install/ugv_sensor_sync/include/
-- Up-to-date: /home/bluelule/ugv_project/ros2_ws/install/ugv_sensor_sync/include//ugv_sensor_sync
-- Installing: /home/bluelule/ugv_project/ros2_ws/install/ugv_sensor_sync/include//ugv_sensor_sync/clock_mapper.hpp
-- Installing: /home/bluelule/ugv_project/ros2_ws/install/ugv_sensor_sync/share/ament_index/resource_index/package_run_dependencies/ugv_sensor_sync
-- Installing: /home/bluelule/ugv_project/ros2_ws/install/ugv_sensor_sync/share/ament_index/resource_index/parent_prefix_path/ugv_sensor_sync
-- Installing: /home/bluelule/ugv_project/ros2_ws/install/ugv_sensor_sync/share/ugv_sensor_sync/environment/ament_prefix_path.sh
-- Installing: /home/bluelule/ugv_project/ros2_ws/install/ugv_sensor_sync/share/ugv_sensor_sync/environment/ament_prefix_path.dsv
-- Installing: /home/bluelule/ugv_project/ros2_ws/install/ugv_sensor_sync/share/ugv_sensor_sync/environment/path.sh
-- Installing: /home/bluelule/ugv_project/ros2_ws/install/ugv_sensor_sync/share/ugv_sensor_sync/environment/path.dsv
-- Installing: /home/bluelule/ugv_project/ros2_ws/install/ugv_sensor_sync/share/ugv_sensor_sync/local_setup.bash
-- Installing: /home/bluelule/ugv_project/ros2_ws/install/ugv_sensor_sync/share/ugv_sensor_sync/local_setup.sh
-- Installing: /home/bluelule/ugv_project/ros2_ws/install/ugv_sensor_sync/share/ugv_sensor_sync/local_setup.zsh
-- Installing: /home/bluelule/ugv_project/ros2_ws/install/ugv_sensor_sync/share/ugv_sensor_sync/local_setup.dsv
-- Installing: /home/bluelule/ugv_project/ros2_ws/install/ugv_sensor_sync/share/ugv_sensor_sync/package.dsv
-- Installing: /home/bluelule/ugv_project/ros2_ws/install/ugv_sensor_sync/share/ament_index/resource_index/packages/ugv_sensor_sync
-- Installing: /home/bluelule/ugv_project/ros2_ws/install/ugv_sensor_sync/share/ugv_sensor_sync/cmake/export_ugv_sensor_sync__rosidl_generator_cExport.cmake
-- Installing: /home/bluelule/ugv_project/ros2_ws/install/ugv_sensor_sync/share/ugv_sensor_sync/cmake/export_ugv_sensor_sync__rosidl_generator_cExport-noconfig.cmake
-- Installing: /home/bluelule/ugv_project/ros2_ws/install/ugv_sensor_sync/share/ugv_sensor_sync/cmake/export_ugv_sensor_sync__rosidl_typesupport_fastrtps_cExport.cmake
-- Installing: /home/bluelule/ugv_project/ros2_ws/install/ugv_sensor_sync/share/ugv_sensor_sync/cmake/export_ugv_sensor_sync__rosidl_typesupport_fastrtps_cExport-noconfig.cmake
-- Installing: /home/bluelule/ugv_project/ros2_ws/install/ugv_sensor_sync/share/ugv_sensor_sync/cmake/export_ugv_sensor_sync__rosidl_generator_cppExport.cmake
-- Installing: /home/bluelule/ugv_project/ros2_ws/install/ugv_sensor_sync/share/ugv_sensor_sync/cmake/export_ugv_sensor_sync__rosidl_typesupport_fastrtps_cppExport.cmake
-- Installing: /home/bluelule/ugv_project/ros2_ws/install/ugv_sensor_sync/share/ugv_sensor_sync/cmake/export_ugv_sensor_sync__rosidl_typesupport_fastrtps_cppExport-noconfig.cmake
-- Installing: /home/bluelule/ugv_project/ros2_ws/install/ugv_sensor_sync/share/ugv_sensor_sync/cmake/ugv_sensor_sync__rosidl_typesupport_introspection_cExport.cmake
-- Installing: /home/bluelule/ugv_project/ros2_ws/install/ugv_sensor_sync/share/ugv_sensor_sync/cmake/ugv_sensor_sync__rosidl_typesupport_introspection_cExport-noconfig.cmake
-- Installing: /home/bluelule/ugv_project/ros2_ws/install/ugv_sensor_sync/share/ugv_sensor_sync/cmake/ugv_sensor_sync__rosidl_typesupport_cExport.cmake
-- Installing: /home/bluelule/ugv_project/ros2_ws/install/ugv_sensor_sync/share/ugv_sensor_sync/cmake/ugv_sensor_sync__rosidl_typesupport_cExport-noconfig.cmake
-- Installing: /home/bluelule/ugv_project/ros2_ws/install/ugv_sensor_sync/share/ugv_sensor_sync/cmake/ugv_sensor_sync__rosidl_typesupport_introspection_cppExport.cmake
-- Installing: /home/bluelule/ugv_project/ros2_ws/install/ugv_sensor_sync/share/ugv_sensor_sync/cmake/ugv_sensor_sync__rosidl_typesupport_introspection_cppExport-noconfig.cmake
-- Installing: /home/bluelule/ugv_project/ros2_ws/install/ugv_sensor_sync/share/ugv_sensor_sync/cmake/ugv_sensor_sync__rosidl_typesupport_cppExport.cmake
-- Installing: /home/bluelule/ugv_project/ros2_ws/install/ugv_sensor_sync/share/ugv_sensor_sync/cmake/ugv_sensor_sync__rosidl_typesupport_cppExport-noconfig.cmake
-- Installing: /home/bluelule/ugv_project/ros2_ws/install/ugv_sensor_sync/share/ugv_sensor_sync/cmake/export_ugv_sensor_sync__rosidl_generator_pyExport.cmake
-- Installing: /home/bluelule/ugv_project/ros2_ws/install/ugv_sensor_sync/share/ugv_sensor_sync/cmake/export_ugv_sensor_sync__rosidl_generator_pyExport-noconfig.cmake
-- Installing: /home/bluelule/ugv_project/ros2_ws/install/ugv_sensor_sync/share/ugv_sensor_sync/cmake/rosidl_cmake-extras.cmake
-- Installing: /home/bluelule/ugv_project/ros2_ws/install/ugv_sensor_sync/share/ugv_sensor_sync/cmake/ament_cmake_export_dependencies-extras.cmake
-- Installing: /home/bluelule/ugv_project/ros2_ws/install/ugv_sensor_sync/share/ugv_sensor_sync/cmake/ament_cmake_export_include_directories-extras.cmake
-- Installing: /home/bluelule/ugv_project/ros2_ws/install/ugv_sensor_sync/share/ugv_sensor_sync/cmake/ament_cmake_export_libraries-extras.cmake
-- Installing: /home/bluelule/ugv_project/ros2_ws/install/ugv_sensor_sync/share/ugv_sensor_sync/cmake/ament_cmake_export_targets-extras.cmake
-- Installing: /home/bluelule/ugv_project/ros2_ws/install/ugv_sensor_sync/share/ugv_sensor_sync/cmake/rosidl_cmake_export_typesupport_targets-extras.cmake
-- Installing: /home/bluelule/ugv_project/ros2_ws/install/ugv_sensor_sync/share/ugv_sensor_sync/cmake/rosidl_cmake_export_typesupport_libraries-extras.cmake
-- Installing: /home/bluelule/ugv_project/ros2_ws/install/ugv_sensor_sync/share/ugv_sensor_sync/cmake/ugv_sensor_syncConfig.cmake
-- Installing: /home/bluelule/ugv_project/ros2_ws/install/ugv_sensor_sync/share/ugv_sensor_sync/cmake/ugv_sensor_syncConfig-version.cmake
-- Installing: /home/bluelule/ugv_project/ros2_ws/install/ugv_sensor_sync/share/ugv_sensor_sync/package.xml
