[1.583s] Invoking command in '/home/bluelule/ugv_project/ros2_ws/build/ugv_sim': CMAKE_PREFIX_PATH=${CMAKE_PREFIX_PATH}:/home/bluelule/ugv_ws_albert/install/ugv_perception:/home/bluelule/ugv_ws_albert/install/ugv_nav:/home/bluelule/ugv_ws_albert/install/ugv_autonomy:/home/bluelule/ugv_project/ros2_ws/install/ugv_serial_odom:/home/bluelule/ugv_project/ros2_ws/install/ugv_perception:/home/bluelule/ugv_project/ros2_ws/install/ugv_lidar:/opt/ros/humble /usr/bin/cmake /home/bluelule/ugv_project/ros2_ws/src/ugv_sim -DCMAKE_INSTALL_PREFIX=/home/bluelule/ugv_project/ros2_ws/install/ugv_sim
[1.733s] -- The C compiler identification is GNU 11.4.0
[1.860s] -- The CXX compiler identification is GNU 11.4.0
[1.874s] -- Detecting C compiler ABI info
[2.009s] -- Detecting C compiler ABI info - done
[2.020s] -- Check for working C compiler: /usr/bin/cc - skipped
[2.021s] -- Detecting C compile features
[2.021s] -- Detecting C compile features - done
[2.027s] -- Detecting CXX compiler ABI info
[2.181s] -- Detecting CXX compiler ABI info - done
[2.192s] -- Check for working CXX compiler: /usr/bin/c++ - skipped
[2.193s] -- Detecting CXX compile features
[2.194s] -- Detecting CXX compile features - done
[2.203s] -- Found ament_cmake: 1.3.12 (/opt/ros/humble/share/ament_cmake/cmake)
[2.547s] -- Found Python3: /usr/bin/python3 (found version "3.10.12") found components: Interpreter 
[2.789s] -- Found ament_lint_auto: 0.12.14 (/opt/ros/humble/share/ament_lint_auto/cmake)
[2.972s] -- Added test 'lint_cmake' to check CMake code style
[2.975s] -- Added test 'xmllint' to check XML markup files
[2.979s] -- Configuring done
[2.985s] -- Generating done
[2.989s] -- Build files have been written to: /home/bluelule/ugv_project/ros2_ws/build/ugv_sim
[3.002s] Invoked command in '/home/bluelule/ugv_project/ros2_ws/build/ugv_sim' returned '0': CMAKE_PREFIX_PATH=${CMAKE_PREFIX_PATH}:/home/bluelule/ugv_ws_albert/install/ugv_perception:/home/bluelule/ugv_ws_albert/install/ugv_nav:/home/bluelule/ugv_ws_albert/install/ugv_autonomy:/home/bluelule/ugv_project/ros2_ws/install/ugv_serial_odom:/home/bluelule/ugv_project/ros2_ws/install/ugv_perception:/home/bluelule/ugv_project/ros2_ws/install/ugv_lidar:/opt/ros/humble /usr/bin/cmake /home/bluelule/ugv_project/ros2_ws/src/ugv_sim -DCMAKE_INSTALL_PREFIX=/home/bluelule/ugv_project/ros2_ws/install/ugv_sim
[3.003s] Invoking command in '/home/bluelule/ugv_project/ros2_ws/build/ugv_sim': CMAKE_PREFIX_PATH=${CMAKE_PREFIX_PATH}:/home/bluelule/ugv_ws_albert/install/ugv_perception:/home/bluelule/ugv_ws_albert/install/ugv_nav:/home/bluelule/ugv_ws_albert/install/ugv_autonomy:/home/bluelule/ugv_project/ros2_ws/install/ugv_serial_odom:/home/bluelule/ugv_project/ros2_ws/install/ugv_perception:/home/bluelule/ugv_project/ros2_ws/install/ugv_lidar:/opt/ros/humble /usr/bin/cmake --build /home/bluelule/ugv_project/ros2_ws/build/ugv_sim -- -j6 -l6
[3.082s] Invoked command in '/home/bluelule/ugv_project/ros2_ws/build/ugv_sim' returned '0': CMAKE_PREFIX_PATH=${CMAKE_PREFIX_PATH}:/home/bluelule/ugv_ws_albert/install/ugv_perception:/home/bluelule/ugv_ws_albert/install/ugv_nav:/home/bluelule/ugv_ws_albert/install/ugv_autonomy:/home/bluelule/ugv_project/ros2_ws/install/ugv_serial_odom:/home/bluelule/ugv_project/ros2_ws/install/ugv_perception:/home/bluelule/ugv_project/ros2_ws/install/ugv_lidar:/opt/ros/humble /usr/bin/cmake --build /home/bluelule/ugv_project/ros2_ws/build/ugv_sim -- -j6 -l6
[3.084s] Invoking command in '/home/bluelule/ugv_project/ros2_ws/build/ugv_sim': CMAKE_PREFIX_PATH=${CMAKE_PREFIX_PATH}:/home/bluelule/ugv_ws_albert/install/ugv_perception:/home/bluelule/ugv_ws_albert/install/ugv_nav:/home/bluelule/ugv_ws_albert/install/ugv_autonomy:/home/bluelule/ugv_project/ros2_ws/install/ugv_serial_odom:/home/bluelule/ugv_project/ros2_ws/install/ugv_perception:/home/bluelule/ugv_project/ros2_ws/install/ugv_lidar:/opt/ros/humble /usr/bin/cmake --install /home/bluelule/ugv_project/ros2_ws/build/ugv_sim
[3.099s] -- Install configuration: ""
[3.100s] -- Installing: /home/bluelule/ugv_project/ros2_ws/install/ugv_sim/share/ament_index/resource_index/package_run_dependencies/ugv_sim
[3.100s] -- Installing: /home/bluelule/ugv_project/ros2_ws/install/ugv_sim/share/ament_index/resource_index/parent_prefix_path/ugv_sim
[3.101s] -- Installing: /home/bluelule/ugv_project/ros2_ws/install/ugv_sim/share/ugv_sim/environment/ament_prefix_path.sh
[3.101s] -- Installing: /home/bluelule/ugv_project/ros2_ws/install/ugv_sim/share/ugv_sim/environment/ament_prefix_path.dsv
[3.101s] -- Installing: /home/bluelule/ugv_project/ros2_ws/install/ugv_sim/share/ugv_sim/environment/path.sh
[3.101s] -- Installing: /home/bluelule/ugv_project/ros2_ws/install/ugv_sim/share/ugv_sim/environment/path.dsv
[3.102s] -- Installing: /home/bluelule/ugv_project/ros2_ws/install/ugv_sim/share/ugv_sim/local_setup.bash
[3.102s] -- Installing: /home/bluelule/ugv_project/ros2_ws/install/ugv_sim/share/ugv_sim/local_setup.sh
[3.102s] -- Installing: /home/bluelule/ugv_project/ros2_ws/install/ugv_sim/share/ugv_sim/local_setup.zsh
[3.102s] -- Installing: /home/bluelule/ugv_project/ros2_ws/install/ugv_sim/share/ugv_sim/local_setup.dsv
[3.103s] -- Installing: /home/bluelule/ugv_project/ros2_ws/install/ugv_sim/share/ugv_sim/package.dsv
[3.103s] -- Installing: /home/bluelule/ugv_project/ros2_ws/install/ugv_sim/share/ament_index/resource_index/packages/ugv_sim
[3.103s] -- Installing: /home/bluelule/ugv_project/ros2_ws/install/ugv_sim/share/ugv_sim/cmake/ugv_simConfig.cmake
[3.103s] -- Installing: /home/bluelule/ugv_project/ros2_ws/install/ugv_sim/share/ugv_sim/cmake/ugv_simConfig-version.cmake
[3.104s] -- Installing: /home/bluelule/ugv_project/ros2_ws/install/ugv_sim/share/ugv_sim/package.xml
[3.108s] Invoked command in '/home/bluelule/ugv_project/ros2_ws/build/ugv_sim' returned '0': CMAKE_PREFIX_PATH=${CMAKE_PREFIX_PATH}:/home/bluelule/ugv_ws_albert/install/ugv_perception:/home/bluelule/ugv_ws_albert/install/ugv_nav:/home/bluelule/ugv_ws_albert/install/ugv_autonomy:/home/bluelule/ugv_project/ros2_ws/install/ugv_serial_odom:/home/bluelule/ugv_project/ros2_ws/install/ugv_perception:/home/bluelule/ugv_project/ros2_ws/install/ugv_lidar:/opt/ros/humble /usr/bin/cmake --install /home/bluelule/ugv_project/ros2_ws/build/ugv_sim
