[0.203s] DEBUG:colcon:Command line arguments: ['/usr/bin/colcon', 'build', '--packages-select', 'ugv_sensor_sync']
[0.203s] DEBUG:colcon:Parsed command line arguments: Namespace(log_base=None, log_level=None, verb_name='build', build_base='build', install_base='install', merge_install=False, symlink_install=False, test_result_base=None, continue_on_error=False, executor='parallel', parallel_workers=6, event_handlers=None, ignore_user_meta=False, metas=['./colcon.meta'], base_paths=['.'], packages_ignore=None, packages_ignore_regex=None, paths=None, packages_up_to=None, packages_up_to_regex=None, packages_above=None, packages_above_and_dependencies=None, packages_above_depth=None, packages_select_by_dep=None, packages_skip_by_dep=None, packages_skip_up_to=None, packages_select_build_failed=False, packages_skip_build_finished=False, packages_select_test_failures=False, packages_skip_test_passed=False, packages_select=['ugv_sensor_sync'], packages_skip=None, packages_select_regex=None, packages_skip_regex=None, packages_start=None, packages_end=None, allow_overriding=[], cmake_args=None, cmake_target=None, cmake_target_skip_unavailable=False, cmake_clean_cache=False, cmake_clean_first=False, cmake_force_configure=False, ament_cmake_args=None, catkin_cmake_args=None, catkin_skip_building_tests=False, verb_parser=<colcon_defaults.argument_parser.defaults.DefaultArgumentsDecorator object at 0xffff9faf17b0>, verb_extension=<colcon_core.verb.build.BuildVerb object at 0xffff9faf12a0>, main=<bound method BuildVerb.main of <colcon_core.verb.build.BuildVerb object at 0xffff9faf12a0>>)
[0.536s] Level 1:colcon.colcon_core.package_discovery:discover_packages(colcon_meta) check parameters
[0.537s] Level 1:colcon.colcon_core.package_discovery:discover_packages(recursive) check parameters
[0.537s] Level 1:colcon.colcon_core.package_discovery:discover_packages(ignore) check parameters
[0.537s] Level 1:colcon.colcon_core.package_discovery:discover_packages(path) check parameters
[0.537s] Level 1:colcon.colcon_core.package_discovery:discover_packages(colcon_meta) discover
[0.538s] Level 1:colcon.colcon_core.package_discovery:discover_packages(recursive) discover
[0.538s] INFO:colcon.colcon_core.package_discovery:Crawling recursively for packages in '/home/bluelule/ugv_project/ros2_ws'
[0.538s] Level 1:colcon.colcon_core.package_identification:_identify(.) by extensions ['ignore', 'ignore_ament_install']
[0.538s] Level 1:colcon.colcon_core.package_identification:_identify(.) by extension 'ignore'
[0.539s] Level 1:colcon.colcon_core.package_identification:_identify(.) by extension 'ignore_ament_install'
[0.539s] Level 1:colcon.colcon_core.package_identification:_identify(.) by extensions ['colcon_pkg']
[0.539s] Level 1:colcon.colcon_core.package_identification:_identify(.) by extension 'colcon_pkg'
[0.539s] Level 1:colcon.colcon_core.package_identification:_identify(.) by extensions ['colcon_meta']
[0.539s] Level 1:colcon.colcon_core.package_identification:_identify(.) by extension 'colcon_meta'
[0.540s] Level 1:colcon.colcon_core.package_identification:_identify(.) by extensions ['ros']
[0.540s] Level 1:colcon.colcon_core.package_identification:_identify(.) by extension 'ros'
[0.561s] Level 1:colcon.colcon_core.package_identification:_identify(.) by extensions ['cmake', 'python']
[0.561s] Level 1:colcon.colcon_core.package_identification:_identify(.) by extension 'cmake'
[0.562s] Level 1:colcon.colcon_core.package_identification:_identify(.) by extension 'python'
[0.562s] Level 1:colcon.colcon_core.package_identification:_identify(.) by extensions ['python_setup_py']
[0.562s] Level 1:colcon.colcon_core.package_identification:_identify(.) by extension 'python_setup_py'
[0.562s] Level 1:colcon.colcon_core.package_identification:_identify(bin) by extensions ['ignore', 'ignore_ament_install']
[0.563s] Level 1:colcon.colcon_core.package_identification:_identify(bin) by extension 'ignore'
[0.563s] Level 1:colcon.colcon_core.package_identification:_identify(bin) by extension 'ignore_ament_install'
[0.563s] Level 1:colcon.colcon_core.package_identification:_identify(bin) by extensions ['colcon_pkg']
[0.563s] Level 1:colcon.colcon_core.package_identification:_identify(bin) by extension 'colcon_pkg'
[0.563s] Level 1:colcon.colcon_core.package_identification:_identify(bin) by extensions ['colcon_meta']
[0.564s] Level 1:colcon.colcon_core.package_identification:_identify(bin) by extension 'colcon_meta'
[0.564s] Level 1:colcon.colcon_core.package_identification:_identify(bin) by extensions ['ros']
[0.564s] Level 1:colcon.colcon_core.package_identification:_identify(bin) by extension 'ros'
[0.564s] Level 1:colcon.colcon_core.package_identification:_identify(bin) by extensions ['cmake', 'python']
[0.564s] Level 1:colcon.colcon_core.package_identification:_identify(bin) by extension 'cmake'
[0.564s] Level 1:colcon.colcon_core.package_identification:_identify(bin) by extension 'python'
[0.565s] Level 1:colcon.colcon_core.package_identification:_identify(bin) by extensions ['python_setup_py']
[0.565s] Level 1:colcon.colcon_core.package_identification:_identify(bin) by extension 'python_setup_py'
[0.565s] Level 1:colcon.colcon_core.package_identification:_identify(build) by extensions ['ignore', 'ignore_ament_install']
[0.565s] Level 1:colcon.colcon_core.package_identification:_identify(build) by extension 'ignore'
[0.566s] Level 1:colcon.colcon_core.package_identification:_identify(build) ignored
[0.566s] Level 1:colcon.colcon_core.package_identification:_identify(install) by extensions ['ignore', 'ignore_ament_install']
[0.566s] Level 1:colcon.colcon_core.package_identification:_identify(install) by extension 'ignore'
[0.566s] Level 1:colcon.colcon_core.package_identification:_identify(install) ignored
[0.567s] Level 1:colcon.colcon_core.package_identification:_identify(log) by extensions ['ignore', 'ignore_ament_install']
[0.567s] Level 1:colcon.colcon_core.package_identification:_identify(log) by extension 'ignore'
[0.567s] Level 1:colcon.colcon_core.package_identification:_identify(log) ignored
[0.567s] Level 1:colcon.colcon_core.package_identification:_identify(src) by extensions ['ignore', 'ignore_ament_install']
[0.567s] Level 1:colcon.colcon_core.package_identification:_identify(src) by extension 'ignore'
[0.568s] Level 1:colcon.colcon_core.package_identification:_identify(src) by extension 'ignore_ament_install'
[0.568s] Level 1:colcon.colcon_core.package_identification:_identify(src) by extensions ['colcon_pkg']
[0.568s] Level 1:colcon.colcon_core.package_identification:_identify(src) by extension 'colcon_pkg'
[0.568s] Level 1:colcon.colcon_core.package_identification:_identify(src) by extensions ['colcon_meta']
[0.568s] Level 1:colcon.colcon_core.package_identification:_identify(src) by extension 'colcon_meta'
[0.569s] Level 1:colcon.colcon_core.package_identification:_identify(src) by extensions ['ros']
[0.569s] Level 1:colcon.colcon_core.package_identification:_identify(src) by extension 'ros'
[0.569s] Level 1:colcon.colcon_core.package_identification:_identify(src) by extensions ['cmake', 'python']
[0.569s] Level 1:colcon.colcon_core.package_identification:_identify(src) by extension 'cmake'
[0.569s] Level 1:colcon.colcon_core.package_identification:_identify(src) by extension 'python'
[0.569s] Level 1:colcon.colcon_core.package_identification:_identify(src) by extensions ['python_setup_py']
[0.570s] Level 1:colcon.colcon_core.package_identification:_identify(src) by extension 'python_setup_py'
[0.570s] Level 1:colcon.colcon_core.package_identification:_identify(src/third_party) by extensions ['ignore', 'ignore_ament_install']
[0.570s] Level 1:colcon.colcon_core.package_identification:_identify(src/third_party) by extension 'ignore'
[0.570s] Level 1:colcon.colcon_core.package_identification:_identify(src/third_party) by extension 'ignore_ament_install'
[0.571s] Level 1:colcon.colcon_core.package_identification:_identify(src/third_party) by extensions ['colcon_pkg']
[0.571s] Level 1:colcon.colcon_core.package_identification:_identify(src/third_party) by extension 'colcon_pkg'
[0.571s] Level 1:colcon.colcon_core.package_identification:_identify(src/third_party) by extensions ['colcon_meta']
[0.571s] Level 1:colcon.colcon_core.package_identification:_identify(src/third_party) by extension 'colcon_meta'
[0.571s] Level 1:colcon.colcon_core.package_identification:_identify(src/third_party) by extensions ['ros']
[0.571s] Level 1:colcon.colcon_core.package_identification:_identify(src/third_party) by extension 'ros'
[0.572s] Level 1:colcon.colcon_core.package_identification:_identify(src/third_party) by extensions ['cmake', 'python']
[0.572s] Level 1:colcon.colcon_core.package_identification:_identify(src/third_party) by extension 'cmake'
[0.572s] Level 1:colcon.colcon_core.package_identification:_identify(src/third_party) by extension 'python'
[0.572s] Level 1:colcon.colcon_core.package_identification:_identify(src/third_party) by extensions ['python_setup_py']
[0.572s] Level 1:colcon.colcon_core.package_identification:_identify(src/third_party) by extension 'python_setup_py'
[0.573s] Level 1:colcon.colcon_core.package_identification:_identify(src/third_party/zed-ros2-wrapper) by extensions ['ignore', 'ignore_ament_install']
[0.573s] Level 1:colcon.colcon_core.package_identification:_identify(src/third_party/zed-ros2-wrapper) by extension 'ignore'
[0.573s] Level 1:colcon.colcon_core.package_identification:_identify(src/third_party/zed-ros2-wrapper) by extension 'ignore_ament_install'
[0.573s] Level 1:colcon.colcon_core.package_identification:_identify(src/third_party/zed-ros2-wrapper) by extensions ['colcon_pkg']
[0.573s] Level 1:colcon.colcon_core.package_identification:_identify(src/third_party/zed-ros2-wrapper) by extension 'colcon_pkg'
[0.574s] Level 1:colcon.colcon_core.package_identification:_identify(src/third_party/zed-ros2-wrapper) by extensions ['colcon_meta']
[0.574s] Level 1:colcon.colcon_core.package_identification:_identify(src/third_party/zed-ros2-wrapper) by extension 'colcon_meta'
[0.574s] Level 1:colcon.colcon_core.package_identification:_identify(src/third_party/zed-ros2-wrapper) by extensions ['ros']
[0.574s] Level 1:colcon.colcon_core.package_identification:_identify(src/third_party/zed-ros2-wrapper) by extension 'ros'
[0.574s] Level 1:colcon.colcon_core.package_identification:_identify(src/third_party/zed-ros2-wrapper) by extensions ['cmake', 'python']
[0.574s] Level 1:colcon.colcon_core.package_identification:_identify(src/third_party/zed-ros2-wrapper) by extension 'cmake'
[0.575s] Level 1:colcon.colcon_core.package_identification:_identify(src/third_party/zed-ros2-wrapper) by extension 'python'
[0.575s] Level 1:colcon.colcon_core.package_identification:_identify(src/third_party/zed-ros2-wrapper) by extensions ['python_setup_py']
[0.575s] Level 1:colcon.colcon_core.package_identification:_identify(src/third_party/zed-ros2-wrapper) by extension 'python_setup_py'
[0.575s] Level 1:colcon.colcon_core.package_identification:_identify(src/third_party/zed-ros2-wrapper/docker) by extensions ['ignore', 'ignore_ament_install']
[0.575s] Level 1:colcon.colcon_core.package_identification:_identify(src/third_party/zed-ros2-wrapper/docker) by extension 'ignore'
[0.576s] Level 1:colcon.colcon_core.package_identification:_identify(src/third_party/zed-ros2-wrapper/docker) by extension 'ignore_ament_install'
[0.576s] Level 1:colcon.colcon_core.package_identification:_identify(src/third_party/zed-ros2-wrapper/docker) by extensions ['colcon_pkg']
[0.576s] Level 1:colcon.colcon_core.package_identification:_identify(src/third_party/zed-ros2-wrapper/docker) by extension 'colcon_pkg'
[0.576s] Level 1:colcon.colcon_core.package_identification:_identify(src/third_party/zed-ros2-wrapper/docker) by extensions ['colcon_meta']
[0.576s] Level 1:colcon.colcon_core.package_identification:_identify(src/third_party/zed-ros2-wrapper/docker) by extension 'colcon_meta'
[0.577s] Level 1:colcon.colcon_core.package_identification:_identify(src/third_party/zed-ros2-wrapper/docker) by extensions ['ros']
[0.577s] Level 1:colcon.colcon_core.package_identification:_identify(src/third_party/zed-ros2-wrapper/docker) by extension 'ros'
[0.577s] Level 1:colcon.colcon_core.package_identification:_identify(src/third_party/zed-ros2-wrapper/docker) by extensions ['cmake', 'python']
[0.577s] Level 1:colcon.colcon_core.package_identification:_identify(src/third_party/zed-ros2-wrapper/docker) by extension 'cmake'
[0.577s] Level 1:colcon.colcon_core.package_identification:_identify(src/third_party/zed-ros2-wrapper/docker) by extension 'python'
[0.577s] Level 1:colcon.colcon_core.package_identification:_identify(src/third_party/zed-ros2-wrapper/docker) by extensions ['python_setup_py']
[0.578s] Level 1:colcon.colcon_core.package_identification:_identify(src/third_party/zed-ros2-wrapper/docker) by extension 'python_setup_py'
[0.578s] Level 1:colcon.colcon_core.package_identification:_identify(src/third_party/zed-ros2-wrapper/images) by extensions ['ignore', 'ignore_ament_install']
[0.578s] Level 1:colcon.colcon_core.package_identification:_identify(src/third_party/zed-ros2-wrapper/images) by extension 'ignore'
[0.578s] Level 1:colcon.colcon_core.package_identification:_identify(src/third_party/zed-ros2-wrapper/images) by extension 'ignore_ament_install'
[0.579s] Level 1:colcon.colcon_core.package_identification:_identify(src/third_party/zed-ros2-wrapper/images) by extensions ['colcon_pkg']
[0.579s] Level 1:colcon.colcon_core.package_identification:_identify(src/third_party/zed-ros2-wrapper/images) by extension 'colcon_pkg'
[0.579s] Level 1:colcon.colcon_core.package_identification:_identify(src/third_party/zed-ros2-wrapper/images) by extensions ['colcon_meta']
[0.579s] Level 1:colcon.colcon_core.package_identification:_identify(src/third_party/zed-ros2-wrapper/images) by extension 'colcon_meta'
[0.579s] Level 1:colcon.colcon_core.package_identification:_identify(src/third_party/zed-ros2-wrapper/images) by extensions ['ros']
[0.579s] Level 1:colcon.colcon_core.package_identification:_identify(src/third_party/zed-ros2-wrapper/images) by extension 'ros'
[0.580s] Level 1:colcon.colcon_core.package_identification:_identify(src/third_party/zed-ros2-wrapper/images) by extensions ['cmake', 'python']
[0.580s] Level 1:colcon.colcon_core.package_identification:_identify(src/third_party/zed-ros2-wrapper/images) by extension 'cmake'
[0.580s] Level 1:colcon.colcon_core.package_identification:_identify(src/third_party/zed-ros2-wrapper/images) by extension 'python'
[0.580s] Level 1:colcon.colcon_core.package_identification:_identify(src/third_party/zed-ros2-wrapper/images) by extensions ['python_setup_py']
[0.580s] Level 1:colcon.colcon_core.package_identification:_identify(src/third_party/zed-ros2-wrapper/images) by extension 'python_setup_py'
[0.580s] Level 1:colcon.colcon_core.package_identification:_identify(src/third_party/zed-ros2-wrapper/zed_components) by extensions ['ignore', 'ignore_ament_install']
[0.581s] Level 1:colcon.colcon_core.package_identification:_identify(src/third_party/zed-ros2-wrapper/zed_components) by extension 'ignore'
[0.581s] Level 1:colcon.colcon_core.package_identification:_identify(src/third_party/zed-ros2-wrapper/zed_components) by extension 'ignore_ament_install'
[0.581s] Level 1:colcon.colcon_core.package_identification:_identify(src/third_party/zed-ros2-wrapper/zed_components) by extensions ['colcon_pkg']
[0.581s] Level 1:colcon.colcon_core.package_identification:_identify(src/third_party/zed-ros2-wrapper/zed_components) by extension 'colcon_pkg'
[0.581s] Level 1:colcon.colcon_core.package_identification:_identify(src/third_party/zed-ros2-wrapper/zed_components) by extensions ['colcon_meta']
[0.582s] Level 1:colcon.colcon_core.package_identification:_identify(src/third_party/zed-ros2-wrapper/zed_components) by extension 'colcon_meta'
[0.582s] Level 1:colcon.colcon_core.package_identification:_identify(src/third_party/zed-ros2-wrapper/zed_components) by extensions ['ros']
[0.582s] Level 1:colcon.colcon_core.package_identification:_identify(src/third_party/zed-ros2-wrapper/zed_components) by extension 'ros'
[0.589s] DEBUG:colcon.colcon_core.package_identification:Package 'src/third_party/zed-ros2-wrapper/zed_components' with type 'ros.ament_cmake' and name 'zed_components'
[0.589s] Level 1:colcon.colcon_core.package_identification:_identify(src/third_party/zed-ros2-wrapper/zed_ros2) by extensions ['ignore', 'ignore_ament_install']
[0.590s] Level 1:colcon.colcon_core.package_identification:_identify(src/third_party/zed-ros2-wrapper/zed_ros2) by extension 'ignore'
[0.590s] Level 1:colcon.colcon_core.package_identification:_identify(src/third_party/zed-ros2-wrapper/zed_ros2) by extension 'ignore_ament_install'
[0.590s] Level 1:colcon.colcon_core.package_identification:_identify(src/third_party/zed-ros2-wrapper/zed_ros2) by extensions ['colcon_pkg']
[0.590s] Level 1:colcon.colcon_core.package_identification:_identify(src/third_party/zed-ros2-wrapper/zed_ros2) by extension 'colcon_pkg'
[0.591s] Level 1:colcon.colcon_core.package_identification:_identify(src/third_party/zed-ros2-wrapper/zed_ros2) by extensions ['colcon_meta']
[0.591s] Level 1:colcon.colcon_core.package_identification:_identify(src/third_party/zed-ros2-wrapper/zed_ros2) by extension 'colcon_meta'
[0.591s] Level 1:colcon.colcon_core.package_identification:_identify(src/third_party/zed-ros2-wrapper/zed_ros2) by extensions ['ros']
[0.591s] Level 1:colcon.colcon_core.package_identification:_identify(src/third_party/zed-ros2-wrapper/zed_ros2) by extension 'ros'
[0.593s] DEBUG:colcon.colcon_core.package_identification:Package 'src/third_party/zed-ros2-wrapper/zed_ros2' with type 'ros.ament_cmake' and name 'zed_ros2'
[0.593s] Level 1:colcon.colcon_core.package_identification:_identify(src/third_party/zed-ros2-wrapper/zed_wrapper) by extensions ['ignore', 'ignore_ament_install']
[0.594s] Level 1:colcon.colcon_core.package_identification:_identify(src/third_party/zed-ros2-wrapper/zed_wrapper) by extension 'ignore'
[0.594s] Level 1:colcon.colcon_core.package_identification:_identify(src/third_party/zed-ros2-wrapper/zed_wrapper) by extension 'ignore_ament_install'
[0.594s] Level 1:colcon.colcon_core.package_identification:_identify(src/third_party/zed-ros2-wrapper/zed_wrapper) by extensions ['colcon_pkg']
[0.594s] Level 1:colcon.colcon_core.package_identification:_identify(src/third_party/zed-ros2-wrapper/zed_wrapper) by extension 'colcon_pkg'
[0.595s] Level 1:colcon.colcon_core.package_identification:_identify(src/third_party/zed-ros2-wrapper/zed_wrapper) by extensions ['colcon_meta']
[0.595s] Level 1:colcon.colcon_core.package_identification:_identify(src/third_party/zed-ros2-wrapper/zed_wrapper) by extension 'colcon_meta'
[0.595s] Level 1:colcon.colcon_core.package_identification:_identify(src/third_party/zed-ros2-wrapper/zed_wrapper) by extensions ['ros']
[0.595s] Level 1:colcon.colcon_core.package_identification:_identify(src/third_party/zed-ros2-wrapper/zed_wrapper) by extension 'ros'
[0.597s] DEBUG:colcon.colcon_core.package_identification:Package 'src/third_party/zed-ros2-wrapper/zed_wrapper' with type 'ros.ament_cmake' and name 'zed_wrapper'
[0.597s] Level 1:colcon.colcon_core.package_identification:_identify(src/ugv_lidar) by extensions ['ignore', 'ignore_ament_install']
[0.597s] Level 1:colcon.colcon_core.package_identification:_identify(src/ugv_lidar) by extension 'ignore'
[0.598s] Level 1:colcon.colcon_core.package_identification:_identify(src/ugv_lidar) by extension 'ignore_ament_install'
[0.598s] Level 1:colcon.colcon_core.package_identification:_identify(src/ugv_lidar) by extensions ['colcon_pkg']
[0.598s] Level 1:colcon.colcon_core.package_identification:_identify(src/ugv_lidar) by extension 'colcon_pkg'
[0.598s] Level 1:colcon.colcon_core.package_identification:_identify(src/ugv_lidar) by extensions ['colcon_meta']
[0.598s] Level 1:colcon.colcon_core.package_identification:_identify(src/ugv_lidar) by extension 'colcon_meta'
[0.599s] Level 1:colcon.colcon_core.package_identification:_identify(src/ugv_lidar) by extensions ['ros']
[0.599s] Level 1:colcon.colcon_core.package_identification:_identify(src/ugv_lidar) by extension 'ros'
[0.600s] DEBUG:colcon.colcon_core.package_identification:Package 'src/ugv_lidar' with type 'ros.ament_python' and name 'ugv_lidar'
[0.601s] Level 1:colcon.colcon_core.package_identification:_identify(src/ugv_nav) by extensions ['ignore', 'ignore_ament_install']
[0.601s] Level 1:colcon.colcon_core.package_identification:_identify(src/ugv_nav) by extension 'ignore'
[0.602s] Level 1:colcon.colcon_core.package_identification:_identify(src/ugv_nav) by extension 'ignore_ament_install'
[0.602s] Level 1:colcon.colcon_core.package_identification:_identify(src/ugv_nav) by extensions ['colcon_pkg']
[0.602s] Level 1:colcon.colcon_core.package_identification:_identify(src/ugv_nav) by extension 'colcon_pkg'
[0.602s] Level 1:colcon.colcon_core.package_identification:_identify(src/ugv_nav) by extensions ['colcon_meta']
[0.602s] Level 1:colcon.colcon_core.package_identification:_identify(src/ugv_nav) by extension 'colcon_meta'
[0.603s] Level 1:colcon.colcon_core.package_identification:_identify(src/ugv_nav) by extensions ['ros']
[0.603s] Level 1:colcon.colcon_core.package_identification:_identify(src/ugv_nav) by extension 'ros'
[0.603s] Level 1:colcon.colcon_core.package_identification:_identify(src/ugv_nav) by extensions ['cmake', 'python']
[0.603s] Level 1:colcon.colcon_core.package_identification:_identify(src/ugv_nav) by extension 'cmake'
[0.603s] Level 1:colcon.colcon_core.package_identification:_identify(src/ugv_nav) by extension 'python'
[0.604s] Level 1:colcon.colcon_core.package_identification:_identify(src/ugv_nav) by extensions ['python_setup_py']
[0.604s] Level 1:colcon.colcon_core.package_identification:_identify(src/ugv_nav) by extension 'python_setup_py'
[0.604s] Level 1:colcon.colcon_core.package_identification:_identify(src/ugv_nav/ugv_nav) by extensions ['ignore', 'ignore_ament_install']
[0.605s] Level 1:colcon.colcon_core.package_identification:_identify(src/ugv_nav/ugv_nav) by extension 'ignore'
[0.605s] Level 1:colcon.colcon_core.package_identification:_identify(src/ugv_nav/ugv_nav) by extension 'ignore_ament_install'
[0.605s] Level 1:colcon.colcon_core.package_identification:_identify(src/ugv_nav/ugv_nav) by extensions ['colcon_pkg']
[0.605s] Level 1:colcon.colcon_core.package_identification:_identify(src/ugv_nav/ugv_nav) by extension 'colcon_pkg'
[0.605s] Level 1:colcon.colcon_core.package_identification:_identify(src/ugv_nav/ugv_nav) by extensions ['colcon_meta']
[0.606s] Level 1:colcon.colcon_core.package_identification:_identify(src/ugv_nav/ugv_nav) by extension 'colcon_meta'
[0.606s] Level 1:colcon.colcon_core.package_identification:_identify(src/ugv_nav/ugv_nav) by extensions ['ros']
[0.606s] Level 1:colcon.colcon_core.package_identification:_identify(src/ugv_nav/ugv_nav) by extension 'ros'
[0.606s] Level 1:colcon.colcon_core.package_identification:_identify(src/ugv_nav/ugv_nav) by extensions ['cmake', 'python']
[0.606s] Level 1:colcon.colcon_core.package_identification:_identify(src/ugv_nav/ugv_nav) by extension 'cmake'
[0.606s] Level 1:colcon.colcon_core.package_identification:_identify(src/ugv_nav/ugv_nav) by extension 'python'
[0.607s] Level 1:colcon.colcon_core.package_identification:_identify(src/ugv_nav/ugv_nav) by extensions ['python_setup_py']
[0.607s] Level 1:colcon.colcon_core.package_identification:_identify(src/ugv_nav/ugv_nav) by extension 'python_setup_py'
[0.607s] Level 1:colcon.colcon_core.package_identification:_identify(src/ugv_perception) by extensions ['ignore', 'ignore_ament_install']
[0.607s] Level 1:colcon.colcon_core.package_identification:_identify(src/ugv_perception) by extension 'ignore'
[0.608s] Level 1:colcon.colcon_core.package_identification:_identify(src/ugv_perception) by extension 'ignore_ament_install'
[0.608s] Level 1:colcon.colcon_core.package_identification:_identify(src/ugv_perception) by extensions ['colcon_pkg']
[0.608s] Level 1:colcon.colcon_core.package_identification:_identify(src/ugv_perception) by extension 'colcon_pkg'
[0.608s] Level 1:colcon.colcon_core.package_identification:_identify(src/ugv_perception) by extensions ['colcon_meta']
[0.608s] Level 1:colcon.colcon_core.package_identification:_identify(src/ugv_perception) by extension 'colcon_meta'
[0.608s] Level 1:colcon.colcon_core.package_identification:_identify(src/ugv_perception) by extensions ['ros']
[0.609s] Level 1:colcon.colcon_core.package_identification:_identify(src/ugv_perception) by extension 'ros'
[0.611s] DEBUG:colcon.colcon_core.package_identification:Package 'src/ugv_perception' with type 'ros.ament_python' and name 'ugv_perception'
[0.611s] Level 1:colcon.colcon_core.package_identification:_identify(src/ugv_sensor_sync) by extensions ['ignore', 'ignore_ament_install']
[0.611s] Level 1:colcon.colcon_core.package_identification:_identify(src/ugv_sensor_sync) by extension 'ignore'
[0.612s] Level 1:colcon.colcon_core.package_identification:_identify(src/ugv_sensor_sync) by extension 'ignore_ament_install'
[0.612s] Level 1:colcon.colcon_core.package_identification:_identify(src/ugv_sensor_sync) by extensions ['colcon_pkg']
[0.612s] Level 1:colcon.colcon_core.package_identification:_identify(src/ugv_sensor_sync) by extension 'colcon_pkg'
[0.612s] Level 1:colcon.colcon_core.package_identification:_identify(src/ugv_sensor_sync) by extensions ['colcon_meta']
[0.612s] Level 1:colcon.colcon_core.package_identification:_identify(src/ugv_sensor_sync) by extension 'colcon_meta'
[0.613s] Level 1:colcon.colcon_core.package_identification:_identify(src/ugv_sensor_sync) by extensions ['ros']
[0.613s] Level 1:colcon.colcon_core.package_identification:_identify(src/ugv_sensor_sync) by extension 'ros'
[0.615s] DEBUG:colcon.colcon_core.package_identification:Package 'src/ugv_sensor_sync' with type 'ros.ament_cmake' and name 'ugv_sensor_sync'
[0.615s] Level 1:colcon.colcon_core.package_identification:_identify(src/ugv_serial_odom) by extensions ['ignore', 'ignore_ament_install']
[0.615s] Level 1:colcon.colcon_core.package_identification:_identify(src/ugv_serial_odom) by extension 'ignore'
[0.615s] Level 1:colcon.colcon_core.package_identification:_identify(src/ugv_serial_odom) by extension 'ignore_ament_install'
[0.616s] Level 1:colcon.colcon_core.package_identification:_identify(src/ugv_serial_odom) by extensions ['colcon_pkg']
[0.616s] Level 1:colcon.colcon_core.package_identification:_identify(src/ugv_serial_odom) by extension 'colcon_pkg'
[0.616s] Level 1:colcon.colcon_core.package_identification:_identify(src/ugv_serial_odom) by extensions ['colcon_meta']
[0.616s] Level 1:colcon.colcon_core.package_identification:_identify(src/ugv_serial_odom) by extension 'colcon_meta'
[0.616s] Level 1:colcon.colcon_core.package_identification:_identify(src/ugv_serial_odom) by extensions ['ros']
[0.616s] Level 1:colcon.colcon_core.package_identification:_identify(src/ugv_serial_odom) by extension 'ros'
[0.618s] DEBUG:colcon.colcon_core.package_identification:Package 'src/ugv_serial_odom' with type 'ros.ament_python' and name 'ugv_serial_odom'
[0.618s] Level 1:colcon.colcon_core.package_identification:_identify(src/ugv_sim) by extensions ['ignore', 'ignore_ament_install']
[0.619s] Level 1:colcon.colcon_core.package_identification:_identify(src/ugv_sim) by extension 'ignore'
[0.619s] Level 1:colcon.colcon_core.package_identification:_identify(src/ugv_sim) by extension 'ignore_ament_install'
[0.619s] Level 1:colcon.colcon_core.package_identification:_identify(src/ugv_sim) by extensions ['colcon_pkg']
[0.619s] Level 1:colcon.colcon_core.package_identification:_identify(src/ugv_sim) by extension 'colcon_pkg'
[0.619s] Level 1:colcon.colcon_core.package_identification:_identify(src/ugv_sim) by extensions ['colcon_meta']
[0.619s] Level 1:colcon.colcon_core.package_identification:_identify(src/ugv_sim) by extension 'colcon_meta'
[0.620s] Level 1:colcon.colcon_core.package_identification:_identify(src/ugv_sim) by extensions ['ros']
[0.620s] Level 1:colcon.colcon_core.package_identification:_identify(src/ugv_sim) by extension 'ros'
[0.621s] DEBUG:colcon.colcon_core.package_identification:Package 'src/ugv_sim' with type 'ros.ament_cmake' and name 'ugv_sim'
[0.621s] Level 1:colcon.colcon_core.package_discovery:discover_packages(recursive) using defaults
[0.621s] Level 1:colcon.colcon_core.package_discovery:discover_packages(ignore) discover
[0.621s] Level 1:colcon.colcon_core.package_discovery:discover_packages(ignore) using defaults
[0.622s] Level 1:colcon.colcon_core.package_discovery:discover_packages(path) discover
[0.622s] Level 1:colcon.colcon_core.package_discovery:discover_packages(path) using defaults
[0.698s] INFO:colcon.colcon_core.package_selection:Skipping not selected package 'ugv_lidar' in 'src/ugv_lidar'
[0.699s] INFO:colcon.colcon_core.package_selection:Skipping not selected package 'ugv_perception' in 'src/ugv_perception'
[0.699s] INFO:colcon.colcon_core.package_selection:Skipping not selected package 'ugv_serial_odom' in 'src/ugv_serial_odom'
[0.699s] INFO:colcon.colcon_core.package_selection:Skipping not selected package 'ugv_sim' in 'src/ugv_sim'
[0.699s] INFO:colcon.colcon_core.package_selection:Skipping not selected package 'zed_components' in 'src/third_party/zed-ros2-wrapper/zed_components'
[0.699s] INFO:colcon.colcon_core.package_selection:Skipping not selected package 'zed_wrapper' in 'src/third_party/zed-ros2-wrapper/zed_wrapper'
[0.699s] INFO:colcon.colcon_core.package_selection:Skipping not selected package 'zed_ros2' in 'src/third_party/zed-ros2-wrapper/zed_ros2'
[0.700s] Level 1:colcon.colcon_core.package_discovery:discover_packages(prefix_path) check parameters
[0.701s] Level 1:colcon.colcon_core.package_discovery:discover_packages(prefix_path) discover
[0.702s] WARNING:colcon.colcon_ros.prefix_path.ament:The path '/home/bluelule/ugv_project/ros2_ws/install/ugv_sensor_sync' in the environment variable AMENT_PREFIX_PATH doesn't exist
[0.704s] WARNING:colcon.colcon_ros.prefix_path.catkin:The path '/home/bluelule/ugv_project/ros2_ws/install/ugv_sensor_sync' in the environment variable CMAKE_PREFIX_PATH doesn't exist
[0.706s] DEBUG:colcon.colcon_installed_package_information.package_discovery:Found 7 installed packages in /home/bluelule/ugv_project/ros2_ws/install
[0.708s] DEBUG:colcon.colcon_installed_package_information.package_discovery:Found 11 installed packages in /home/bluelule/ugv_ws_albert/install
[0.709s] DEBUG:colcon.colcon_installed_package_information.package_discovery:Found 3 installed packages in /home/bluelule/ugv_ws_albert/microros_ws/install
[0.712s] DEBUG:colcon.colcon_installed_package_information.package_discovery:Found 310 installed packages in /opt/ros/humble
[0.715s] Level 1:colcon.colcon_core.package_discovery:discover_packages(prefix_path) using defaults
[0.794s] Level 5:colcon.colcon_core.verb:set package 'ugv_sensor_sync' build argument 'cmake_args' from command line to 'None'
[0.795s] Level 5:colcon.colcon_core.verb:set package 'ugv_sensor_sync' build argument 'cmake_target' from command line to 'None'
[0.795s] Level 5:colcon.colcon_core.verb:set package 'ugv_sensor_sync' build argument 'cmake_target_skip_unavailable' from command line to 'False'
[0.795s] Level 5:colcon.colcon_core.verb:set package 'ugv_sensor_sync' build argument 'cmake_clean_cache' from command line to 'False'
[0.795s] Level 5:colcon.colcon_core.verb:set package 'ugv_sensor_sync' build argument 'cmake_clean_first' from command line to 'False'
[0.795s] Level 5:colcon.colcon_core.verb:set package 'ugv_sensor_sync' build argument 'cmake_force_configure' from command line to 'False'
[0.796s] Level 5:colcon.colcon_core.verb:set package 'ugv_sensor_sync' build argument 'ament_cmake_args' from command line to 'None'
[0.796s] Level 5:colcon.colcon_core.verb:set package 'ugv_sensor_sync' build argument 'catkin_cmake_args' from command line to 'None'
[0.796s] Level 5:colcon.colcon_core.verb:set package 'ugv_sensor_sync' build argument 'catkin_skip_building_tests' from command line to 'False'
[0.796s] DEBUG:colcon.colcon_core.verb:Building package 'ugv_sensor_sync' with the following arguments: {'ament_cmake_args': None, 'build_base': '/home/bluelule/ugv_project/ros2_ws/build/ugv_sensor_sync', 'catkin_cmake_args': None, 'catkin_skip_building_tests': False, 'cmake_args': None, 'cmake_clean_cache': False, 'cmake_clean_first': False, 'cmake_force_configure': False, 'cmake_target': None, 'cmake_target_skip_unavailable': False, 'install_base': '/home/bluelule/ugv_project/ros2_ws/install/ugv_sensor_sync', 'merge_install': False, 'path': '/home/bluelule/ugv_project/ros2_ws/src/ugv_sensor_sync', 'symlink_install': False, 'test_result_base': None}
[0.797s] INFO:colcon.colcon_core.executor:Executing jobs using 'parallel' executor
[0.800s] DEBUG:colcon.colcon_parallel_executor.executor.parallel:run_until_complete
[0.800s] INFO:colcon.colcon_ros.task.ament_cmake.build:Building ROS package in '/home/bluelule/ugv_project/ros2_ws/src/ugv_sensor_sync' with build type 'ament_cmake'
[0.801s] INFO:colcon.colcon_cmake.task.cmake.build:Building CMake package in '/home/bluelule/ugv_project/ros2_ws/src/ugv_sensor_sync'
[0.805s] INFO:colcon.colcon_core.plugin_system:Skipping extension 'colcon_core.shell.bat': Not used on non-Windows systems
[0.806s] INFO:colcon.colcon_core.shell:Skip shell extension 'powershell' for command environment: Not usable outside of PowerShell
[0.806s] DEBUG:colcon.colcon_core.shell:Skip shell extension 'dsv' for command environment
[0.826s] DEBUG:colcon.colcon_core.event_handler.log_command:Invoking command in '/home/bluelule/ugv_project/ros2_ws/build/ugv_sensor_sync': CMAKE_PREFIX_PATH=${CMAKE_PREFIX_PATH}:/home/bluelule/ugv_ws_albert/install/ugv_perception:/home/bluelule/ugv_ws_albert/install/ugv_nav:/home/bluelule/ugv_ws_albert/install/ugv_autonomy:/home/bluelule/ugv_project/ros2_ws/install/ugv_serial_odom:/home/bluelule/ugv_project/ros2_ws/install/ugv_perception:/home/bluelule/ugv_project/ros2_ws/install/ugv_lidar:/opt/ros/humble /usr/bin/cmake /home/bluelule/ugv_project/ros2_ws/src/ugv_sensor_sync -DCMAKE_INSTALL_PREFIX=/home/bluelule/ugv_project/ros2_ws/install/ugv_sensor_sync
[5.839s] DEBUG:colcon.colcon_core.event_handler.log_command:Invoked command in '/home/bluelule/ugv_project/ros2_ws/build/ugv_sensor_sync' returned '0': CMAKE_PREFIX_PATH=${CMAKE_PREFIX_PATH}:/home/bluelule/ugv_ws_albert/install/ugv_perception:/home/bluelule/ugv_ws_albert/install/ugv_nav:/home/bluelule/ugv_ws_albert/install/ugv_autonomy:/home/bluelule/ugv_project/ros2_ws/install/ugv_serial_odom:/home/bluelule/ugv_project/ros2_ws/install/ugv_perception:/home/bluelule/ugv_project/ros2_ws/install/ugv_lidar:/opt/ros/humble /usr/bin/cmake /home/bluelule/ugv_project/ros2_ws/src/ugv_sensor_sync -DCMAKE_INSTALL_PREFIX=/home/bluelule/ugv_project/ros2_ws/install/ugv_sensor_sync
[5.845s] DEBUG:colcon.colcon_core.event_handler.log_command:Invoking command in '/home/bluelule/ugv_project/ros2_ws/build/ugv_sensor_sync': CMAKE_PREFIX_PATH=${CMAKE_PREFIX_PATH}:/home/bluelule/ugv_ws_albert/install/ugv_perception:/home/bluelule/ugv_ws_albert/install/ugv_nav:/home/bluelule/ugv_ws_albert/install/ugv_autonomy:/home/bluelule/ugv_project/ros2_ws/install/ugv_serial_odom:/home/bluelule/ugv_project/ros2_ws/install/ugv_perception:/home/bluelule/ugv_project/ros2_ws/install/ugv_lidar:/opt/ros/humble /usr/bin/cmake --build /home/bluelule/ugv_project/ros2_ws/build/ugv_sensor_sync -- -j6 -l6
[43.589s] DEBUG:colcon.colcon_core.event_handler.log_command:Invoked command in '/home/bluelule/ugv_project/ros2_ws/build/ugv_sensor_sync' returned '0': CMAKE_PREFIX_PATH=${CMAKE_PREFIX_PATH}:/home/bluelule/ugv_ws_albert/install/ugv_perception:/home/bluelule/ugv_ws_albert/install/ugv_nav:/home/bluelule/ugv_ws_albert/install/ugv_autonomy:/home/bluelule/ugv_project/ros2_ws/install/ugv_serial_odom:/home/bluelule/ugv_project/ros2_ws/install/ugv_perception:/home/bluelule/ugv_project/ros2_ws/install/ugv_lidar:/opt/ros/humble /usr/bin/cmake --build /home/bluelule/ugv_project/ros2_ws/build/ugv_sensor_sync -- -j6 -l6
[43.614s] DEBUG:colcon.colcon_core.event_handler.log_command:Invoking command in '/home/bluelule/ugv_project/ros2_ws/build/ugv_sensor_sync': CMAKE_PREFIX_PATH=${CMAKE_PREFIX_PATH}:/home/bluelule/ugv_ws_albert/install/ugv_perception:/home/bluelule/ugv_ws_albert/install/ugv_nav:/home/bluelule/ugv_ws_albert/install/ugv_autonomy:/home/bluelule/ugv_project/ros2_ws/install/ugv_serial_odom:/home/bluelule/ugv_project/ros2_ws/install/ugv_perception:/home/bluelule/ugv_project/ros2_ws/install/ugv_lidar:/opt/ros/humble /usr/bin/cmake --install /home/bluelule/ugv_project/ros2_ws/build/ugv_sensor_sync
[43.805s] Level 1:colcon.colcon_core.environment:create_environment_scripts_only(ugv_sensor_sync)
[43.814s] DEBUG:colcon.colcon_core.event_handler.log_command:Invoked command in '/home/bluelule/ugv_project/ros2_ws/build/ugv_sensor_sync' returned '0': CMAKE_PREFIX_PATH=${CMAKE_PREFIX_PATH}:/home/bluelule/ugv_ws_albert/install/ugv_perception:/home/bluelule/ugv_ws_albert/install/ugv_nav:/home/bluelule/ugv_ws_albert/install/ugv_autonomy:/home/bluelule/ugv_project/ros2_ws/install/ugv_serial_odom:/home/bluelule/ugv_project/ros2_ws/install/ugv_perception:/home/bluelule/ugv_project/ros2_ws/install/ugv_lidar:/opt/ros/humble /usr/bin/cmake --install /home/bluelule/ugv_project/ros2_ws/build/ugv_sensor_sync
[43.819s] Level 1:colcon.colcon_core.environment:checking '/home/bluelule/ugv_project/ros2_ws/install/ugv_sensor_sync' for CMake module files
[43.822s] Level 1:colcon.colcon_core.environment:checking '/home/bluelule/ugv_project/ros2_ws/install/ugv_sensor_sync' for CMake config files
[43.822s] Level 1:colcon.colcon_core.shell:create_environment_hook('ugv_sensor_sync', 'cmake_prefix_path')
[43.823s] INFO:colcon.colcon_core.shell:Creating environment hook '/home/bluelule/ugv_project/ros2_ws/install/ugv_sensor_sync/share/ugv_sensor_sync/hook/cmake_prefix_path.ps1'
[43.826s] INFO:colcon.colcon_core.shell:Creating environment descriptor '/home/bluelule/ugv_project/ros2_ws/install/ugv_sensor_sync/share/ugv_sensor_sync/hook/cmake_prefix_path.dsv'
[43.827s] INFO:colcon.colcon_core.shell:Creating environment hook '/home/bluelule/ugv_project/ros2_ws/install/ugv_sensor_sync/share/ugv_sensor_sync/hook/cmake_prefix_path.sh'
[43.830s] Level 1:colcon.colcon_core.environment:checking '/home/bluelule/ugv_project/ros2_ws/install/ugv_sensor_sync/lib'
[43.831s] Level 1:colcon.colcon_core.shell:create_environment_hook('ugv_sensor_sync', 'ld_library_path_lib')
[43.831s] INFO:colcon.colcon_core.shell:Creating environment hook '/home/bluelule/ugv_project/ros2_ws/install/ugv_sensor_sync/share/ugv_sensor_sync/hook/ld_library_path_lib.ps1'
[43.833s] INFO:colcon.colcon_core.shell:Creating environment descriptor '/home/bluelule/ugv_project/ros2_ws/install/ugv_sensor_sync/share/ugv_sensor_sync/hook/ld_library_path_lib.dsv'
[43.834s] INFO:colcon.colcon_core.shell:Creating environment hook '/home/bluelule/ugv_project/ros2_ws/install/ugv_sensor_sync/share/ugv_sensor_sync/hook/ld_library_path_lib.sh'
[43.836s] Level 1:colcon.colcon_core.environment:checking '/home/bluelule/ugv_project/ros2_ws/install/ugv_sensor_sync/bin'
[43.836s] Level 1:colcon.colcon_core.environment:checking '/home/bluelule/ugv_project/ros2_ws/install/ugv_sensor_sync/lib/pkgconfig/ugv_sensor_sync.pc'
[43.837s] Level 1:colcon.colcon_core.environment:checking '/home/bluelule/ugv_project/ros2_ws/install/ugv_sensor_sync/lib/python3.10/site-packages'
[43.838s] Level 1:colcon.colcon_core.environment:checking '/home/bluelule/ugv_project/ros2_ws/install/ugv_sensor_sync/bin'
[43.839s] INFO:colcon.colcon_core.shell:Creating package script '/home/bluelule/ugv_project/ros2_ws/install/ugv_sensor_sync/share/ugv_sensor_sync/package.ps1'
[43.841s] INFO:colcon.colcon_core.shell:Creating package descriptor '/home/bluelule/ugv_project/ros2_ws/install/ugv_sensor_sync/share/ugv_sensor_sync/package.dsv'
[43.843s] INFO:colcon.colcon_core.shell:Creating package script '/home/bluelule/ugv_project/ros2_ws/install/ugv_sensor_sync/share/ugv_sensor_sync/package.sh'
[43.846s] INFO:colcon.colcon_core.shell:Creating package script '/home/bluelule/ugv_project/ros2_ws/install/ugv_sensor_sync/share/ugv_sensor_sync/package.bash'
[43.848s] INFO:colcon.colcon_core.shell:Creating package script '/home/bluelule/ugv_project/ros2_ws/install/ugv_sensor_sync/share/ugv_sensor_sync/package.zsh'
[43.851s] Level 1:colcon.colcon_core.environment:create_file_with_runtime_dependencies(/home/bluelule/ugv_project/ros2_ws/install/ugv_sensor_sync/share/colcon-core/packages/ugv_sensor_sync)
[43.853s] Level 1:colcon.colcon_core.environment:create_environment_scripts_only(ugv_sensor_sync)
[43.854s] Level 1:colcon.colcon_core.environment:checking '/home/bluelule/ugv_project/ros2_ws/install/ugv_sensor_sync' for CMake module files
[43.856s] Level 1:colcon.colcon_core.environment:checking '/home/bluelule/ugv_project/ros2_ws/install/ugv_sensor_sync' for CMake config files
[43.857s] Level 1:colcon.colcon_core.shell:create_environment_hook('ugv_sensor_sync', 'cmake_prefix_path')
[43.858s] INFO:colcon.colcon_core.shell:Creating environment hook '/home/bluelule/ugv_project/ros2_ws/install/ugv_sensor_sync/share/ugv_sensor_sync/hook/cmake_prefix_path.ps1'
[43.859s] INFO:colcon.colcon_core.shell:Creating environment descriptor '/home/bluelule/ugv_project/ros2_ws/install/ugv_sensor_sync/share/ugv_sensor_sync/hook/cmake_prefix_path.dsv'
[43.860s] INFO:colcon.colcon_core.shell:Creating environment hook '/home/bluelule/ugv_project/ros2_ws/install/ugv_sensor_sync/share/ugv_sensor_sync/hook/cmake_prefix_path.sh'
[43.862s] Level 1:colcon.colcon_core.environment:checking '/home/bluelule/ugv_project/ros2_ws/install/ugv_sensor_sync/lib'
[43.862s] Level 1:colcon.colcon_core.shell:create_environment_hook('ugv_sensor_sync', 'ld_library_path_lib')
[43.863s] INFO:colcon.colcon_core.shell:Creating environment hook '/home/bluelule/ugv_project/ros2_ws/install/ugv_sensor_sync/share/ugv_sensor_sync/hook/ld_library_path_lib.ps1'
[43.864s] INFO:colcon.colcon_core.shell:Creating environment descriptor '/home/bluelule/ugv_project/ros2_ws/install/ugv_sensor_sync/share/ugv_sensor_sync/hook/ld_library_path_lib.dsv'
[43.865s] INFO:colcon.colcon_core.shell:Creating environment hook '/home/bluelule/ugv_project/ros2_ws/install/ugv_sensor_sync/share/ugv_sensor_sync/hook/ld_library_path_lib.sh'
[43.867s] Level 1:colcon.colcon_core.environment:checking '/home/bluelule/ugv_project/ros2_ws/install/ugv_sensor_sync/bin'
[43.867s] Level 1:colcon.colcon_core.environment:checking '/home/bluelule/ugv_project/ros2_ws/install/ugv_sensor_sync/lib/pkgconfig/ugv_sensor_sync.pc'
[43.868s] Level 1:colcon.colcon_core.environment:checking '/home/bluelule/ugv_project/ros2_ws/install/ugv_sensor_sync/lib/python3.10/site-packages'
[43.869s] Level 1:colcon.colcon_core.environment:checking '/home/bluelule/ugv_project/ros2_ws/install/ugv_sensor_sync/bin'
[43.870s] INFO:colcon.colcon_core.shell:Creating package script '/home/bluelule/ugv_project/ros2_ws/install/ugv_sensor_sync/share/ugv_sensor_sync/package.ps1'
[43.872s] INFO:colcon.colcon_core.shell:Creating package descriptor '/home/bluelule/ugv_project/ros2_ws/install/ugv_sensor_sync/share/ugv_sensor_sync/package.dsv'
[43.873s] INFO:colcon.colcon_core.shell:Creating package script '/home/bluelule/ugv_project/ros2_ws/install/ugv_sensor_sync/share/ugv_sensor_sync/package.sh'
[43.874s] INFO:colcon.colcon_core.shell:Creating package script '/home/bluelule/ugv_project/ros2_ws/install/ugv_sensor_sync/share/ugv_sensor_sync/package.bash'
[43.876s] INFO:colcon.colcon_core.shell:Creating package script '/home/bluelule/ugv_project/ros2_ws/install/ugv_sensor_sync/share/ugv_sensor_sync/package.zsh'
[43.877s] Level 1:colcon.colcon_core.environment:create_file_with_runtime_dependencies(/home/bluelule/ugv_project/ros2_ws/install/ugv_sensor_sync/share/colcon-core/packages/ugv_sensor_sync)
[43.878s] DEBUG:colcon.colcon_parallel_executor.executor.parallel:closing loop
[43.879s] DEBUG:colcon.colcon_parallel_executor.executor.parallel:loop closed
[43.879s] DEBUG:colcon.colcon_parallel_executor.executor.parallel:run_until_complete finished with '0'
[43.879s] DEBUG:colcon.colcon_core.event_reactor:joining thread
[43.899s] INFO:colcon.colcon_core.plugin_system:Skipping extension 'colcon_notification.desktop_notification.terminal_notifier': Not used on non-Darwin systems
[43.899s] INFO:colcon.colcon_core.plugin_system:Skipping extension 'colcon_notification.desktop_notification.win32': Not used on non-Windows systems
[43.900s] INFO:colcon.colcon_notification.desktop_notification:Sending desktop notification using 'notify2'
[68.925s] DEBUG:colcon.colcon_notification.desktop_notification.notify2:Failed to initialize notify2: org.freedesktop.DBus.Error.NoReply: Did not receive a reply. Possible causes include: the remote application did not send a reply, the message bus security policy blocked the reply, the reply timeout expired, or the network connection was broken.
[68.926s] DEBUG:colcon.colcon_core.event_reactor:joined thread
[68.927s] INFO:colcon.colcon_core.shell:Creating prefix script '/home/bluelule/ugv_project/ros2_ws/install/local_setup.ps1'
[68.930s] INFO:colcon.colcon_core.shell:Creating prefix util module '/home/bluelule/ugv_project/ros2_ws/install/_local_setup_util_ps1.py'
[68.934s] INFO:colcon.colcon_core.shell:Creating prefix chain script '/home/bluelule/ugv_project/ros2_ws/install/setup.ps1'
[68.941s] INFO:colcon.colcon_core.shell:Creating prefix script '/home/bluelule/ugv_project/ros2_ws/install/local_setup.sh'
[68.943s] INFO:colcon.colcon_core.shell:Creating prefix util module '/home/bluelule/ugv_project/ros2_ws/install/_local_setup_util_sh.py'
[68.945s] INFO:colcon.colcon_core.shell:Creating prefix chain script '/home/bluelule/ugv_project/ros2_ws/install/setup.sh'
[68.951s] INFO:colcon.colcon_core.shell:Creating prefix script '/home/bluelule/ugv_project/ros2_ws/install/local_setup.bash'
[68.952s] INFO:colcon.colcon_core.shell:Creating prefix chain script '/home/bluelule/ugv_project/ros2_ws/install/setup.bash'
[68.958s] INFO:colcon.colcon_core.shell:Creating prefix script '/home/bluelule/ugv_project/ros2_ws/install/local_setup.zsh'
[68.960s] INFO:colcon.colcon_core.shell:Creating prefix chain script '/home/bluelule/ugv_project/ros2_ws/install/setup.zsh'
