running develop
Removing /home/bluelule/ugv_project/ros2_ws/install/ugv_perception/lib/python3.10/site-packages/ugv-perception.egg-link (link to .)
running egg_info
writing ../../build/ugv_perception/ugv_perception.egg-info/PKG-INFO
writing dependency_links to ../../build/ugv_perception/ugv_perception.egg-info/dependency_links.txt
writing entry points to ../../build/ugv_perception/ugv_perception.egg-info/entry_points.txt
writing requirements to ../../build/ugv_perception/ugv_perception.egg-info/requires.txt
writing top-level names to ../../build/ugv_perception/ugv_perception.egg-info/top_level.txt
reading manifest file '../../build/ugv_perception/ugv_perception.egg-info/SOURCES.txt'
writing manifest file '../../build/ugv_perception/ugv_perception.egg-info/SOURCES.txt'
running build
running build_py
creating /home/bluelule/ugv_project/ros2_ws/build/ugv_perception/build
creating /home/bluelule/ugv_project/ros2_ws/build/ugv_perception/build/lib
creating /home/bluelule/ugv_project/ros2_ws/build/ugv_perception/build/lib/ugv_perception
copying ugv_perception/__init__.py -> /home/bluelule/ugv_project/ros2_ws/build/ugv_perception/build/lib/ugv_perception
copying ugv_perception/zed_obj_distance.py -> /home/bluelule/ugv_project/ros2_ws/build/ugv_perception/build/lib/ugv_perception
copying ugv_perception/gyroscope.py -> /home/bluelule/ugv_project/ros2_ws/build/ugv_perception/build/lib/ugv_perception
copying ugv_perception/obstacle_warning.py -> /home/bluelule/ugv_project/ros2_ws/build/ugv_perception/build/lib/ugv_perception
copying ugv_perception/zed_utils.py -> /home/bluelule/ugv_project/ros2_ws/build/ugv_perception/build/lib/ugv_perception
copying ugv_perception/accelerometer.py -> /home/bluelule/ugv_project/ros2_ws/build/ugv_perception/build/lib/ugv_perception
copying ugv_perception/magnetometer.py -> /home/bluelule/ugv_project/ros2_ws/build/ugv_perception/build/lib/ugv_perception
running install
running install_lib
creating /home/bluelule/ugv_project/ros2_ws/install/ugv_perception/lib/python3.10/site-packages/ugv_perception
copying /home/bluelule/ugv_project/ros2_ws/build/ugv_perception/build/lib/ugv_perception/__init__.py -> /home/bluelule/ugv_project/ros2_ws/install/ugv_perception/lib/python3.10/site-packages/ugv_perception
copying /home/bluelule/ugv_project/ros2_ws/build/ugv_perception/build/lib/ugv_perception/zed_obj_distance.py -> /home/bluelule/ugv_project/ros2_ws/install/ugv_perception/lib/python3.10/site-packages/ugv_perception
copying /home/bluelule/ugv_project/ros2_ws/build/ugv_perception/build/lib/ugv_perception/gyroscope.py -> /home/bluelule/ugv_project/ros2_ws/install/ugv_perception/lib/python3.10/site-packages/ugv_perception
copying /home/bluelule/ugv_project/ros2_ws/build/ugv_perception/build/lib/ugv_perception/obstacle_warning.py -> /home/bluelule/ugv_project/ros2_ws/install/ugv_perception/lib/python3.10/site-packages/ugv_perception
copying /home/bluelule/ugv_project/ros2_ws/build/ugv_perception/build/lib/ugv_perception/zed_utils.py -> /home/bluelule/ugv_project/ros2_ws/install/ugv_perception/lib/python3.10/site-packages/ugv_perception
copying /home/bluelule/ugv_project/ros2_ws/build/ugv_perception/build/lib/ugv_perception/accelerometer.py -> /home/bluelule/ugv_project/ros2_ws/install/ugv_perception/lib/python3.10/site-packages/ugv_perception
copying /home/bluelule/ugv_project/ros2_ws/build/ugv_perception/build/lib/ugv_perception/magnetometer.py -> /home/bluelule/ugv_project/ros2_ws/install/ugv_perception/lib/python3.10/site-packages/ugv_perception
byte-compiling /home/bluelule/ugv_project/ros2_ws/install/ugv_perception/lib/python3.10/site-packages/ugv_perception/__init__.py to __init__.cpython-310.pyc
byte-compiling /home/bluelule/ugv_project/ros2_ws/install/ugv_perception/lib/python3.10/site-packages/ugv_perception/zed_obj_distance.py to zed_obj_distance.cpython-310.pyc
byte-compiling /home/bluelule/ugv_project/ros2_ws/install/ugv_perception/lib/python3.10/site-packages/ugv_perception/gyroscope.py to gyroscope.cpython-310.pyc
byte-compiling /home/bluelule/ugv_project/ros2_ws/install/ugv_perception/lib/python3.10/site-packages/ugv_perception/obstacle_warning.py to obstacle_warning.cpython-310.pyc
byte-compiling /home/bluelule/ugv_project/ros2_ws/install/ugv_perception/lib/python3.10/site-packages/ugv_perception/zed_utils.py to zed_utils.cpython-310.pyc
byte-compiling /home/bluelule/ugv_project/ros2_ws/install/ugv_perception/lib/python3.10/site-packages/ugv_perception/accelerometer.py to accelerometer.cpython-310.pyc
byte-compiling /home/bluelule/ugv_project/ros2_ws/install/ugv_perception/lib/python3.10/site-packages/ugv_perception/magnetometer.py to magnetometer.cpython-310.pyc
running install_data
copying resource/ugv_perception -> /home/bluelule/ugv_project/ros2_ws/install/ugv_perception/share/ament_index/resource_index/packages
copying package.xml -> /home/bluelule/ugv_project/ros2_ws/install/ugv_perception/share/ugv_perception
running install_egg_info
Copying ../../build/ugv_perception/ugv_perception.egg-info to /home/bluelule/ugv_project/ros2_ws/install/ugv_perception/lib/python3.10/site-packages/ugv_perception-0.0.0-py3.10.egg-info
running install_scripts
Installing obstacle_warning script to /home/bluelule/ugv_project/ros2_ws/install/ugv_perception/lib/ugv_perception
Installing zed_obj_distance script to /home/bluelule/ugv_project/ros2_ws/install/ugv_perception/lib/ugv_perception
writing list of installed files to '/home/bluelule/ugv_project/ros2_ws/build/ugv_perception/install.log'
