[0.028s] Invoking command in '/home/bluelule/ugv_project/ros2_ws/build/zed_wrapper': CMAKE_PREFIX_PATH=/home/bluelule/ugv_project/ros2_ws/install/zed_components:/home/bluelule/ugv_project/ros2_ws/install/zed_ros2:/home/bluelule/ugv_project/ros2_ws/install/zed_wrapper:/home/bluelule/ugv_project/ros2_ws/install/rplidar_ros:/home/bluelule/ugv_project/ros2_ws/install/ugv_lidar:/home/bluelule/ugv_project/ros2_ws/install/ugv_perception:/opt/ros/humble LD_LIBRARY_PATH=/home/bluelule/ugv_project/ros2_ws/install/zed_components/lib:/opt/ros/humble/opt/rviz_ogre_vendor/lib:/opt/ros/humble/lib/aarch64-linux-gnu:/opt/ros/humble/lib:/usr/local/cuda-12.6/lib64 /usr/bin/cmake /home/bluelule/ugv_project/ros2_ws/src/third_party/zed-ros2-wrapper/zed_wrapper -DAMENT_CMAKE_SYMLINK_INSTALL=1 -DCMAKE_INSTALL_PREFIX=/home/bluelule/ugv_project/ros2_ws/install/zed_wrapper
[0.178s] -- The C compiler identification is GNU 11.4.0
[0.299s] -- The CXX compiler identification is GNU 11.4.0
[0.319s] -- Detecting C compiler ABI info
[0.463s] -- Detecting C compiler ABI info - done
[0.488s] -- Check for working C compiler: /usr/bin/cc - skipped
[0.490s] -- Detecting C compile features
[0.491s] -- Detecting C compile features - done
[0.503s] -- Detecting CXX compiler ABI info
[0.658s] -- Detecting CXX compiler ABI info - done
[0.683s] -- Check for working CXX compiler: /usr/bin/c++ - skipped
[0.684s] -- Detecting CXX compile features
[0.686s] -- Detecting CXX compile features - done
[0.697s] -- Found ament_cmake_auto: 1.3.12 (/opt/ros/humble/share/ament_cmake_auto/cmake)
[1.052s] -- Found Python3: /usr/bin/python3 (found version "3.10.12") found components: Interpreter 
[1.199s] -- Override CMake install command with custom implementation using symlinks instead of copying resources
[1.503s] -- Found rosidl_generator_c: 3.1.8 (/opt/ros/humble/share/rosidl_generator_c/cmake)
[1.513s] -- Found rosidl_adapter: 3.1.8 (/opt/ros/humble/share/rosidl_adapter/cmake)
[1.530s] -- Found rosidl_generator_cpp: 3.1.8 (/opt/ros/humble/share/rosidl_generator_cpp/cmake)
[1.554s] -- Using all available rosidl_typesupport_c: rosidl_typesupport_fastrtps_c;rosidl_typesupport_introspection_c
[1.583s] -- Using all available rosidl_typesupport_cpp: rosidl_typesupport_fastrtps_cpp;rosidl_typesupport_introspection_cpp
[1.666s] -- Found rmw_implementation_cmake: 6.1.2 (/opt/ros/humble/share/rmw_implementation_cmake/cmake)
[1.671s] -- Found rmw_fastrtps_cpp: 6.2.9 (/opt/ros/humble/share/rmw_fastrtps_cpp/cmake)
[1.824s] -- Found OpenSSL: /usr/lib/aarch64-linux-gnu/libcrypto.so (found version "3.0.2")  
[1.887s] -- Found FastRTPS: /opt/ros/humble/include  
[1.962s] -- Using RMW implementation 'rmw_fastrtps_cpp' as default
[1.979s] -- Looking for pthread.h
[2.113s] -- Looking for pthread.h - found
[2.113s] -- Performing Test CMAKE_HAVE_LIBC_PTHREAD
[2.272s] -- Performing Test CMAKE_HAVE_LIBC_PTHREAD - Success
[2.275s] -- Found Threads: TRUE  
[2.746s] -- Found eigen3_cmake_module: 0.1.1 (/opt/ros/humble/share/eigen3_cmake_module/cmake)
[2.748s] -- Found Eigen3: TRUE (found version "3.4.0") 
[2.748s] -- Ensuring Eigen3 include directory is part of orocos-kdl CMake target
[3.095s] -- Configuring done
[3.107s] -- Generating done
[3.112s] -- Build files have been written to: /home/bluelule/ugv_project/ros2_ws/build/zed_wrapper
[3.141s] Invoked command in '/home/bluelule/ugv_project/ros2_ws/build/zed_wrapper' returned '0': CMAKE_PREFIX_PATH=/home/bluelule/ugv_project/ros2_ws/install/zed_components:/home/bluelule/ugv_project/ros2_ws/install/zed_ros2:/home/bluelule/ugv_project/ros2_ws/install/zed_wrapper:/home/bluelule/ugv_project/ros2_ws/install/rplidar_ros:/home/bluelule/ugv_project/ros2_ws/install/ugv_lidar:/home/bluelule/ugv_project/ros2_ws/install/ugv_perception:/opt/ros/humble LD_LIBRARY_PATH=/home/bluelule/ugv_project/ros2_ws/install/zed_components/lib:/opt/ros/humble/opt/rviz_ogre_vendor/lib:/opt/ros/humble/lib/aarch64-linux-gnu:/opt/ros/humble/lib:/usr/local/cuda-12.6/lib64 /usr/bin/cmake /home/bluelule/ugv_project/ros2_ws/src/third_party/zed-ros2-wrapper/zed_wrapper -DAMENT_CMAKE_SYMLINK_INSTALL=1 -DCMAKE_INSTALL_PREFIX=/home/bluelule/ugv_project/ros2_ws/install/zed_wrapper
[3.145s] Invoking command in '/home/bluelule/ugv_project/ros2_ws/build/zed_wrapper': CMAKE_PREFIX_PATH=/home/bluelule/ugv_project/ros2_ws/install/zed_components:/home/bluelule/ugv_project/ros2_ws/install/zed_ros2:/home/bluelule/ugv_project/ros2_ws/install/zed_wrapper:/home/bluelule/ugv_project/ros2_ws/install/rplidar_ros:/home/bluelule/ugv_project/ros2_ws/install/ugv_lidar:/home/bluelule/ugv_project/ros2_ws/install/ugv_perception:/opt/ros/humble LD_LIBRARY_PATH=/home/bluelule/ugv_project/ros2_ws/install/zed_components/lib:/opt/ros/humble/opt/rviz_ogre_vendor/lib:/opt/ros/humble/lib/aarch64-linux-gnu:/opt/ros/humble/lib:/usr/local/cuda-12.6/lib64 /usr/bin/cmake --build /home/bluelule/ugv_project/ros2_ws/build/zed_wrapper -- -j6 -l6
[3.230s] Invoked command in '/home/bluelule/ugv_project/ros2_ws/build/zed_wrapper' returned '0': CMAKE_PREFIX_PATH=/home/bluelule/ugv_project/ros2_ws/install/zed_components:/home/bluelule/ugv_project/ros2_ws/install/zed_ros2:/home/bluelule/ugv_project/ros2_ws/install/zed_wrapper:/home/bluelule/ugv_project/ros2_ws/install/rplidar_ros:/home/bluelule/ugv_project/ros2_ws/install/ugv_lidar:/home/bluelule/ugv_project/ros2_ws/install/ugv_perception:/opt/ros/humble LD_LIBRARY_PATH=/home/bluelule/ugv_project/ros2_ws/install/zed_components/lib:/opt/ros/humble/opt/rviz_ogre_vendor/lib:/opt/ros/humble/lib/aarch64-linux-gnu:/opt/ros/humble/lib:/usr/local/cuda-12.6/lib64 /usr/bin/cmake --build /home/bluelule/ugv_project/ros2_ws/build/zed_wrapper -- -j6 -l6
[3.234s] Invoking command in '/home/bluelule/ugv_project/ros2_ws/build/zed_wrapper': CMAKE_PREFIX_PATH=/home/bluelule/ugv_project/ros2_ws/install/zed_components:/home/bluelule/ugv_project/ros2_ws/install/zed_ros2:/home/bluelule/ugv_project/ros2_ws/install/zed_wrapper:/home/bluelule/ugv_project/ros2_ws/install/rplidar_ros:/home/bluelule/ugv_project/ros2_ws/install/ugv_lidar:/home/bluelule/ugv_project/ros2_ws/install/ugv_perception:/opt/ros/humble LD_LIBRARY_PATH=/home/bluelule/ugv_project/ros2_ws/install/zed_components/lib:/opt/ros/humble/opt/rviz_ogre_vendor/lib:/opt/ros/humble/lib/aarch64-linux-gnu:/opt/ros/humble/lib:/usr/local/cuda-12.6/lib64 /usr/bin/cmake --install /home/bluelule/ugv_project/ros2_ws/build/zed_wrapper
[3.251s] -- Install configuration: ""
[3.252s] -- Execute custom install script
[3.254s] -- Symlinking: /home/bluelule/ugv_project/ros2_ws/install/zed_wrapper/share/zed_wrapper/config/common_mono.yaml
[3.273s] -- Symlinking: /home/bluelule/ugv_project/ros2_ws/install/zed_wrapper/share/zed_wrapper/config/common_stereo.yaml
[3.290s] -- Symlinking: /home/bluelule/ugv_project/ros2_ws/install/zed_wrapper/share/zed_wrapper/config/custom_object_detection.yaml
[3.308s] -- Symlinking: /home/bluelule/ugv_project/ros2_ws/install/zed_wrapper/share/zed_wrapper/config/object_detection.yaml
[3.325s] -- Symlinking: /home/bluelule/ugv_project/ros2_ws/install/zed_wrapper/share/zed_wrapper/config/virtual.yaml
[3.343s] -- Symlinking: /home/bluelule/ugv_project/ros2_ws/install/zed_wrapper/share/zed_wrapper/config/zed.yaml
[3.362s] -- Symlinking: /home/bluelule/ugv_project/ros2_ws/install/zed_wrapper/share/zed_wrapper/config/zed2.yaml
[3.381s] -- Symlinking: /home/bluelule/ugv_project/ros2_ws/install/zed_wrapper/share/zed_wrapper/config/zed2i.yaml
[3.398s] -- Symlinking: /home/bluelule/ugv_project/ros2_ws/install/zed_wrapper/share/zed_wrapper/config/zedm.yaml
[3.416s] -- Symlinking: /home/bluelule/ugv_project/ros2_ws/install/zed_wrapper/share/zed_wrapper/config/zedx.yaml
[3.433s] -- Symlinking: /home/bluelule/ugv_project/ros2_ws/install/zed_wrapper/share/zed_wrapper/config/zedxhdr.yaml
[3.452s] -- Symlinking: /home/bluelule/ugv_project/ros2_ws/install/zed_wrapper/share/zed_wrapper/config/zedxhdrmax.yaml
[3.470s] -- Symlinking: /home/bluelule/ugv_project/ros2_ws/install/zed_wrapper/share/zed_wrapper/config/zedxhdrmini.yaml
[3.487s] -- Symlinking: /home/bluelule/ugv_project/ros2_ws/install/zed_wrapper/share/zed_wrapper/config/zedxm.yaml
[3.506s] -- Symlinking: /home/bluelule/ugv_project/ros2_ws/install/zed_wrapper/share/zed_wrapper/config/zedxone4k.yaml
[3.523s] -- Symlinking: /home/bluelule/ugv_project/ros2_ws/install/zed_wrapper/share/zed_wrapper/config/zedxonegs.yaml
[3.541s] -- Symlinking: /home/bluelule/ugv_project/ros2_ws/install/zed_wrapper/share/zed_wrapper/config/zedxonehdr.yaml
[3.560s] -- Symlinking: /home/bluelule/ugv_project/ros2_ws/install/zed_wrapper/share/zed_wrapper/urdf/zed_descr.urdf.xacro
[3.578s] -- Symlinking: /home/bluelule/ugv_project/ros2_ws/install/zed_wrapper/share/zed_wrapper/urdf/zed_macro.urdf.xacro
[3.596s] -- Symlinking: /home/bluelule/ugv_project/ros2_ws/install/zed_wrapper/share/zed_wrapper/launch/zed_camera.launch.py
[3.614s] -- Symlinking: /home/bluelule/ugv_project/ros2_ws/install/zed_wrapper/share/ament_index/resource_index/package_run_dependencies/zed_wrapper
[3.631s] -- Symlinking: /home/bluelule/ugv_project/ros2_ws/install/zed_wrapper/share/ament_index/resource_index/parent_prefix_path/zed_wrapper
[3.649s] -- Symlinking: /home/bluelule/ugv_project/ros2_ws/install/zed_wrapper/share/zed_wrapper/environment/ament_prefix_path.sh
[3.668s] -- Symlinking: /home/bluelule/ugv_project/ros2_ws/install/zed_wrapper/share/zed_wrapper/environment/ament_prefix_path.dsv
[3.686s] -- Symlinking: /home/bluelule/ugv_project/ros2_ws/install/zed_wrapper/share/zed_wrapper/environment/path.sh
[3.704s] -- Symlinking: /home/bluelule/ugv_project/ros2_ws/install/zed_wrapper/share/zed_wrapper/environment/path.dsv
[3.723s] -- Symlinking: /home/bluelule/ugv_project/ros2_ws/install/zed_wrapper/share/zed_wrapper/local_setup.bash
[3.741s] -- Symlinking: /home/bluelule/ugv_project/ros2_ws/install/zed_wrapper/share/zed_wrapper/local_setup.sh
[3.759s] -- Symlinking: /home/bluelule/ugv_project/ros2_ws/install/zed_wrapper/share/zed_wrapper/local_setup.zsh
[3.778s] -- Symlinking: /home/bluelule/ugv_project/ros2_ws/install/zed_wrapper/share/zed_wrapper/local_setup.dsv
[3.795s] -- Symlinking: /home/bluelule/ugv_project/ros2_ws/install/zed_wrapper/share/zed_wrapper/package.dsv
[3.814s] -- Symlinking: /home/bluelule/ugv_project/ros2_ws/install/zed_wrapper/share/ament_index/resource_index/packages/zed_wrapper
[3.832s] -- Symlinking: /home/bluelule/ugv_project/ros2_ws/install/zed_wrapper/share/zed_wrapper/cmake/zed_wrapperConfig.cmake
[3.850s] -- Symlinking: /home/bluelule/ugv_project/ros2_ws/install/zed_wrapper/share/zed_wrapper/cmake/zed_wrapperConfig-version.cmake
[3.868s] -- Symlinking: /home/bluelule/ugv_project/ros2_ws/install/zed_wrapper/share/zed_wrapper/package.xml
[3.890s] Invoked command in '/home/bluelule/ugv_project/ros2_ws/build/zed_wrapper' returned '0': CMAKE_PREFIX_PATH=/home/bluelule/ugv_project/ros2_ws/install/zed_components:/home/bluelule/ugv_project/ros2_ws/install/zed_ros2:/home/bluelule/ugv_project/ros2_ws/install/zed_wrapper:/home/bluelule/ugv_project/ros2_ws/install/rplidar_ros:/home/bluelule/ugv_project/ros2_ws/install/ugv_lidar:/home/bluelule/ugv_project/ros2_ws/install/ugv_perception:/opt/ros/humble LD_LIBRARY_PATH=/home/bluelule/ugv_project/ros2_ws/install/zed_components/lib:/opt/ros/humble/opt/rviz_ogre_vendor/lib:/opt/ros/humble/lib/aarch64-linux-gnu:/opt/ros/humble/lib:/usr/local/cuda-12.6/lib64 /usr/bin/cmake --install /home/bluelule/ugv_project/ros2_ws/build/zed_wrapper
