running egg_info
creating ../../build/ugv_serial_odom/ugv_serial_odom.egg-info
writing ../../build/ugv_serial_odom/ugv_serial_odom.egg-info/PKG-INFO
writing dependency_links to ../../build/ugv_serial_odom/ugv_serial_odom.egg-info/dependency_links.txt
writing entry points to ../../build/ugv_serial_odom/ugv_serial_odom.egg-info/entry_points.txt
writing requirements to ../../build/ugv_serial_odom/ugv_serial_odom.egg-info/requires.txt
writing top-level names to ../../build/ugv_serial_odom/ugv_serial_odom.egg-info/top_level.txt
writing manifest file '../../build/ugv_serial_odom/ugv_serial_odom.egg-info/SOURCES.txt'
reading manifest file '../../build/ugv_serial_odom/ugv_serial_odom.egg-info/SOURCES.txt'
writing manifest file '../../build/ugv_serial_odom/ugv_serial_odom.egg-info/SOURCES.txt'
running build
running build_py
creating /home/bluelule/ugv_project/ros2_ws/build/ugv_serial_odom/build
creating /home/bluelule/ugv_project/ros2_ws/build/ugv_serial_odom/build/lib
creating /home/bluelule/ugv_project/ros2_ws/build/ugv_serial_odom/build/lib/ugv_serial_odom
copying ugv_serial_odom/serial_odom_node.py -> /home/bluelule/ugv_project/ros2_ws/build/ugv_serial_odom/build/lib/ugv_serial_odom
copying ugv_serial_odom/__init__.py -> /home/bluelule/ugv_project/ros2_ws/build/ugv_serial_odom/build/lib/ugv_serial_odom
running install
running install_lib
creating /home/bluelule/ugv_project/ros2_ws/install/ugv_serial_odom/lib/python3.10/site-packages/ugv_serial_odom
copying /home/bluelule/ugv_project/ros2_ws/build/ugv_serial_odom/build/lib/ugv_serial_odom/serial_odom_node.py -> /home/bluelule/ugv_project/ros2_ws/install/ugv_serial_odom/lib/python3.10/site-packages/ugv_serial_odom
copying /home/bluelule/ugv_project/ros2_ws/build/ugv_serial_odom/build/lib/ugv_serial_odom/__init__.py -> /home/bluelule/ugv_project/ros2_ws/install/ugv_serial_odom/lib/python3.10/site-packages/ugv_serial_odom
byte-compiling /home/bluelule/ugv_project/ros2_ws/install/ugv_serial_odom/lib/python3.10/site-packages/ugv_serial_odom/serial_odom_node.py to serial_odom_node.cpython-310.pyc
byte-compiling /home/bluelule/ugv_project/ros2_ws/install/ugv_serial_odom/lib/python3.10/site-packages/ugv_serial_odom/__init__.py to __init__.cpython-310.pyc
running install_data
creating /home/bluelule/ugv_project/ros2_ws/install/ugv_serial_odom/share/ament_index
creating /home/bluelule/ugv_project/ros2_ws/install/ugv_serial_odom/share/ament_index/resource_index
creating /home/bluelule/ugv_project/ros2_ws/install/ugv_serial_odom/share/ament_index/resource_index/packages
copying resource/ugv_serial_odom -> /home/bluelule/ugv_project/ros2_ws/install/ugv_serial_odom/share/ament_index/resource_index/packages
copying package.xml -> /home/bluelule/ugv_project/ros2_ws/install/ugv_serial_odom/share/ugv_serial_odom
running install_egg_info
Copying ../../build/ugv_serial_odom/ugv_serial_odom.egg-info to /home/bluelule/ugv_project/ros2_ws/install/ugv_serial_odom/lib/python3.10/site-packages/ugv_serial_odom-0.0.0-py3.10.egg-info
running install_scripts
Installing serial_odom script to /home/bluelule/ugv_project/ros2_ws/install/ugv_serial_odom/lib/ugv_serial_odom
writing list of installed files to '/home/bluelule/ugv_project/ros2_ws/build/ugv_serial_odom/install.log'
