[1.265s] Invoking command in '/home/bluelule/ugv_project/ros2_ws/src/ugv_serial_odom': PYTHONPATH=/home/bluelule/ugv_project/ros2_ws/build/ugv_serial_odom/prefix_override:/usr/lib/python3/dist-packages/colcon_core/task/python/colcon_distutils_commands:/home/bluelule/ugv_project/ros2_ws/install/ugv_serial_odom/lib/python3.10/site-packages:${PYTHONPATH} /usr/bin/python3 -W ignore:setup.py install is deprecated -W ignore:easy_install command is deprecated setup.py egg_info --egg-base ../../build/ugv_serial_odom build --build-base /home/bluelule/ugv_project/ros2_ws/build/ugv_serial_odom/build install --record /home/bluelule/ugv_project/ros2_ws/build/ugv_serial_odom/install.log --single-version-externally-managed install_data
[1.704s] running egg_info
[1.705s] creating ../../build/ugv_serial_odom/ugv_serial_odom.egg-info
[1.705s] writing ../../build/ugv_serial_odom/ugv_serial_odom.egg-info/PKG-INFO
[1.705s] writing dependency_links to ../../build/ugv_serial_odom/ugv_serial_odom.egg-info/dependency_links.txt
[1.706s] writing entry points to ../../build/ugv_serial_odom/ugv_serial_odom.egg-info/entry_points.txt
[1.706s] writing requirements to ../../build/ugv_serial_odom/ugv_serial_odom.egg-info/requires.txt
[1.706s] writing top-level names to ../../build/ugv_serial_odom/ugv_serial_odom.egg-info/top_level.txt
[1.707s] writing manifest file '../../build/ugv_serial_odom/ugv_serial_odom.egg-info/SOURCES.txt'
[1.709s] reading manifest file '../../build/ugv_serial_odom/ugv_serial_odom.egg-info/SOURCES.txt'
[1.711s] writing manifest file '../../build/ugv_serial_odom/ugv_serial_odom.egg-info/SOURCES.txt'
[1.711s] running build
[1.711s] running build_py
[1.711s] creating /home/bluelule/ugv_project/ros2_ws/build/ugv_serial_odom/build
[1.711s] creating /home/bluelule/ugv_project/ros2_ws/build/ugv_serial_odom/build/lib
[1.711s] creating /home/bluelule/ugv_project/ros2_ws/build/ugv_serial_odom/build/lib/ugv_serial_odom
[1.712s] copying ugv_serial_odom/serial_odom_node.py -> /home/bluelule/ugv_project/ros2_ws/build/ugv_serial_odom/build/lib/ugv_serial_odom
[1.712s] copying ugv_serial_odom/__init__.py -> /home/bluelule/ugv_project/ros2_ws/build/ugv_serial_odom/build/lib/ugv_serial_odom
[1.713s] running install
[1.713s] running install_lib
[1.717s] creating /home/bluelule/ugv_project/ros2_ws/install/ugv_serial_odom/lib/python3.10/site-packages/ugv_serial_odom
[1.717s] copying /home/bluelule/ugv_project/ros2_ws/build/ugv_serial_odom/build/lib/ugv_serial_odom/serial_odom_node.py -> /home/bluelule/ugv_project/ros2_ws/install/ugv_serial_odom/lib/python3.10/site-packages/ugv_serial_odom
[1.717s] copying /home/bluelule/ugv_project/ros2_ws/build/ugv_serial_odom/build/lib/ugv_serial_odom/__init__.py -> /home/bluelule/ugv_project/ros2_ws/install/ugv_serial_odom/lib/python3.10/site-packages/ugv_serial_odom
[1.718s] byte-compiling /home/bluelule/ugv_project/ros2_ws/install/ugv_serial_odom/lib/python3.10/site-packages/ugv_serial_odom/serial_odom_node.py to serial_odom_node.cpython-310.pyc
[1.720s] byte-compiling /home/bluelule/ugv_project/ros2_ws/install/ugv_serial_odom/lib/python3.10/site-packages/ugv_serial_odom/__init__.py to __init__.cpython-310.pyc
[1.720s] running install_data
[1.721s] creating /home/bluelule/ugv_project/ros2_ws/install/ugv_serial_odom/share/ament_index
[1.721s] creating /home/bluelule/ugv_project/ros2_ws/install/ugv_serial_odom/share/ament_index/resource_index
[1.721s] creating /home/bluelule/ugv_project/ros2_ws/install/ugv_serial_odom/share/ament_index/resource_index/packages
[1.721s] copying resource/ugv_serial_odom -> /home/bluelule/ugv_project/ros2_ws/install/ugv_serial_odom/share/ament_index/resource_index/packages
[1.721s] copying package.xml -> /home/bluelule/ugv_project/ros2_ws/install/ugv_serial_odom/share/ugv_serial_odom
[1.722s] running install_egg_info
[1.725s] Copying ../../build/ugv_serial_odom/ugv_serial_odom.egg-info to /home/bluelule/ugv_project/ros2_ws/install/ugv_serial_odom/lib/python3.10/site-packages/ugv_serial_odom-0.0.0-py3.10.egg-info
[1.727s] running install_scripts
[1.763s] Installing serial_odom script to /home/bluelule/ugv_project/ros2_ws/install/ugv_serial_odom/lib/ugv_serial_odom
[1.764s] writing list of installed files to '/home/bluelule/ugv_project/ros2_ws/build/ugv_serial_odom/install.log'
[1.825s] Invoked command in '/home/bluelule/ugv_project/ros2_ws/src/ugv_serial_odom' returned '0': PYTHONPATH=/home/bluelule/ugv_project/ros2_ws/build/ugv_serial_odom/prefix_override:/usr/lib/python3/dist-packages/colcon_core/task/python/colcon_distutils_commands:/home/bluelule/ugv_project/ros2_ws/install/ugv_serial_odom/lib/python3.10/site-packages:${PYTHONPATH} /usr/bin/python3 -W ignore:setup.py install is deprecated -W ignore:easy_install command is deprecated setup.py egg_info --egg-base ../../build/ugv_serial_odom build --build-base /home/bluelule/ugv_project/ros2_ws/build/ugv_serial_odom/build install --record /home/bluelule/ugv_project/ros2_ws/build/ugv_serial_odom/install.log --single-version-externally-managed install_data
