[0.234s] DEBUG:colcon:Command line arguments: ['/usr/bin/colcon', 'build', '--symlink-install']
[0.235s] DEBUG:colcon:Parsed command line arguments: Namespace(log_base=None, log_level=None, verb_name='build', build_base='build', install_base='install', merge_install=False, symlink_install=True, test_result_base=None, continue_on_error=False, executor='parallel', parallel_workers=6, event_handlers=None, ignore_user_meta=False, metas=['./colcon.meta'], base_paths=['.'], packages_ignore=None, packages_ignore_regex=None, paths=None, packages_up_to=None, packages_up_to_regex=None, packages_above=None, packages_above_and_dependencies=None, packages_above_depth=None, packages_select_by_dep=None, packages_skip_by_dep=None, packages_skip_up_to=None, packages_select_build_failed=False, packages_skip_build_finished=False, packages_select_test_failures=False, packages_skip_test_passed=False, packages_select=None, packages_skip=None, packages_select_regex=None, packages_skip_regex=None, packages_start=None, packages_end=None, allow_overriding=[], cmake_args=None, cmake_target=None, cmake_target_skip_unavailable=False, cmake_clean_cache=False, cmake_clean_first=False, cmake_force_configure=False, ament_cmake_args=None, catkin_cmake_args=None, catkin_skip_building_tests=False, verb_parser=<colcon_defaults.argument_parser.defaults.DefaultArgumentsDecorator object at 0xffff944a8430>, verb_extension=<colcon_core.verb.build.BuildVerb object at 0xffff9446fee0>, main=<bound method BuildVerb.main of <colcon_core.verb.build.BuildVerb object at 0xffff9446fee0>>)
[0.597s] Level 1:colcon.colcon_core.package_discovery:discover_packages(colcon_meta) check parameters
[0.597s] Level 1:colcon.colcon_core.package_discovery:discover_packages(recursive) check parameters
[0.597s] Level 1:colcon.colcon_core.package_discovery:discover_packages(ignore) check parameters
[0.597s] Level 1:colcon.colcon_core.package_discovery:discover_packages(path) check parameters
[0.597s] Level 1:colcon.colcon_core.package_discovery:discover_packages(colcon_meta) discover
[0.597s] Level 1:colcon.colcon_core.package_discovery:discover_packages(recursive) discover
[0.597s] INFO:colcon.colcon_core.package_discovery:Crawling recursively for packages in '/home/bluelule/ugv_project/ros2_ws'
[0.598s] Level 1:colcon.colcon_core.package_identification:_identify(.) by extensions ['ignore', 'ignore_ament_install']
[0.598s] Level 1:colcon.colcon_core.package_identification:_identify(.) by extension 'ignore'
[0.598s] Level 1:colcon.colcon_core.package_identification:_identify(.) by extension 'ignore_ament_install'
[0.598s] Level 1:colcon.colcon_core.package_identification:_identify(.) by extensions ['colcon_pkg']
[0.598s] Level 1:colcon.colcon_core.package_identification:_identify(.) by extension 'colcon_pkg'
[0.598s] Level 1:colcon.colcon_core.package_identification:_identify(.) by extensions ['colcon_meta']
[0.598s] Level 1:colcon.colcon_core.package_identification:_identify(.) by extension 'colcon_meta'
[0.598s] Level 1:colcon.colcon_core.package_identification:_identify(.) by extensions ['ros']
[0.599s] Level 1:colcon.colcon_core.package_identification:_identify(.) by extension 'ros'
[0.619s] Level 1:colcon.colcon_core.package_identification:_identify(.) by extensions ['cmake', 'python']
[0.619s] Level 1:colcon.colcon_core.package_identification:_identify(.) by extension 'cmake'
[0.619s] Level 1:colcon.colcon_core.package_identification:_identify(.) by extension 'python'
[0.619s] Level 1:colcon.colcon_core.package_identification:_identify(.) by extensions ['python_setup_py']
[0.620s] Level 1:colcon.colcon_core.package_identification:_identify(.) by extension 'python_setup_py'
[0.620s] Level 1:colcon.colcon_core.package_identification:_identify(build) by extensions ['ignore', 'ignore_ament_install']
[0.620s] Level 1:colcon.colcon_core.package_identification:_identify(build) by extension 'ignore'
[0.620s] Level 1:colcon.colcon_core.package_identification:_identify(build) ignored
[0.620s] Level 1:colcon.colcon_core.package_identification:_identify(install) by extensions ['ignore', 'ignore_ament_install']
[0.621s] Level 1:colcon.colcon_core.package_identification:_identify(install) by extension 'ignore'
[0.621s] Level 1:colcon.colcon_core.package_identification:_identify(install) ignored
[0.621s] Level 1:colcon.colcon_core.package_identification:_identify(log) by extensions ['ignore', 'ignore_ament_install']
[0.621s] Level 1:colcon.colcon_core.package_identification:_identify(log) by extension 'ignore'
[0.621s] Level 1:colcon.colcon_core.package_identification:_identify(log) ignored
[0.621s] Level 1:colcon.colcon_core.package_identification:_identify(src) by extensions ['ignore', 'ignore_ament_install']
[0.621s] Level 1:colcon.colcon_core.package_identification:_identify(src) by extension 'ignore'
[0.621s] Level 1:colcon.colcon_core.package_identification:_identify(src) by extension 'ignore_ament_install'
[0.622s] Level 1:colcon.colcon_core.package_identification:_identify(src) by extensions ['colcon_pkg']
[0.622s] Level 1:colcon.colcon_core.package_identification:_identify(src) by extension 'colcon_pkg'
[0.622s] Level 1:colcon.colcon_core.package_identification:_identify(src) by extensions ['colcon_meta']
[0.622s] Level 1:colcon.colcon_core.package_identification:_identify(src) by extension 'colcon_meta'
[0.622s] Level 1:colcon.colcon_core.package_identification:_identify(src) by extensions ['ros']
[0.622s] Level 1:colcon.colcon_core.package_identification:_identify(src) by extension 'ros'
[0.622s] Level 1:colcon.colcon_core.package_identification:_identify(src) by extensions ['cmake', 'python']
[0.622s] Level 1:colcon.colcon_core.package_identification:_identify(src) by extension 'cmake'
[0.622s] Level 1:colcon.colcon_core.package_identification:_identify(src) by extension 'python'
[0.622s] Level 1:colcon.colcon_core.package_identification:_identify(src) by extensions ['python_setup_py']
[0.622s] Level 1:colcon.colcon_core.package_identification:_identify(src) by extension 'python_setup_py'
[0.623s] Level 1:colcon.colcon_core.package_identification:_identify(src/third_party) by extensions ['ignore', 'ignore_ament_install']
[0.623s] Level 1:colcon.colcon_core.package_identification:_identify(src/third_party) by extension 'ignore'
[0.623s] Level 1:colcon.colcon_core.package_identification:_identify(src/third_party) by extension 'ignore_ament_install'
[0.623s] Level 1:colcon.colcon_core.package_identification:_identify(src/third_party) by extensions ['colcon_pkg']
[0.623s] Level 1:colcon.colcon_core.package_identification:_identify(src/third_party) by extension 'colcon_pkg'
[0.623s] Level 1:colcon.colcon_core.package_identification:_identify(src/third_party) by extensions ['colcon_meta']
[0.623s] Level 1:colcon.colcon_core.package_identification:_identify(src/third_party) by extension 'colcon_meta'
[0.623s] Level 1:colcon.colcon_core.package_identification:_identify(src/third_party) by extensions ['ros']
[0.623s] Level 1:colcon.colcon_core.package_identification:_identify(src/third_party) by extension 'ros'
[0.623s] Level 1:colcon.colcon_core.package_identification:_identify(src/third_party) by extensions ['cmake', 'python']
[0.624s] Level 1:colcon.colcon_core.package_identification:_identify(src/third_party) by extension 'cmake'
[0.624s] Level 1:colcon.colcon_core.package_identification:_identify(src/third_party) by extension 'python'
[0.624s] Level 1:colcon.colcon_core.package_identification:_identify(src/third_party) by extensions ['python_setup_py']
[0.624s] Level 1:colcon.colcon_core.package_identification:_identify(src/third_party) by extension 'python_setup_py'
[0.624s] Level 1:colcon.colcon_core.package_identification:_identify(src/third_party/zed-ros2-wrapper) by extensions ['ignore', 'ignore_ament_install']
[0.624s] Level 1:colcon.colcon_core.package_identification:_identify(src/third_party/zed-ros2-wrapper) by extension 'ignore'
[0.624s] Level 1:colcon.colcon_core.package_identification:_identify(src/third_party/zed-ros2-wrapper) by extension 'ignore_ament_install'
[0.624s] Level 1:colcon.colcon_core.package_identification:_identify(src/third_party/zed-ros2-wrapper) by extensions ['colcon_pkg']
[0.624s] Level 1:colcon.colcon_core.package_identification:_identify(src/third_party/zed-ros2-wrapper) by extension 'colcon_pkg'
[0.624s] Level 1:colcon.colcon_core.package_identification:_identify(src/third_party/zed-ros2-wrapper) by extensions ['colcon_meta']
[0.624s] Level 1:colcon.colcon_core.package_identification:_identify(src/third_party/zed-ros2-wrapper) by extension 'colcon_meta'
[0.625s] Level 1:colcon.colcon_core.package_identification:_identify(src/third_party/zed-ros2-wrapper) by extensions ['ros']
[0.625s] Level 1:colcon.colcon_core.package_identification:_identify(src/third_party/zed-ros2-wrapper) by extension 'ros'
[0.625s] Level 1:colcon.colcon_core.package_identification:_identify(src/third_party/zed-ros2-wrapper) by extensions ['cmake', 'python']
[0.625s] Level 1:colcon.colcon_core.package_identification:_identify(src/third_party/zed-ros2-wrapper) by extension 'cmake'
[0.625s] Level 1:colcon.colcon_core.package_identification:_identify(src/third_party/zed-ros2-wrapper) by extension 'python'
[0.625s] Level 1:colcon.colcon_core.package_identification:_identify(src/third_party/zed-ros2-wrapper) by extensions ['python_setup_py']
[0.625s] Level 1:colcon.colcon_core.package_identification:_identify(src/third_party/zed-ros2-wrapper) by extension 'python_setup_py'
[0.626s] Level 1:colcon.colcon_core.package_identification:_identify(src/third_party/zed-ros2-wrapper/docker) by extensions ['ignore', 'ignore_ament_install']
[0.626s] Level 1:colcon.colcon_core.package_identification:_identify(src/third_party/zed-ros2-wrapper/docker) by extension 'ignore'
[0.626s] Level 1:colcon.colcon_core.package_identification:_identify(src/third_party/zed-ros2-wrapper/docker) by extension 'ignore_ament_install'
[0.626s] Level 1:colcon.colcon_core.package_identification:_identify(src/third_party/zed-ros2-wrapper/docker) by extensions ['colcon_pkg']
[0.626s] Level 1:colcon.colcon_core.package_identification:_identify(src/third_party/zed-ros2-wrapper/docker) by extension 'colcon_pkg'
[0.626s] Level 1:colcon.colcon_core.package_identification:_identify(src/third_party/zed-ros2-wrapper/docker) by extensions ['colcon_meta']
[0.626s] Level 1:colcon.colcon_core.package_identification:_identify(src/third_party/zed-ros2-wrapper/docker) by extension 'colcon_meta'
[0.626s] Level 1:colcon.colcon_core.package_identification:_identify(src/third_party/zed-ros2-wrapper/docker) by extensions ['ros']
[0.626s] Level 1:colcon.colcon_core.package_identification:_identify(src/third_party/zed-ros2-wrapper/docker) by extension 'ros'
[0.627s] Level 1:colcon.colcon_core.package_identification:_identify(src/third_party/zed-ros2-wrapper/docker) by extensions ['cmake', 'python']
[0.627s] Level 1:colcon.colcon_core.package_identification:_identify(src/third_party/zed-ros2-wrapper/docker) by extension 'cmake'
[0.627s] Level 1:colcon.colcon_core.package_identification:_identify(src/third_party/zed-ros2-wrapper/docker) by extension 'python'
[0.627s] Level 1:colcon.colcon_core.package_identification:_identify(src/third_party/zed-ros2-wrapper/docker) by extensions ['python_setup_py']
[0.627s] Level 1:colcon.colcon_core.package_identification:_identify(src/third_party/zed-ros2-wrapper/docker) by extension 'python_setup_py'
[0.627s] Level 1:colcon.colcon_core.package_identification:_identify(src/third_party/zed-ros2-wrapper/images) by extensions ['ignore', 'ignore_ament_install']
[0.627s] Level 1:colcon.colcon_core.package_identification:_identify(src/third_party/zed-ros2-wrapper/images) by extension 'ignore'
[0.627s] Level 1:colcon.colcon_core.package_identification:_identify(src/third_party/zed-ros2-wrapper/images) by extension 'ignore_ament_install'
[0.627s] Level 1:colcon.colcon_core.package_identification:_identify(src/third_party/zed-ros2-wrapper/images) by extensions ['colcon_pkg']
[0.628s] Level 1:colcon.colcon_core.package_identification:_identify(src/third_party/zed-ros2-wrapper/images) by extension 'colcon_pkg'
[0.628s] Level 1:colcon.colcon_core.package_identification:_identify(src/third_party/zed-ros2-wrapper/images) by extensions ['colcon_meta']
[0.628s] Level 1:colcon.colcon_core.package_identification:_identify(src/third_party/zed-ros2-wrapper/images) by extension 'colcon_meta'
[0.628s] Level 1:colcon.colcon_core.package_identification:_identify(src/third_party/zed-ros2-wrapper/images) by extensions ['ros']
[0.628s] Level 1:colcon.colcon_core.package_identification:_identify(src/third_party/zed-ros2-wrapper/images) by extension 'ros'
[0.628s] Level 1:colcon.colcon_core.package_identification:_identify(src/third_party/zed-ros2-wrapper/images) by extensions ['cmake', 'python']
[0.628s] Level 1:colcon.colcon_core.package_identification:_identify(src/third_party/zed-ros2-wrapper/images) by extension 'cmake'
[0.628s] Level 1:colcon.colcon_core.package_identification:_identify(src/third_party/zed-ros2-wrapper/images) by extension 'python'
[0.628s] Level 1:colcon.colcon_core.package_identification:_identify(src/third_party/zed-ros2-wrapper/images) by extensions ['python_setup_py']
[0.628s] Level 1:colcon.colcon_core.package_identification:_identify(src/third_party/zed-ros2-wrapper/images) by extension 'python_setup_py'
[0.628s] Level 1:colcon.colcon_core.package_identification:_identify(src/third_party/zed-ros2-wrapper/zed_components) by extensions ['ignore', 'ignore_ament_install']
[0.629s] Level 1:colcon.colcon_core.package_identification:_identify(src/third_party/zed-ros2-wrapper/zed_components) by extension 'ignore'
[0.629s] Level 1:colcon.colcon_core.package_identification:_identify(src/third_party/zed-ros2-wrapper/zed_components) by extension 'ignore_ament_install'
[0.629s] Level 1:colcon.colcon_core.package_identification:_identify(src/third_party/zed-ros2-wrapper/zed_components) by extensions ['colcon_pkg']
[0.629s] Level 1:colcon.colcon_core.package_identification:_identify(src/third_party/zed-ros2-wrapper/zed_components) by extension 'colcon_pkg'
[0.629s] Level 1:colcon.colcon_core.package_identification:_identify(src/third_party/zed-ros2-wrapper/zed_components) by extensions ['colcon_meta']
[0.629s] Level 1:colcon.colcon_core.package_identification:_identify(src/third_party/zed-ros2-wrapper/zed_components) by extension 'colcon_meta'
[0.629s] Level 1:colcon.colcon_core.package_identification:_identify(src/third_party/zed-ros2-wrapper/zed_components) by extensions ['ros']
[0.629s] Level 1:colcon.colcon_core.package_identification:_identify(src/third_party/zed-ros2-wrapper/zed_components) by extension 'ros'
[0.635s] DEBUG:colcon.colcon_core.package_identification:Package 'src/third_party/zed-ros2-wrapper/zed_components' with type 'ros.ament_cmake' and name 'zed_components'
[0.635s] Level 1:colcon.colcon_core.package_identification:_identify(src/third_party/zed-ros2-wrapper/zed_ros2) by extensions ['ignore', 'ignore_ament_install']
[0.635s] Level 1:colcon.colcon_core.package_identification:_identify(src/third_party/zed-ros2-wrapper/zed_ros2) by extension 'ignore'
[0.636s] Level 1:colcon.colcon_core.package_identification:_identify(src/third_party/zed-ros2-wrapper/zed_ros2) by extension 'ignore_ament_install'
[0.636s] Level 1:colcon.colcon_core.package_identification:_identify(src/third_party/zed-ros2-wrapper/zed_ros2) by extensions ['colcon_pkg']
[0.636s] Level 1:colcon.colcon_core.package_identification:_identify(src/third_party/zed-ros2-wrapper/zed_ros2) by extension 'colcon_pkg'
[0.636s] Level 1:colcon.colcon_core.package_identification:_identify(src/third_party/zed-ros2-wrapper/zed_ros2) by extensions ['colcon_meta']
[0.636s] Level 1:colcon.colcon_core.package_identification:_identify(src/third_party/zed-ros2-wrapper/zed_ros2) by extension 'colcon_meta'
[0.636s] Level 1:colcon.colcon_core.package_identification:_identify(src/third_party/zed-ros2-wrapper/zed_ros2) by extensions ['ros']
[0.636s] Level 1:colcon.colcon_core.package_identification:_identify(src/third_party/zed-ros2-wrapper/zed_ros2) by extension 'ros'
[0.637s] DEBUG:colcon.colcon_core.package_identification:Package 'src/third_party/zed-ros2-wrapper/zed_ros2' with type 'ros.ament_cmake' and name 'zed_ros2'
[0.637s] Level 1:colcon.colcon_core.package_identification:_identify(src/third_party/zed-ros2-wrapper/zed_wrapper) by extensions ['ignore', 'ignore_ament_install']
[0.638s] Level 1:colcon.colcon_core.package_identification:_identify(src/third_party/zed-ros2-wrapper/zed_wrapper) by extension 'ignore'
[0.638s] Level 1:colcon.colcon_core.package_identification:_identify(src/third_party/zed-ros2-wrapper/zed_wrapper) by extension 'ignore_ament_install'
[0.638s] Level 1:colcon.colcon_core.package_identification:_identify(src/third_party/zed-ros2-wrapper/zed_wrapper) by extensions ['colcon_pkg']
[0.638s] Level 1:colcon.colcon_core.package_identification:_identify(src/third_party/zed-ros2-wrapper/zed_wrapper) by extension 'colcon_pkg'
[0.638s] Level 1:colcon.colcon_core.package_identification:_identify(src/third_party/zed-ros2-wrapper/zed_wrapper) by extensions ['colcon_meta']
[0.638s] Level 1:colcon.colcon_core.package_identification:_identify(src/third_party/zed-ros2-wrapper/zed_wrapper) by extension 'colcon_meta'
[0.638s] Level 1:colcon.colcon_core.package_identification:_identify(src/third_party/zed-ros2-wrapper/zed_wrapper) by extensions ['ros']
[0.638s] Level 1:colcon.colcon_core.package_identification:_identify(src/third_party/zed-ros2-wrapper/zed_wrapper) by extension 'ros'
[0.640s] DEBUG:colcon.colcon_core.package_identification:Package 'src/third_party/zed-ros2-wrapper/zed_wrapper' with type 'ros.ament_cmake' and name 'zed_wrapper'
[0.640s] Level 1:colcon.colcon_core.package_identification:_identify(src/ugv_lidar) by extensions ['ignore', 'ignore_ament_install']
[0.640s] Level 1:colcon.colcon_core.package_identification:_identify(src/ugv_lidar) by extension 'ignore'
[0.640s] Level 1:colcon.colcon_core.package_identification:_identify(src/ugv_lidar) by extension 'ignore_ament_install'
[0.640s] Level 1:colcon.colcon_core.package_identification:_identify(src/ugv_lidar) by extensions ['colcon_pkg']
[0.640s] Level 1:colcon.colcon_core.package_identification:_identify(src/ugv_lidar) by extension 'colcon_pkg'
[0.640s] Level 1:colcon.colcon_core.package_identification:_identify(src/ugv_lidar) by extensions ['colcon_meta']
[0.640s] Level 1:colcon.colcon_core.package_identification:_identify(src/ugv_lidar) by extension 'colcon_meta'
[0.641s] Level 1:colcon.colcon_core.package_identification:_identify(src/ugv_lidar) by extensions ['ros']
[0.641s] Level 1:colcon.colcon_core.package_identification:_identify(src/ugv_lidar) by extension 'ros'
[0.642s] DEBUG:colcon.colcon_core.package_identification:Package 'src/ugv_lidar' with type 'ros.ament_python' and name 'ugv_lidar'
[0.642s] Level 1:colcon.colcon_core.package_identification:_identify(src/ugv_perception) by extensions ['ignore', 'ignore_ament_install']
[0.642s] Level 1:colcon.colcon_core.package_identification:_identify(src/ugv_perception) by extension 'ignore'
[0.643s] Level 1:colcon.colcon_core.package_identification:_identify(src/ugv_perception) by extension 'ignore_ament_install'
[0.643s] Level 1:colcon.colcon_core.package_identification:_identify(src/ugv_perception) by extensions ['colcon_pkg']
[0.643s] Level 1:colcon.colcon_core.package_identification:_identify(src/ugv_perception) by extension 'colcon_pkg'
[0.643s] Level 1:colcon.colcon_core.package_identification:_identify(src/ugv_perception) by extensions ['colcon_meta']
[0.643s] Level 1:colcon.colcon_core.package_identification:_identify(src/ugv_perception) by extension 'colcon_meta'
[0.643s] Level 1:colcon.colcon_core.package_identification:_identify(src/ugv_perception) by extensions ['ros']
[0.643s] Level 1:colcon.colcon_core.package_identification:_identify(src/ugv_perception) by extension 'ros'
[0.644s] DEBUG:colcon.colcon_core.package_identification:Package 'src/ugv_perception' with type 'ros.ament_python' and name 'ugv_perception'
[0.644s] Level 1:colcon.colcon_core.package_discovery:discover_packages(recursive) using defaults
[0.644s] Level 1:colcon.colcon_core.package_discovery:discover_packages(ignore) discover
[0.645s] Level 1:colcon.colcon_core.package_discovery:discover_packages(ignore) using defaults
[0.645s] Level 1:colcon.colcon_core.package_discovery:discover_packages(path) discover
[0.645s] Level 1:colcon.colcon_core.package_discovery:discover_packages(path) using defaults
[0.718s] Level 1:colcon.colcon_core.package_discovery:discover_packages(prefix_path) check parameters
[0.718s] Level 1:colcon.colcon_core.package_discovery:discover_packages(prefix_path) discover
[0.721s] WARNING:colcon.colcon_ros.prefix_path.ament:The path '/home/bluelule/ugv_project/ros2_ws/install/rplidar_ros' in the environment variable AMENT_PREFIX_PATH doesn't exist
[0.721s] WARNING:colcon.colcon_ros.prefix_path.catkin:The path '/home/bluelule/ugv_project/ros2_ws/install/rplidar_ros' in the environment variable CMAKE_PREFIX_PATH doesn't exist
[0.723s] DEBUG:colcon.colcon_installed_package_information.package_discovery:Found 5 installed packages in /home/bluelule/ugv_project/ros2_ws/install
[0.725s] DEBUG:colcon.colcon_installed_package_information.package_discovery:Found 298 installed packages in /opt/ros/humble
[0.728s] Level 1:colcon.colcon_core.package_discovery:discover_packages(prefix_path) using defaults
[0.801s] Level 5:colcon.colcon_core.verb:set package 'ugv_lidar' build argument 'cmake_args' from command line to 'None'
[0.801s] Level 5:colcon.colcon_core.verb:set package 'ugv_lidar' build argument 'cmake_target' from command line to 'None'
[0.801s] Level 5:colcon.colcon_core.verb:set package 'ugv_lidar' build argument 'cmake_target_skip_unavailable' from command line to 'False'
[0.801s] Level 5:colcon.colcon_core.verb:set package 'ugv_lidar' build argument 'cmake_clean_cache' from command line to 'False'
[0.801s] Level 5:colcon.colcon_core.verb:set package 'ugv_lidar' build argument 'cmake_clean_first' from command line to 'False'
[0.802s] Level 5:colcon.colcon_core.verb:set package 'ugv_lidar' build argument 'cmake_force_configure' from command line to 'False'
[0.802s] Level 5:colcon.colcon_core.verb:set package 'ugv_lidar' build argument 'ament_cmake_args' from command line to 'None'
[0.802s] Level 5:colcon.colcon_core.verb:set package 'ugv_lidar' build argument 'catkin_cmake_args' from command line to 'None'
[0.802s] Level 5:colcon.colcon_core.verb:set package 'ugv_lidar' build argument 'catkin_skip_building_tests' from command line to 'False'
[0.802s] DEBUG:colcon.colcon_core.verb:Building package 'ugv_lidar' with the following arguments: {'ament_cmake_args': None, 'build_base': '/home/bluelule/ugv_project/ros2_ws/build/ugv_lidar', 'catkin_cmake_args': None, 'catkin_skip_building_tests': False, 'cmake_args': None, 'cmake_clean_cache': False, 'cmake_clean_first': False, 'cmake_force_configure': False, 'cmake_target': None, 'cmake_target_skip_unavailable': False, 'install_base': '/home/bluelule/ugv_project/ros2_ws/install/ugv_lidar', 'merge_install': False, 'path': '/home/bluelule/ugv_project/ros2_ws/src/ugv_lidar', 'symlink_install': True, 'test_result_base': None}
[0.802s] Level 5:colcon.colcon_core.verb:set package 'ugv_perception' build argument 'cmake_args' from command line to 'None'
[0.802s] Level 5:colcon.colcon_core.verb:set package 'ugv_perception' build argument 'cmake_target' from command line to 'None'
[0.802s] Level 5:colcon.colcon_core.verb:set package 'ugv_perception' build argument 'cmake_target_skip_unavailable' from command line to 'False'
[0.803s] Level 5:colcon.colcon_core.verb:set package 'ugv_perception' build argument 'cmake_clean_cache' from command line to 'False'
[0.803s] Level 5:colcon.colcon_core.verb:set package 'ugv_perception' build argument 'cmake_clean_first' from command line to 'False'
[0.803s] Level 5:colcon.colcon_core.verb:set package 'ugv_perception' build argument 'cmake_force_configure' from command line to 'False'
[0.803s] Level 5:colcon.colcon_core.verb:set package 'ugv_perception' build argument 'ament_cmake_args' from command line to 'None'
[0.803s] Level 5:colcon.colcon_core.verb:set package 'ugv_perception' build argument 'catkin_cmake_args' from command line to 'None'
[0.803s] Level 5:colcon.colcon_core.verb:set package 'ugv_perception' build argument 'catkin_skip_building_tests' from command line to 'False'
[0.803s] DEBUG:colcon.colcon_core.verb:Building package 'ugv_perception' with the following arguments: {'ament_cmake_args': None, 'build_base': '/home/bluelule/ugv_project/ros2_ws/build/ugv_perception', 'catkin_cmake_args': None, 'catkin_skip_building_tests': False, 'cmake_args': None, 'cmake_clean_cache': False, 'cmake_clean_first': False, 'cmake_force_configure': False, 'cmake_target': None, 'cmake_target_skip_unavailable': False, 'install_base': '/home/bluelule/ugv_project/ros2_ws/install/ugv_perception', 'merge_install': False, 'path': '/home/bluelule/ugv_project/ros2_ws/src/ugv_perception', 'symlink_install': True, 'test_result_base': None}
[0.803s] Level 5:colcon.colcon_core.verb:set package 'zed_components' build argument 'cmake_args' from command line to 'None'
[0.803s] Level 5:colcon.colcon_core.verb:set package 'zed_components' build argument 'cmake_target' from command line to 'None'
[0.803s] Level 5:colcon.colcon_core.verb:set package 'zed_components' build argument 'cmake_target_skip_unavailable' from command line to 'False'
[0.804s] Level 5:colcon.colcon_core.verb:set package 'zed_components' build argument 'cmake_clean_cache' from command line to 'False'
[0.804s] Level 5:colcon.colcon_core.verb:set package 'zed_components' build argument 'cmake_clean_first' from command line to 'False'
[0.804s] Level 5:colcon.colcon_core.verb:set package 'zed_components' build argument 'cmake_force_configure' from command line to 'False'
[0.804s] Level 5:colcon.colcon_core.verb:set package 'zed_components' build argument 'ament_cmake_args' from command line to 'None'
[0.804s] Level 5:colcon.colcon_core.verb:set package 'zed_components' build argument 'catkin_cmake_args' from command line to 'None'
[0.804s] Level 5:colcon.colcon_core.verb:set package 'zed_components' build argument 'catkin_skip_building_tests' from command line to 'False'
[0.804s] DEBUG:colcon.colcon_core.verb:Building package 'zed_components' with the following arguments: {'ament_cmake_args': None, 'build_base': '/home/bluelule/ugv_project/ros2_ws/build/zed_components', 'catkin_cmake_args': None, 'catkin_skip_building_tests': False, 'cmake_args': None, 'cmake_clean_cache': False, 'cmake_clean_first': False, 'cmake_force_configure': False, 'cmake_target': None, 'cmake_target_skip_unavailable': False, 'install_base': '/home/bluelule/ugv_project/ros2_ws/install/zed_components', 'merge_install': False, 'path': '/home/bluelule/ugv_project/ros2_ws/src/third_party/zed-ros2-wrapper/zed_components', 'symlink_install': True, 'test_result_base': None}
[0.804s] Level 5:colcon.colcon_core.verb:set package 'zed_wrapper' build argument 'cmake_args' from command line to 'None'
[0.804s] Level 5:colcon.colcon_core.verb:set package 'zed_wrapper' build argument 'cmake_target' from command line to 'None'
[0.804s] Level 5:colcon.colcon_core.verb:set package 'zed_wrapper' build argument 'cmake_target_skip_unavailable' from command line to 'False'
[0.804s] Level 5:colcon.colcon_core.verb:set package 'zed_wrapper' build argument 'cmake_clean_cache' from command line to 'False'
[0.805s] Level 5:colcon.colcon_core.verb:set package 'zed_wrapper' build argument 'cmake_clean_first' from command line to 'False'
[0.805s] Level 5:colcon.colcon_core.verb:set package 'zed_wrapper' build argument 'cmake_force_configure' from command line to 'False'
[0.805s] Level 5:colcon.colcon_core.verb:set package 'zed_wrapper' build argument 'ament_cmake_args' from command line to 'None'
[0.805s] Level 5:colcon.colcon_core.verb:set package 'zed_wrapper' build argument 'catkin_cmake_args' from command line to 'None'
[0.805s] Level 5:colcon.colcon_core.verb:set package 'zed_wrapper' build argument 'catkin_skip_building_tests' from command line to 'False'
[0.805s] DEBUG:colcon.colcon_core.verb:Building package 'zed_wrapper' with the following arguments: {'ament_cmake_args': None, 'build_base': '/home/bluelule/ugv_project/ros2_ws/build/zed_wrapper', 'catkin_cmake_args': None, 'catkin_skip_building_tests': False, 'cmake_args': None, 'cmake_clean_cache': False, 'cmake_clean_first': False, 'cmake_force_configure': False, 'cmake_target': None, 'cmake_target_skip_unavailable': False, 'install_base': '/home/bluelule/ugv_project/ros2_ws/install/zed_wrapper', 'merge_install': False, 'path': '/home/bluelule/ugv_project/ros2_ws/src/third_party/zed-ros2-wrapper/zed_wrapper', 'symlink_install': True, 'test_result_base': None}
[0.805s] Level 5:colcon.colcon_core.verb:set package 'zed_ros2' build argument 'cmake_args' from command line to 'None'
[0.805s] Level 5:colcon.colcon_core.verb:set package 'zed_ros2' build argument 'cmake_target' from command line to 'None'
[0.805s] Level 5:colcon.colcon_core.verb:set package 'zed_ros2' build argument 'cmake_target_skip_unavailable' from command line to 'False'
[0.805s] Level 5:colcon.colcon_core.verb:set package 'zed_ros2' build argument 'cmake_clean_cache' from command line to 'False'
[0.805s] Level 5:colcon.colcon_core.verb:set package 'zed_ros2' build argument 'cmake_clean_first' from command line to 'False'
[0.806s] Level 5:colcon.colcon_core.verb:set package 'zed_ros2' build argument 'cmake_force_configure' from command line to 'False'
[0.806s] Level 5:colcon.colcon_core.verb:set package 'zed_ros2' build argument 'ament_cmake_args' from command line to 'None'
[0.806s] Level 5:colcon.colcon_core.verb:set package 'zed_ros2' build argument 'catkin_cmake_args' from command line to 'None'
[0.806s] Level 5:colcon.colcon_core.verb:set package 'zed_ros2' build argument 'catkin_skip_building_tests' from command line to 'False'
[0.806s] DEBUG:colcon.colcon_core.verb:Building package 'zed_ros2' with the following arguments: {'ament_cmake_args': None, 'build_base': '/home/bluelule/ugv_project/ros2_ws/build/zed_ros2', 'catkin_cmake_args': None, 'catkin_skip_building_tests': False, 'cmake_args': None, 'cmake_clean_cache': False, 'cmake_clean_first': False, 'cmake_force_configure': False, 'cmake_target': None, 'cmake_target_skip_unavailable': False, 'install_base': '/home/bluelule/ugv_project/ros2_ws/install/zed_ros2', 'merge_install': False, 'path': '/home/bluelule/ugv_project/ros2_ws/src/third_party/zed-ros2-wrapper/zed_ros2', 'symlink_install': True, 'test_result_base': None}
[0.806s] INFO:colcon.colcon_core.executor:Executing jobs using 'parallel' executor
[0.808s] DEBUG:colcon.colcon_parallel_executor.executor.parallel:run_until_complete
[0.809s] INFO:colcon.colcon_ros.task.ament_cmake.build:Building ROS package in '/home/bluelule/ugv_project/ros2_ws/src/third_party/zed-ros2-wrapper/zed_components' with build type 'ament_cmake'
[0.809s] INFO:colcon.colcon_cmake.task.cmake.build:Building CMake package in '/home/bluelule/ugv_project/ros2_ws/src/third_party/zed-ros2-wrapper/zed_components'
[0.815s] INFO:colcon.colcon_core.plugin_system:Skipping extension 'colcon_core.shell.bat': Not used on non-Windows systems
[0.815s] INFO:colcon.colcon_core.shell:Skip shell extension 'powershell' for command environment: Not usable outside of PowerShell
[0.815s] DEBUG:colcon.colcon_core.shell:Skip shell extension 'dsv' for command environment
[0.822s] INFO:colcon.colcon_ros.task.ament_python.build:Building ROS package in '/home/bluelule/ugv_project/ros2_ws/src/ugv_lidar' with build type 'ament_python'
[0.822s] Level 1:colcon.colcon_core.shell:create_environment_hook('ugv_lidar', 'ament_prefix_path')
[0.822s] INFO:colcon.colcon_core.shell:Creating environment hook '/home/bluelule/ugv_project/ros2_ws/install/ugv_lidar/share/ugv_lidar/hook/ament_prefix_path.ps1'
[0.824s] INFO:colcon.colcon_core.shell:Creating environment descriptor '/home/bluelule/ugv_project/ros2_ws/install/ugv_lidar/share/ugv_lidar/hook/ament_prefix_path.dsv'
[0.825s] INFO:colcon.colcon_core.shell:Creating environment hook '/home/bluelule/ugv_project/ros2_ws/install/ugv_lidar/share/ugv_lidar/hook/ament_prefix_path.sh'
[0.826s] INFO:colcon.colcon_core.shell:Skip shell extension 'powershell' for command environment: Not usable outside of PowerShell
[0.827s] DEBUG:colcon.colcon_core.shell:Skip shell extension 'dsv' for command environment
[0.832s] INFO:colcon.colcon_ros.task.ament_python.build:Building ROS package in '/home/bluelule/ugv_project/ros2_ws/src/ugv_perception' with build type 'ament_python'
[0.832s] Level 1:colcon.colcon_core.shell:create_environment_hook('ugv_perception', 'ament_prefix_path')
[0.833s] INFO:colcon.colcon_core.shell:Creating environment hook '/home/bluelule/ugv_project/ros2_ws/install/ugv_perception/share/ugv_perception/hook/ament_prefix_path.ps1'
[0.834s] INFO:colcon.colcon_core.shell:Creating environment descriptor '/home/bluelule/ugv_project/ros2_ws/install/ugv_perception/share/ugv_perception/hook/ament_prefix_path.dsv'
[0.835s] INFO:colcon.colcon_core.shell:Creating environment hook '/home/bluelule/ugv_project/ros2_ws/install/ugv_perception/share/ugv_perception/hook/ament_prefix_path.sh'
[0.836s] INFO:colcon.colcon_core.shell:Skip shell extension 'powershell' for command environment: Not usable outside of PowerShell
[0.836s] DEBUG:colcon.colcon_core.shell:Skip shell extension 'dsv' for command environment
[0.848s] DEBUG:colcon.colcon_core.event_handler.log_command:Invoking command in '/home/bluelule/ugv_project/ros2_ws/build/zed_components': CMAKE_PREFIX_PATH=${CMAKE_PREFIX_PATH}:/home/bluelule/ugv_project/ros2_ws/install/ugv_lidar:/home/bluelule/ugv_project/ros2_ws/install/ugv_perception:/opt/ros/humble /usr/bin/cmake --build /home/bluelule/ugv_project/ros2_ws/build/zed_components -- -j6 -l6
[1.340s] INFO:colcon.colcon_core.task.python.build:Building Python package in '/home/bluelule/ugv_project/ros2_ws/src/ugv_lidar'
[1.340s] INFO:colcon.colcon_core.shell:Skip shell extension 'powershell' for command environment: Not usable outside of PowerShell
[1.341s] DEBUG:colcon.colcon_core.shell:Skip shell extension 'dsv' for command environment
[1.832s] INFO:colcon.colcon_core.task.python.build:Building Python package in '/home/bluelule/ugv_project/ros2_ws/src/ugv_perception'
[1.833s] INFO:colcon.colcon_core.shell:Skip shell extension 'powershell' for command environment: Not usable outside of PowerShell
[1.833s] DEBUG:colcon.colcon_core.shell:Skip shell extension 'dsv' for command environment
[1.846s] DEBUG:colcon.colcon_core.event_handler.log_command:Invoked command in '/home/bluelule/ugv_project/ros2_ws/build/zed_components' returned '0': CMAKE_PREFIX_PATH=${CMAKE_PREFIX_PATH}:/home/bluelule/ugv_project/ros2_ws/install/ugv_lidar:/home/bluelule/ugv_project/ros2_ws/install/ugv_perception:/opt/ros/humble /usr/bin/cmake --build /home/bluelule/ugv_project/ros2_ws/build/zed_components -- -j6 -l6
[1.871s] DEBUG:colcon.colcon_core.event_handler.log_command:Invoking command in '/home/bluelule/ugv_project/ros2_ws/build/zed_components': CMAKE_PREFIX_PATH=${CMAKE_PREFIX_PATH}:/home/bluelule/ugv_project/ros2_ws/install/ugv_lidar:/home/bluelule/ugv_project/ros2_ws/install/ugv_perception:/opt/ros/humble /usr/bin/cmake --install /home/bluelule/ugv_project/ros2_ws/build/zed_components
[1.924s] Level 1:colcon.colcon_core.environment:create_environment_scripts_only(zed_components)
[1.925s] DEBUG:colcon.colcon_core.event_handler.log_command:Invoked command in '/home/bluelule/ugv_project/ros2_ws/build/zed_components' returned '0': CMAKE_PREFIX_PATH=${CMAKE_PREFIX_PATH}:/home/bluelule/ugv_project/ros2_ws/install/ugv_lidar:/home/bluelule/ugv_project/ros2_ws/install/ugv_perception:/opt/ros/humble /usr/bin/cmake --install /home/bluelule/ugv_project/ros2_ws/build/zed_components
[1.931s] Level 1:colcon.colcon_core.environment:checking '/home/bluelule/ugv_project/ros2_ws/install/zed_components' for CMake module files
[1.932s] Level 1:colcon.colcon_core.environment:checking '/home/bluelule/ugv_project/ros2_ws/install/zed_components' for CMake config files
[1.933s] Level 1:colcon.colcon_core.shell:create_environment_hook('zed_components', 'cmake_prefix_path')
[1.933s] INFO:colcon.colcon_core.shell:Creating environment hook '/home/bluelule/ugv_project/ros2_ws/install/zed_components/share/zed_components/hook/cmake_prefix_path.ps1'
[1.934s] INFO:colcon.colcon_core.shell:Creating environment descriptor '/home/bluelule/ugv_project/ros2_ws/install/zed_components/share/zed_components/hook/cmake_prefix_path.dsv'
[1.935s] INFO:colcon.colcon_core.shell:Creating environment hook '/home/bluelule/ugv_project/ros2_ws/install/zed_components/share/zed_components/hook/cmake_prefix_path.sh'
[1.937s] Level 1:colcon.colcon_core.environment:checking '/home/bluelule/ugv_project/ros2_ws/install/zed_components/lib'
[1.937s] Level 1:colcon.colcon_core.shell:create_environment_hook('zed_components', 'ld_library_path_lib')
[1.938s] INFO:colcon.colcon_core.shell:Creating environment hook '/home/bluelule/ugv_project/ros2_ws/install/zed_components/share/zed_components/hook/ld_library_path_lib.ps1'
[1.939s] INFO:colcon.colcon_core.shell:Creating environment descriptor '/home/bluelule/ugv_project/ros2_ws/install/zed_components/share/zed_components/hook/ld_library_path_lib.dsv'
[1.939s] INFO:colcon.colcon_core.shell:Creating environment hook '/home/bluelule/ugv_project/ros2_ws/install/zed_components/share/zed_components/hook/ld_library_path_lib.sh'
[1.940s] Level 1:colcon.colcon_core.environment:checking '/home/bluelule/ugv_project/ros2_ws/install/zed_components/bin'
[1.940s] Level 1:colcon.colcon_core.environment:checking '/home/bluelule/ugv_project/ros2_ws/install/zed_components/lib/pkgconfig/zed_components.pc'
[1.941s] Level 1:colcon.colcon_core.environment:checking '/home/bluelule/ugv_project/ros2_ws/install/zed_components/lib/python3.10/site-packages'
[1.941s] Level 1:colcon.colcon_core.environment:checking '/home/bluelule/ugv_project/ros2_ws/install/zed_components/bin'
[1.942s] INFO:colcon.colcon_core.shell:Creating package script '/home/bluelule/ugv_project/ros2_ws/install/zed_components/share/zed_components/package.ps1'
[1.944s] INFO:colcon.colcon_core.shell:Creating package descriptor '/home/bluelule/ugv_project/ros2_ws/install/zed_components/share/zed_components/package.dsv'
[1.945s] INFO:colcon.colcon_core.shell:Creating package script '/home/bluelule/ugv_project/ros2_ws/install/zed_components/share/zed_components/package.sh'
[1.946s] INFO:colcon.colcon_core.shell:Creating package script '/home/bluelule/ugv_project/ros2_ws/install/zed_components/share/zed_components/package.bash'
[1.948s] INFO:colcon.colcon_core.shell:Creating package script '/home/bluelule/ugv_project/ros2_ws/install/zed_components/share/zed_components/package.zsh'
[1.949s] Level 1:colcon.colcon_core.environment:create_file_with_runtime_dependencies(/home/bluelule/ugv_project/ros2_ws/install/zed_components/share/colcon-core/packages/zed_components)
[1.951s] Level 1:colcon.colcon_core.environment:create_environment_scripts_only(zed_components)
[1.951s] Level 1:colcon.colcon_core.environment:checking '/home/bluelule/ugv_project/ros2_ws/install/zed_components' for CMake module files
[1.952s] Level 1:colcon.colcon_core.environment:checking '/home/bluelule/ugv_project/ros2_ws/install/zed_components' for CMake config files
[1.953s] Level 1:colcon.colcon_core.shell:create_environment_hook('zed_components', 'cmake_prefix_path')
[1.953s] INFO:colcon.colcon_core.shell:Creating environment hook '/home/bluelule/ugv_project/ros2_ws/install/zed_components/share/zed_components/hook/cmake_prefix_path.ps1'
[1.954s] INFO:colcon.colcon_core.shell:Creating environment descriptor '/home/bluelule/ugv_project/ros2_ws/install/zed_components/share/zed_components/hook/cmake_prefix_path.dsv'
[1.955s] INFO:colcon.colcon_core.shell:Creating environment hook '/home/bluelule/ugv_project/ros2_ws/install/zed_components/share/zed_components/hook/cmake_prefix_path.sh'
[1.956s] Level 1:colcon.colcon_core.environment:checking '/home/bluelule/ugv_project/ros2_ws/install/zed_components/lib'
[1.956s] Level 1:colcon.colcon_core.shell:create_environment_hook('zed_components', 'ld_library_path_lib')
[1.957s] INFO:colcon.colcon_core.shell:Creating environment hook '/home/bluelule/ugv_project/ros2_ws/install/zed_components/share/zed_components/hook/ld_library_path_lib.ps1'
[1.957s] INFO:colcon.colcon_core.shell:Creating environment descriptor '/home/bluelule/ugv_project/ros2_ws/install/zed_components/share/zed_components/hook/ld_library_path_lib.dsv'
[1.958s] INFO:colcon.colcon_core.shell:Creating environment hook '/home/bluelule/ugv_project/ros2_ws/install/zed_components/share/zed_components/hook/ld_library_path_lib.sh'
[1.959s] Level 1:colcon.colcon_core.environment:checking '/home/bluelule/ugv_project/ros2_ws/install/zed_components/bin'
[1.959s] Level 1:colcon.colcon_core.environment:checking '/home/bluelule/ugv_project/ros2_ws/install/zed_components/lib/pkgconfig/zed_components.pc'
[1.959s] Level 1:colcon.colcon_core.environment:checking '/home/bluelule/ugv_project/ros2_ws/install/zed_components/lib/python3.10/site-packages'
[1.960s] Level 1:colcon.colcon_core.environment:checking '/home/bluelule/ugv_project/ros2_ws/install/zed_components/bin'
[1.961s] INFO:colcon.colcon_core.shell:Creating package script '/home/bluelule/ugv_project/ros2_ws/install/zed_components/share/zed_components/package.ps1'
[1.962s] INFO:colcon.colcon_core.shell:Creating package descriptor '/home/bluelule/ugv_project/ros2_ws/install/zed_components/share/zed_components/package.dsv'
[1.963s] INFO:colcon.colcon_core.shell:Creating package script '/home/bluelule/ugv_project/ros2_ws/install/zed_components/share/zed_components/package.sh'
[1.964s] INFO:colcon.colcon_core.shell:Creating package script '/home/bluelule/ugv_project/ros2_ws/install/zed_components/share/zed_components/package.bash'
[1.964s] INFO:colcon.colcon_core.shell:Creating package script '/home/bluelule/ugv_project/ros2_ws/install/zed_components/share/zed_components/package.zsh'
[1.965s] Level 1:colcon.colcon_core.environment:create_file_with_runtime_dependencies(/home/bluelule/ugv_project/ros2_ws/install/zed_components/share/colcon-core/packages/zed_components)
[1.966s] INFO:colcon.colcon_ros.task.ament_cmake.build:Building ROS package in '/home/bluelule/ugv_project/ros2_ws/src/third_party/zed-ros2-wrapper/zed_wrapper' with build type 'ament_cmake'
[1.966s] INFO:colcon.colcon_cmake.task.cmake.build:Building CMake package in '/home/bluelule/ugv_project/ros2_ws/src/third_party/zed-ros2-wrapper/zed_wrapper'
[1.967s] INFO:colcon.colcon_core.shell:Skip shell extension 'powershell' for command environment: Not usable outside of PowerShell
[1.967s] DEBUG:colcon.colcon_core.shell:Skip shell extension 'dsv' for command environment
[1.985s] DEBUG:colcon.colcon_core.event_handler.log_command:Invoking command in '/home/bluelule/ugv_project/ros2_ws/build/zed_wrapper': CMAKE_PREFIX_PATH=/home/bluelule/ugv_project/ros2_ws/install/zed_components:/home/bluelule/ugv_project/ros2_ws/install/zed_ros2:/home/bluelule/ugv_project/ros2_ws/install/zed_wrapper:/home/bluelule/ugv_project/ros2_ws/install/rplidar_ros:/home/bluelule/ugv_project/ros2_ws/install/ugv_lidar:/home/bluelule/ugv_project/ros2_ws/install/ugv_perception:/opt/ros/humble LD_LIBRARY_PATH=/home/bluelule/ugv_project/ros2_ws/install/zed_components/lib:/opt/ros/humble/opt/rviz_ogre_vendor/lib:/opt/ros/humble/lib/aarch64-linux-gnu:/opt/ros/humble/lib:/usr/local/cuda-12.6/lib64 /usr/bin/cmake --build /home/bluelule/ugv_project/ros2_ws/build/zed_wrapper -- -j6 -l6
[2.062s] DEBUG:colcon.colcon_core.event_handler.log_command:Invoked command in '/home/bluelule/ugv_project/ros2_ws/build/zed_wrapper' returned '0': CMAKE_PREFIX_PATH=/home/bluelule/ugv_project/ros2_ws/install/zed_components:/home/bluelule/ugv_project/ros2_ws/install/zed_ros2:/home/bluelule/ugv_project/ros2_ws/install/zed_wrapper:/home/bluelule/ugv_project/ros2_ws/install/rplidar_ros:/home/bluelule/ugv_project/ros2_ws/install/ugv_lidar:/home/bluelule/ugv_project/ros2_ws/install/ugv_perception:/opt/ros/humble LD_LIBRARY_PATH=/home/bluelule/ugv_project/ros2_ws/install/zed_components/lib:/opt/ros/humble/opt/rviz_ogre_vendor/lib:/opt/ros/humble/lib/aarch64-linux-gnu:/opt/ros/humble/lib:/usr/local/cuda-12.6/lib64 /usr/bin/cmake --build /home/bluelule/ugv_project/ros2_ws/build/zed_wrapper -- -j6 -l6
[2.065s] DEBUG:colcon.colcon_core.event_handler.log_command:Invoking command in '/home/bluelule/ugv_project/ros2_ws/build/zed_wrapper': CMAKE_PREFIX_PATH=/home/bluelule/ugv_project/ros2_ws/install/zed_components:/home/bluelule/ugv_project/ros2_ws/install/zed_ros2:/home/bluelule/ugv_project/ros2_ws/install/zed_wrapper:/home/bluelule/ugv_project/ros2_ws/install/rplidar_ros:/home/bluelule/ugv_project/ros2_ws/install/ugv_lidar:/home/bluelule/ugv_project/ros2_ws/install/ugv_perception:/opt/ros/humble LD_LIBRARY_PATH=/home/bluelule/ugv_project/ros2_ws/install/zed_components/lib:/opt/ros/humble/opt/rviz_ogre_vendor/lib:/opt/ros/humble/lib/aarch64-linux-gnu:/opt/ros/humble/lib:/usr/local/cuda-12.6/lib64 /usr/bin/cmake --install /home/bluelule/ugv_project/ros2_ws/build/zed_wrapper
[2.107s] Level 1:colcon.colcon_core.environment:create_environment_scripts_only(zed_wrapper)
[2.107s] Level 1:colcon.colcon_core.environment:checking '/home/bluelule/ugv_project/ros2_ws/install/zed_wrapper' for CMake module files
[2.108s] DEBUG:colcon.colcon_core.event_handler.log_command:Invoked command in '/home/bluelule/ugv_project/ros2_ws/build/zed_wrapper' returned '0': CMAKE_PREFIX_PATH=/home/bluelule/ugv_project/ros2_ws/install/zed_components:/home/bluelule/ugv_project/ros2_ws/install/zed_ros2:/home/bluelule/ugv_project/ros2_ws/install/zed_wrapper:/home/bluelule/ugv_project/ros2_ws/install/rplidar_ros:/home/bluelule/ugv_project/ros2_ws/install/ugv_lidar:/home/bluelule/ugv_project/ros2_ws/install/ugv_perception:/opt/ros/humble LD_LIBRARY_PATH=/home/bluelule/ugv_project/ros2_ws/install/zed_components/lib:/opt/ros/humble/opt/rviz_ogre_vendor/lib:/opt/ros/humble/lib/aarch64-linux-gnu:/opt/ros/humble/lib:/usr/local/cuda-12.6/lib64 /usr/bin/cmake --install /home/bluelule/ugv_project/ros2_ws/build/zed_wrapper
[2.109s] Level 1:colcon.colcon_core.environment:checking '/home/bluelule/ugv_project/ros2_ws/install/zed_wrapper' for CMake config files
[2.109s] Level 1:colcon.colcon_core.shell:create_environment_hook('zed_wrapper', 'cmake_prefix_path')
[2.110s] INFO:colcon.colcon_core.shell:Creating environment hook '/home/bluelule/ugv_project/ros2_ws/install/zed_wrapper/share/zed_wrapper/hook/cmake_prefix_path.ps1'
[2.111s] INFO:colcon.colcon_core.shell:Creating environment descriptor '/home/bluelule/ugv_project/ros2_ws/install/zed_wrapper/share/zed_wrapper/hook/cmake_prefix_path.dsv'
[2.112s] INFO:colcon.colcon_core.shell:Creating environment hook '/home/bluelule/ugv_project/ros2_ws/install/zed_wrapper/share/zed_wrapper/hook/cmake_prefix_path.sh'
[2.113s] Level 1:colcon.colcon_core.environment:checking '/home/bluelule/ugv_project/ros2_ws/install/zed_wrapper/bin'
[2.113s] Level 1:colcon.colcon_core.environment:checking '/home/bluelule/ugv_project/ros2_ws/install/zed_wrapper/lib/pkgconfig/zed_wrapper.pc'
[2.114s] Level 1:colcon.colcon_core.environment:checking '/home/bluelule/ugv_project/ros2_ws/install/zed_wrapper/lib/python3.10/site-packages'
[2.114s] Level 1:colcon.colcon_core.environment:checking '/home/bluelule/ugv_project/ros2_ws/install/zed_wrapper/bin'
[2.115s] INFO:colcon.colcon_core.shell:Creating package script '/home/bluelule/ugv_project/ros2_ws/install/zed_wrapper/share/zed_wrapper/package.ps1'
[2.116s] INFO:colcon.colcon_core.shell:Creating package descriptor '/home/bluelule/ugv_project/ros2_ws/install/zed_wrapper/share/zed_wrapper/package.dsv'
[2.116s] INFO:colcon.colcon_core.shell:Creating package script '/home/bluelule/ugv_project/ros2_ws/install/zed_wrapper/share/zed_wrapper/package.sh'
[2.117s] INFO:colcon.colcon_core.shell:Creating package script '/home/bluelule/ugv_project/ros2_ws/install/zed_wrapper/share/zed_wrapper/package.bash'
[2.118s] INFO:colcon.colcon_core.shell:Creating package script '/home/bluelule/ugv_project/ros2_ws/install/zed_wrapper/share/zed_wrapper/package.zsh'
[2.119s] Level 1:colcon.colcon_core.environment:create_file_with_runtime_dependencies(/home/bluelule/ugv_project/ros2_ws/install/zed_wrapper/share/colcon-core/packages/zed_wrapper)
[2.120s] Level 1:colcon.colcon_core.environment:create_environment_scripts_only(zed_wrapper)
[2.120s] Level 1:colcon.colcon_core.environment:checking '/home/bluelule/ugv_project/ros2_ws/install/zed_wrapper' for CMake module files
[2.121s] Level 1:colcon.colcon_core.environment:checking '/home/bluelule/ugv_project/ros2_ws/install/zed_wrapper' for CMake config files
[2.122s] Level 1:colcon.colcon_core.shell:create_environment_hook('zed_wrapper', 'cmake_prefix_path')
[2.122s] INFO:colcon.colcon_core.shell:Creating environment hook '/home/bluelule/ugv_project/ros2_ws/install/zed_wrapper/share/zed_wrapper/hook/cmake_prefix_path.ps1'
[2.123s] INFO:colcon.colcon_core.shell:Creating environment descriptor '/home/bluelule/ugv_project/ros2_ws/install/zed_wrapper/share/zed_wrapper/hook/cmake_prefix_path.dsv'
[2.124s] INFO:colcon.colcon_core.shell:Creating environment hook '/home/bluelule/ugv_project/ros2_ws/install/zed_wrapper/share/zed_wrapper/hook/cmake_prefix_path.sh'
[2.125s] Level 1:colcon.colcon_core.environment:checking '/home/bluelule/ugv_project/ros2_ws/install/zed_wrapper/bin'
[2.125s] Level 1:colcon.colcon_core.environment:checking '/home/bluelule/ugv_project/ros2_ws/install/zed_wrapper/lib/pkgconfig/zed_wrapper.pc'
[2.125s] Level 1:colcon.colcon_core.environment:checking '/home/bluelule/ugv_project/ros2_ws/install/zed_wrapper/lib/python3.10/site-packages'
[2.126s] Level 1:colcon.colcon_core.environment:checking '/home/bluelule/ugv_project/ros2_ws/install/zed_wrapper/bin'
[2.126s] INFO:colcon.colcon_core.shell:Creating package script '/home/bluelule/ugv_project/ros2_ws/install/zed_wrapper/share/zed_wrapper/package.ps1'
[2.127s] INFO:colcon.colcon_core.shell:Creating package descriptor '/home/bluelule/ugv_project/ros2_ws/install/zed_wrapper/share/zed_wrapper/package.dsv'
[2.128s] INFO:colcon.colcon_core.shell:Creating package script '/home/bluelule/ugv_project/ros2_ws/install/zed_wrapper/share/zed_wrapper/package.sh'
[2.129s] INFO:colcon.colcon_core.shell:Creating package script '/home/bluelule/ugv_project/ros2_ws/install/zed_wrapper/share/zed_wrapper/package.bash'
[2.130s] INFO:colcon.colcon_core.shell:Creating package script '/home/bluelule/ugv_project/ros2_ws/install/zed_wrapper/share/zed_wrapper/package.zsh'
[2.130s] Level 1:colcon.colcon_core.environment:create_file_with_runtime_dependencies(/home/bluelule/ugv_project/ros2_ws/install/zed_wrapper/share/colcon-core/packages/zed_wrapper)
[2.131s] INFO:colcon.colcon_ros.task.ament_cmake.build:Building ROS package in '/home/bluelule/ugv_project/ros2_ws/src/third_party/zed-ros2-wrapper/zed_ros2' with build type 'ament_cmake'
[2.132s] INFO:colcon.colcon_cmake.task.cmake.build:Building CMake package in '/home/bluelule/ugv_project/ros2_ws/src/third_party/zed-ros2-wrapper/zed_ros2'
[2.132s] INFO:colcon.colcon_core.shell:Skip shell extension 'powershell' for command environment: Not usable outside of PowerShell
[2.132s] DEBUG:colcon.colcon_core.shell:Skip shell extension 'dsv' for command environment
[2.153s] DEBUG:colcon.colcon_core.event_handler.log_command:Invoking command in '/home/bluelule/ugv_project/ros2_ws/build/zed_ros2': CMAKE_PREFIX_PATH=/home/bluelule/ugv_project/ros2_ws/install/zed_wrapper:/home/bluelule/ugv_project/ros2_ws/install/zed_components:/home/bluelule/ugv_project/ros2_ws/install/zed_ros2:/home/bluelule/ugv_project/ros2_ws/install/rplidar_ros:/home/bluelule/ugv_project/ros2_ws/install/ugv_lidar:/home/bluelule/ugv_project/ros2_ws/install/ugv_perception:/opt/ros/humble LD_LIBRARY_PATH=/home/bluelule/ugv_project/ros2_ws/install/zed_components/lib:/opt/ros/humble/opt/rviz_ogre_vendor/lib:/opt/ros/humble/lib/aarch64-linux-gnu:/opt/ros/humble/lib:/usr/local/cuda-12.6/lib64 /usr/bin/cmake --build /home/bluelule/ugv_project/ros2_ws/build/zed_ros2 -- -j6 -l6
[2.215s] DEBUG:colcon.colcon_core.event_handler.log_command:Invoked command in '/home/bluelule/ugv_project/ros2_ws/build/zed_ros2' returned '0': CMAKE_PREFIX_PATH=/home/bluelule/ugv_project/ros2_ws/install/zed_wrapper:/home/bluelule/ugv_project/ros2_ws/install/zed_components:/home/bluelule/ugv_project/ros2_ws/install/zed_ros2:/home/bluelule/ugv_project/ros2_ws/install/rplidar_ros:/home/bluelule/ugv_project/ros2_ws/install/ugv_lidar:/home/bluelule/ugv_project/ros2_ws/install/ugv_perception:/opt/ros/humble LD_LIBRARY_PATH=/home/bluelule/ugv_project/ros2_ws/install/zed_components/lib:/opt/ros/humble/opt/rviz_ogre_vendor/lib:/opt/ros/humble/lib/aarch64-linux-gnu:/opt/ros/humble/lib:/usr/local/cuda-12.6/lib64 /usr/bin/cmake --build /home/bluelule/ugv_project/ros2_ws/build/zed_ros2 -- -j6 -l6
[2.218s] DEBUG:colcon.colcon_core.event_handler.log_command:Invoking command in '/home/bluelule/ugv_project/ros2_ws/build/zed_ros2': CMAKE_PREFIX_PATH=/home/bluelule/ugv_project/ros2_ws/install/zed_wrapper:/home/bluelule/ugv_project/ros2_ws/install/zed_components:/home/bluelule/ugv_project/ros2_ws/install/zed_ros2:/home/bluelule/ugv_project/ros2_ws/install/rplidar_ros:/home/bluelule/ugv_project/ros2_ws/install/ugv_lidar:/home/bluelule/ugv_project/ros2_ws/install/ugv_perception:/opt/ros/humble LD_LIBRARY_PATH=/home/bluelule/ugv_project/ros2_ws/install/zed_components/lib:/opt/ros/humble/opt/rviz_ogre_vendor/lib:/opt/ros/humble/lib/aarch64-linux-gnu:/opt/ros/humble/lib:/usr/local/cuda-12.6/lib64 /usr/bin/cmake --install /home/bluelule/ugv_project/ros2_ws/build/zed_ros2
[2.255s] Level 1:colcon.colcon_core.environment:create_environment_scripts_only(zed_ros2)
[2.256s] Level 1:colcon.colcon_core.environment:checking '/home/bluelule/ugv_project/ros2_ws/install/zed_ros2' for CMake module files
[2.257s] DEBUG:colcon.colcon_core.event_handler.log_command:Invoked command in '/home/bluelule/ugv_project/ros2_ws/build/zed_ros2' returned '0': CMAKE_PREFIX_PATH=/home/bluelule/ugv_project/ros2_ws/install/zed_wrapper:/home/bluelule/ugv_project/ros2_ws/install/zed_components:/home/bluelule/ugv_project/ros2_ws/install/zed_ros2:/home/bluelule/ugv_project/ros2_ws/install/rplidar_ros:/home/bluelule/ugv_project/ros2_ws/install/ugv_lidar:/home/bluelule/ugv_project/ros2_ws/install/ugv_perception:/opt/ros/humble LD_LIBRARY_PATH=/home/bluelule/ugv_project/ros2_ws/install/zed_components/lib:/opt/ros/humble/opt/rviz_ogre_vendor/lib:/opt/ros/humble/lib/aarch64-linux-gnu:/opt/ros/humble/lib:/usr/local/cuda-12.6/lib64 /usr/bin/cmake --install /home/bluelule/ugv_project/ros2_ws/build/zed_ros2
[2.257s] Level 1:colcon.colcon_core.environment:checking '/home/bluelule/ugv_project/ros2_ws/install/zed_ros2' for CMake config files
[2.258s] Level 1:colcon.colcon_core.shell:create_environment_hook('zed_ros2', 'cmake_prefix_path')
[2.258s] INFO:colcon.colcon_core.shell:Creating environment hook '/home/bluelule/ugv_project/ros2_ws/install/zed_ros2/share/zed_ros2/hook/cmake_prefix_path.ps1'
[2.259s] INFO:colcon.colcon_core.shell:Creating environment descriptor '/home/bluelule/ugv_project/ros2_ws/install/zed_ros2/share/zed_ros2/hook/cmake_prefix_path.dsv'
[2.260s] INFO:colcon.colcon_core.shell:Creating environment hook '/home/bluelule/ugv_project/ros2_ws/install/zed_ros2/share/zed_ros2/hook/cmake_prefix_path.sh'
[2.261s] Level 1:colcon.colcon_core.environment:checking '/home/bluelule/ugv_project/ros2_ws/install/zed_ros2/bin'
[2.261s] Level 1:colcon.colcon_core.environment:checking '/home/bluelule/ugv_project/ros2_ws/install/zed_ros2/lib/pkgconfig/zed_ros2.pc'
[2.262s] Level 1:colcon.colcon_core.environment:checking '/home/bluelule/ugv_project/ros2_ws/install/zed_ros2/lib/python3.10/site-packages'
[2.262s] Level 1:colcon.colcon_core.environment:checking '/home/bluelule/ugv_project/ros2_ws/install/zed_ros2/bin'
[2.263s] INFO:colcon.colcon_core.shell:Creating package script '/home/bluelule/ugv_project/ros2_ws/install/zed_ros2/share/zed_ros2/package.ps1'
[2.264s] INFO:colcon.colcon_core.shell:Creating package descriptor '/home/bluelule/ugv_project/ros2_ws/install/zed_ros2/share/zed_ros2/package.dsv'
[2.265s] INFO:colcon.colcon_core.shell:Creating package script '/home/bluelule/ugv_project/ros2_ws/install/zed_ros2/share/zed_ros2/package.sh'
[2.265s] INFO:colcon.colcon_core.shell:Creating package script '/home/bluelule/ugv_project/ros2_ws/install/zed_ros2/share/zed_ros2/package.bash'
[2.266s] INFO:colcon.colcon_core.shell:Creating package script '/home/bluelule/ugv_project/ros2_ws/install/zed_ros2/share/zed_ros2/package.zsh'
[2.267s] Level 1:colcon.colcon_core.environment:create_file_with_runtime_dependencies(/home/bluelule/ugv_project/ros2_ws/install/zed_ros2/share/colcon-core/packages/zed_ros2)
[2.268s] Level 1:colcon.colcon_core.environment:create_environment_scripts_only(zed_ros2)
[2.269s] Level 1:colcon.colcon_core.environment:checking '/home/bluelule/ugv_project/ros2_ws/install/zed_ros2' for CMake module files
[2.269s] Level 1:colcon.colcon_core.environment:checking '/home/bluelule/ugv_project/ros2_ws/install/zed_ros2' for CMake config files
[2.270s] Level 1:colcon.colcon_core.shell:create_environment_hook('zed_ros2', 'cmake_prefix_path')
[2.270s] INFO:colcon.colcon_core.shell:Creating environment hook '/home/bluelule/ugv_project/ros2_ws/install/zed_ros2/share/zed_ros2/hook/cmake_prefix_path.ps1'
[2.271s] INFO:colcon.colcon_core.shell:Creating environment descriptor '/home/bluelule/ugv_project/ros2_ws/install/zed_ros2/share/zed_ros2/hook/cmake_prefix_path.dsv'
[2.272s] INFO:colcon.colcon_core.shell:Creating environment hook '/home/bluelule/ugv_project/ros2_ws/install/zed_ros2/share/zed_ros2/hook/cmake_prefix_path.sh'
[2.273s] Level 1:colcon.colcon_core.environment:checking '/home/bluelule/ugv_project/ros2_ws/install/zed_ros2/bin'
[2.273s] Level 1:colcon.colcon_core.environment:checking '/home/bluelule/ugv_project/ros2_ws/install/zed_ros2/lib/pkgconfig/zed_ros2.pc'
[2.273s] Level 1:colcon.colcon_core.environment:checking '/home/bluelule/ugv_project/ros2_ws/install/zed_ros2/lib/python3.10/site-packages'
[2.274s] Level 1:colcon.colcon_core.environment:checking '/home/bluelule/ugv_project/ros2_ws/install/zed_ros2/bin'
[2.275s] INFO:colcon.colcon_core.shell:Creating package script '/home/bluelule/ugv_project/ros2_ws/install/zed_ros2/share/zed_ros2/package.ps1'
[2.276s] INFO:colcon.colcon_core.shell:Creating package descriptor '/home/bluelule/ugv_project/ros2_ws/install/zed_ros2/share/zed_ros2/package.dsv'
[2.277s] INFO:colcon.colcon_core.shell:Creating package script '/home/bluelule/ugv_project/ros2_ws/install/zed_ros2/share/zed_ros2/package.sh'
[2.278s] INFO:colcon.colcon_core.shell:Creating package script '/home/bluelule/ugv_project/ros2_ws/install/zed_ros2/share/zed_ros2/package.bash'
[2.278s] INFO:colcon.colcon_core.shell:Creating package script '/home/bluelule/ugv_project/ros2_ws/install/zed_ros2/share/zed_ros2/package.zsh'
[2.279s] Level 1:colcon.colcon_core.environment:create_file_with_runtime_dependencies(/home/bluelule/ugv_project/ros2_ws/install/zed_ros2/share/colcon-core/packages/zed_ros2)
[2.652s] DEBUG:colcon.colcon_core.event_handler.log_command:Invoking command in '/home/bluelule/ugv_project/ros2_ws/build/ugv_perception': PYTHONPATH=/home/bluelule/ugv_project/ros2_ws/build/ugv_perception/prefix_override:/usr/lib/python3/dist-packages/colcon_core/task/python/colcon_distutils_commands:/home/bluelule/ugv_project/ros2_ws/install/ugv_perception/lib/python3.10/site-packages:${PYTHONPATH} /usr/bin/python3 -W ignore:setup.py install is deprecated -W ignore:easy_install command is deprecated setup.py develop --editable --build-directory /home/bluelule/ugv_project/ros2_ws/build/ugv_perception/build --no-deps symlink_data
[2.656s] DEBUG:colcon.colcon_core.event_handler.log_command:Invoking command in '/home/bluelule/ugv_project/ros2_ws/build/ugv_lidar': PYTHONPATH=/home/bluelule/ugv_project/ros2_ws/build/ugv_lidar/prefix_override:/usr/lib/python3/dist-packages/colcon_core/task/python/colcon_distutils_commands:/home/bluelule/ugv_project/ros2_ws/install/ugv_lidar/lib/python3.10/site-packages:${PYTHONPATH} /usr/bin/python3 -W ignore:setup.py install is deprecated -W ignore:easy_install command is deprecated setup.py develop --editable --build-directory /home/bluelule/ugv_project/ros2_ws/build/ugv_lidar/build --no-deps symlink_data
[3.617s] Level 1:colcon.colcon_core.shell:create_environment_hook('ugv_lidar', 'pythonpath_develop')
[3.617s] INFO:colcon.colcon_core.shell:Creating environment hook '/home/bluelule/ugv_project/ros2_ws/build/ugv_lidar/share/ugv_lidar/hook/pythonpath_develop.ps1'
[3.618s] DEBUG:colcon.colcon_core.event_handler.log_command:Invoked command in '/home/bluelule/ugv_project/ros2_ws/build/ugv_lidar' returned '0': PYTHONPATH=/home/bluelule/ugv_project/ros2_ws/build/ugv_lidar/prefix_override:/usr/lib/python3/dist-packages/colcon_core/task/python/colcon_distutils_commands:/home/bluelule/ugv_project/ros2_ws/install/ugv_lidar/lib/python3.10/site-packages:${PYTHONPATH} /usr/bin/python3 -W ignore:setup.py install is deprecated -W ignore:easy_install command is deprecated setup.py develop --editable --build-directory /home/bluelule/ugv_project/ros2_ws/build/ugv_lidar/build --no-deps symlink_data
[3.620s] INFO:colcon.colcon_core.shell:Creating environment descriptor '/home/bluelule/ugv_project/ros2_ws/build/ugv_lidar/share/ugv_lidar/hook/pythonpath_develop.dsv'
[3.622s] INFO:colcon.colcon_core.shell:Creating environment hook '/home/bluelule/ugv_project/ros2_ws/build/ugv_lidar/share/ugv_lidar/hook/pythonpath_develop.sh'
[3.624s] Level 1:colcon.colcon_core.environment:checking '/home/bluelule/ugv_project/ros2_ws/install/ugv_lidar' for CMake module files
[3.625s] Level 1:colcon.colcon_core.environment:checking '/home/bluelule/ugv_project/ros2_ws/install/ugv_lidar' for CMake config files
[3.627s] Level 1:colcon.colcon_core.environment:checking '/home/bluelule/ugv_project/ros2_ws/install/ugv_lidar/lib'
[3.627s] Level 1:colcon.colcon_core.environment:checking '/home/bluelule/ugv_project/ros2_ws/install/ugv_lidar/bin'
[3.628s] Level 1:colcon.colcon_core.environment:checking '/home/bluelule/ugv_project/ros2_ws/install/ugv_lidar/lib/pkgconfig/ugv_lidar.pc'
[3.629s] Level 1:colcon.colcon_core.environment:checking '/home/bluelule/ugv_project/ros2_ws/install/ugv_lidar/lib/python3.10/site-packages'
[3.629s] Level 1:colcon.colcon_core.shell:create_environment_hook('ugv_lidar', 'pythonpath')
[3.630s] INFO:colcon.colcon_core.shell:Creating environment hook '/home/bluelule/ugv_project/ros2_ws/install/ugv_lidar/share/ugv_lidar/hook/pythonpath.ps1'
[3.631s] INFO:colcon.colcon_core.shell:Creating environment descriptor '/home/bluelule/ugv_project/ros2_ws/install/ugv_lidar/share/ugv_lidar/hook/pythonpath.dsv'
[3.632s] INFO:colcon.colcon_core.shell:Creating environment hook '/home/bluelule/ugv_project/ros2_ws/install/ugv_lidar/share/ugv_lidar/hook/pythonpath.sh'
[3.635s] Level 1:colcon.colcon_core.environment:checking '/home/bluelule/ugv_project/ros2_ws/install/ugv_lidar/bin'
[3.635s] Level 1:colcon.colcon_core.environment:create_environment_scripts_only(ugv_lidar)
[3.637s] INFO:colcon.colcon_core.shell:Creating package script '/home/bluelule/ugv_project/ros2_ws/install/ugv_lidar/share/ugv_lidar/package.ps1'
[3.639s] INFO:colcon.colcon_core.shell:Creating package descriptor '/home/bluelule/ugv_project/ros2_ws/install/ugv_lidar/share/ugv_lidar/package.dsv'
[3.641s] INFO:colcon.colcon_core.shell:Creating package script '/home/bluelule/ugv_project/ros2_ws/install/ugv_lidar/share/ugv_lidar/package.sh'
[3.642s] INFO:colcon.colcon_core.shell:Creating package script '/home/bluelule/ugv_project/ros2_ws/install/ugv_lidar/share/ugv_lidar/package.bash'
[3.644s] INFO:colcon.colcon_core.shell:Creating package script '/home/bluelule/ugv_project/ros2_ws/install/ugv_lidar/share/ugv_lidar/package.zsh'
[3.645s] Level 1:colcon.colcon_core.environment:create_file_with_runtime_dependencies(/home/bluelule/ugv_project/ros2_ws/install/ugv_lidar/share/colcon-core/packages/ugv_lidar)
[3.682s] Level 1:colcon.colcon_core.shell:create_environment_hook('ugv_perception', 'pythonpath_develop')
[3.683s] INFO:colcon.colcon_core.shell:Creating environment hook '/home/bluelule/ugv_project/ros2_ws/build/ugv_perception/share/ugv_perception/hook/pythonpath_develop.ps1'
[3.685s] DEBUG:colcon.colcon_core.event_handler.log_command:Invoked command in '/home/bluelule/ugv_project/ros2_ws/build/ugv_perception' returned '0': PYTHONPATH=/home/bluelule/ugv_project/ros2_ws/build/ugv_perception/prefix_override:/usr/lib/python3/dist-packages/colcon_core/task/python/colcon_distutils_commands:/home/bluelule/ugv_project/ros2_ws/install/ugv_perception/lib/python3.10/site-packages:${PYTHONPATH} /usr/bin/python3 -W ignore:setup.py install is deprecated -W ignore:easy_install command is deprecated setup.py develop --editable --build-directory /home/bluelule/ugv_project/ros2_ws/build/ugv_perception/build --no-deps symlink_data
[3.686s] INFO:colcon.colcon_core.shell:Creating environment descriptor '/home/bluelule/ugv_project/ros2_ws/build/ugv_perception/share/ugv_perception/hook/pythonpath_develop.dsv'
[3.688s] INFO:colcon.colcon_core.shell:Creating environment hook '/home/bluelule/ugv_project/ros2_ws/build/ugv_perception/share/ugv_perception/hook/pythonpath_develop.sh'
[3.690s] Level 1:colcon.colcon_core.environment:checking '/home/bluelule/ugv_project/ros2_ws/install/ugv_perception' for CMake module files
[3.692s] Level 1:colcon.colcon_core.environment:checking '/home/bluelule/ugv_project/ros2_ws/install/ugv_perception' for CMake config files
[3.693s] Level 1:colcon.colcon_core.environment:checking '/home/bluelule/ugv_project/ros2_ws/install/ugv_perception/lib'
[3.694s] Level 1:colcon.colcon_core.environment:checking '/home/bluelule/ugv_project/ros2_ws/install/ugv_perception/bin'
[3.694s] Level 1:colcon.colcon_core.environment:checking '/home/bluelule/ugv_project/ros2_ws/install/ugv_perception/lib/pkgconfig/ugv_perception.pc'
[3.695s] Level 1:colcon.colcon_core.environment:checking '/home/bluelule/ugv_project/ros2_ws/install/ugv_perception/lib/python3.10/site-packages'
[3.695s] Level 1:colcon.colcon_core.shell:create_environment_hook('ugv_perception', 'pythonpath')
[3.696s] INFO:colcon.colcon_core.shell:Creating environment hook '/home/bluelule/ugv_project/ros2_ws/install/ugv_perception/share/ugv_perception/hook/pythonpath.ps1'
[3.697s] INFO:colcon.colcon_core.shell:Creating environment descriptor '/home/bluelule/ugv_project/ros2_ws/install/ugv_perception/share/ugv_perception/hook/pythonpath.dsv'
[3.699s] INFO:colcon.colcon_core.shell:Creating environment hook '/home/bluelule/ugv_project/ros2_ws/install/ugv_perception/share/ugv_perception/hook/pythonpath.sh'
[3.701s] Level 1:colcon.colcon_core.environment:checking '/home/bluelule/ugv_project/ros2_ws/install/ugv_perception/bin'
[3.702s] Level 1:colcon.colcon_core.environment:create_environment_scripts_only(ugv_perception)
[3.703s] INFO:colcon.colcon_core.shell:Creating package script '/home/bluelule/ugv_project/ros2_ws/install/ugv_perception/share/ugv_perception/package.ps1'
[3.705s] INFO:colcon.colcon_core.shell:Creating package descriptor '/home/bluelule/ugv_project/ros2_ws/install/ugv_perception/share/ugv_perception/package.dsv'
[3.707s] INFO:colcon.colcon_core.shell:Creating package script '/home/bluelule/ugv_project/ros2_ws/install/ugv_perception/share/ugv_perception/package.sh'
[3.709s] INFO:colcon.colcon_core.shell:Creating package script '/home/bluelule/ugv_project/ros2_ws/install/ugv_perception/share/ugv_perception/package.bash'
[3.710s] INFO:colcon.colcon_core.shell:Creating package script '/home/bluelule/ugv_project/ros2_ws/install/ugv_perception/share/ugv_perception/package.zsh'
[3.711s] Level 1:colcon.colcon_core.environment:create_file_with_runtime_dependencies(/home/bluelule/ugv_project/ros2_ws/install/ugv_perception/share/colcon-core/packages/ugv_perception)
[3.712s] DEBUG:colcon.colcon_parallel_executor.executor.parallel:closing loop
[3.713s] DEBUG:colcon.colcon_parallel_executor.executor.parallel:loop closed
[3.714s] DEBUG:colcon.colcon_parallel_executor.executor.parallel:run_until_complete finished with '0'
[3.714s] DEBUG:colcon.colcon_core.event_reactor:joining thread
[3.733s] INFO:colcon.colcon_core.plugin_system:Skipping extension 'colcon_notification.desktop_notification.terminal_notifier': Not used on non-Darwin systems
[3.734s] INFO:colcon.colcon_core.plugin_system:Skipping extension 'colcon_notification.desktop_notification.win32': Not used on non-Windows systems
[3.734s] INFO:colcon.colcon_notification.desktop_notification:Sending desktop notification using 'notify2'
[3.783s] DEBUG:colcon.colcon_core.event_reactor:joined thread
[3.785s] INFO:colcon.colcon_core.shell:Creating prefix script '/home/bluelule/ugv_project/ros2_ws/install/local_setup.ps1'
[3.788s] INFO:colcon.colcon_core.shell:Creating prefix util module '/home/bluelule/ugv_project/ros2_ws/install/_local_setup_util_ps1.py'
[3.792s] INFO:colcon.colcon_core.shell:Creating prefix chain script '/home/bluelule/ugv_project/ros2_ws/install/setup.ps1'
[3.795s] INFO:colcon.colcon_core.shell:Creating prefix script '/home/bluelule/ugv_project/ros2_ws/install/local_setup.sh'
[3.797s] INFO:colcon.colcon_core.shell:Creating prefix util module '/home/bluelule/ugv_project/ros2_ws/install/_local_setup_util_sh.py'
[3.799s] INFO:colcon.colcon_core.shell:Creating prefix chain script '/home/bluelule/ugv_project/ros2_ws/install/setup.sh'
[3.803s] INFO:colcon.colcon_core.shell:Creating prefix script '/home/bluelule/ugv_project/ros2_ws/install/local_setup.bash'
[3.804s] INFO:colcon.colcon_core.shell:Creating prefix chain script '/home/bluelule/ugv_project/ros2_ws/install/setup.bash'
[3.808s] INFO:colcon.colcon_core.shell:Creating prefix script '/home/bluelule/ugv_project/ros2_ws/install/local_setup.zsh'
[3.810s] INFO:colcon.colcon_core.shell:Creating prefix chain script '/home/bluelule/ugv_project/ros2_ws/install/setup.zsh'
