[0.039s] Invoking command in '/home/bluelule/ugv_project/ros2_ws/build/zed_components': CMAKE_PREFIX_PATH=${CMAKE_PREFIX_PATH}:/home/bluelule/ugv_project/ros2_ws/install/ugv_lidar:/home/bluelule/ugv_project/ros2_ws/install/ugv_perception:/opt/ros/humble /usr/bin/cmake --build /home/bluelule/ugv_project/ros2_ws/build/zed_components -- -j6 -l6
[0.542s] [35m[1mConsolidate compiler generated dependencies of target zed_camera_one_component[0m
[0.543s] [35m[1mConsolidate compiler generated dependencies of target zed_camera_component[0m
[0.544s] [ 94%] Built target zed_camera_component
[0.545s] [100%] Built target zed_camera_one_component
[1.036s] Invoked command in '/home/bluelule/ugv_project/ros2_ws/build/zed_components' returned '0': CMAKE_PREFIX_PATH=${CMAKE_PREFIX_PATH}:/home/bluelule/ugv_project/ros2_ws/install/ugv_lidar:/home/bluelule/ugv_project/ros2_ws/install/ugv_perception:/opt/ros/humble /usr/bin/cmake --build /home/bluelule/ugv_project/ros2_ws/build/zed_components -- -j6 -l6
[1.062s] Invoking command in '/home/bluelule/ugv_project/ros2_ws/build/zed_components': CMAKE_PREFIX_PATH=${CMAKE_PREFIX_PATH}:/home/bluelule/ugv_project/ros2_ws/install/ugv_lidar:/home/bluelule/ugv_project/ros2_ws/install/ugv_perception:/opt/ros/humble /usr/bin/cmake --install /home/bluelule/ugv_project/ros2_ws/build/zed_components
[1.079s] -- Install configuration: "Release"
[1.080s] -- Execute custom install script
[1.081s] -- Up-to-date symlink: /home/bluelule/ugv_project/ros2_ws/install/zed_components/lib/libzed_camera_component.so
[1.081s] -- Up-to-date symlink: /home/bluelule/ugv_project/ros2_ws/install/zed_components/lib/libzed_camera_one_component.so
[1.082s] -- Up-to-date symlink: /home/bluelule/ugv_project/ros2_ws/install/zed_components/include/zed_components//cost_traversability.hpp
[1.082s] -- Up-to-date symlink: /home/bluelule/ugv_project/ros2_ws/install/zed_components/include/zed_components//zed_camera_component.hpp
[1.083s] -- Up-to-date symlink: /home/bluelule/ugv_project/ros2_ws/install/zed_components/include/zed_components//gnss_replay.hpp
[1.083s] -- Up-to-date symlink: /home/bluelule/ugv_project/ros2_ws/install/zed_components/include/zed_components//json.hpp
[1.083s] -- Up-to-date symlink: /home/bluelule/ugv_project/ros2_ws/install/zed_components/include/zed_components//sl_logging.hpp
[1.083s] -- Up-to-date symlink: /home/bluelule/ugv_project/ros2_ws/install/zed_components/include/zed_components//sl_tools.hpp
[1.084s] -- Up-to-date symlink: /home/bluelule/ugv_project/ros2_ws/install/zed_components/include/zed_components//sl_types.hpp
[1.084s] -- Up-to-date symlink: /home/bluelule/ugv_project/ros2_ws/install/zed_components/include/zed_components//sl_win_avg.hpp
[1.084s] -- Up-to-date symlink: /home/bluelule/ugv_project/ros2_ws/install/zed_components/include/zed_components//sl_version.hpp
[1.084s] -- Up-to-date symlink: /home/bluelule/ugv_project/ros2_ws/install/zed_components/include/zed_components//visibility_control.hpp
[1.085s] -- Up-to-date symlink: /home/bluelule/ugv_project/ros2_ws/install/zed_components/share/zed_components/environment/library_path.sh
[1.085s] -- Up-to-date symlink: /home/bluelule/ugv_project/ros2_ws/install/zed_components/share/zed_components/environment/library_path.dsv
[1.086s] -- Up-to-date symlink: /home/bluelule/ugv_project/ros2_ws/install/zed_components/share/ament_index/resource_index/package_run_dependencies/zed_components
[1.086s] -- Up-to-date symlink: /home/bluelule/ugv_project/ros2_ws/install/zed_components/share/ament_index/resource_index/parent_prefix_path/zed_components
[1.086s] -- Up-to-date symlink: /home/bluelule/ugv_project/ros2_ws/install/zed_components/share/zed_components/environment/ament_prefix_path.sh
[1.087s] -- Up-to-date symlink: /home/bluelule/ugv_project/ros2_ws/install/zed_components/share/zed_components/environment/ament_prefix_path.dsv
[1.087s] -- Up-to-date symlink: /home/bluelule/ugv_project/ros2_ws/install/zed_components/share/zed_components/environment/path.sh
[1.087s] -- Up-to-date symlink: /home/bluelule/ugv_project/ros2_ws/install/zed_components/share/zed_components/environment/path.dsv
[1.087s] -- Up-to-date symlink: /home/bluelule/ugv_project/ros2_ws/install/zed_components/share/zed_components/local_setup.bash
[1.088s] -- Up-to-date symlink: /home/bluelule/ugv_project/ros2_ws/install/zed_components/share/zed_components/local_setup.sh
[1.088s] -- Up-to-date symlink: /home/bluelule/ugv_project/ros2_ws/install/zed_components/share/zed_components/local_setup.zsh
[1.088s] -- Up-to-date symlink: /home/bluelule/ugv_project/ros2_ws/install/zed_components/share/zed_components/local_setup.dsv
[1.088s] -- Symlinking: /home/bluelule/ugv_project/ros2_ws/install/zed_components/share/zed_components/package.dsv
[1.108s] -- Up-to-date symlink: /home/bluelule/ugv_project/ros2_ws/install/zed_components/share/ament_index/resource_index/packages/zed_components
[1.109s] -- Up-to-date symlink: /home/bluelule/ugv_project/ros2_ws/install/zed_components/share/ament_index/resource_index/rclcpp_components/zed_components
[1.109s] -- Up-to-date symlink: /home/bluelule/ugv_project/ros2_ws/install/zed_components/share/zed_components/cmake/ament_cmake_export_include_directories-extras.cmake
[1.109s] -- Up-to-date symlink: /home/bluelule/ugv_project/ros2_ws/install/zed_components/share/zed_components/cmake/ament_cmake_export_libraries-extras.cmake
[1.110s] -- Up-to-date symlink: /home/bluelule/ugv_project/ros2_ws/install/zed_components/share/zed_components/cmake/ament_cmake_export_dependencies-extras.cmake
[1.110s] -- Up-to-date symlink: /home/bluelule/ugv_project/ros2_ws/install/zed_components/share/zed_components/cmake/zed_componentsConfig.cmake
[1.110s] -- Up-to-date symlink: /home/bluelule/ugv_project/ros2_ws/install/zed_components/share/zed_components/cmake/zed_componentsConfig-version.cmake
[1.110s] -- Up-to-date symlink: /home/bluelule/ugv_project/ros2_ws/install/zed_components/share/zed_components/package.xml
[1.115s] Invoked command in '/home/bluelule/ugv_project/ros2_ws/build/zed_components' returned '0': CMAKE_PREFIX_PATH=${CMAKE_PREFIX_PATH}:/home/bluelule/ugv_project/ros2_ws/install/ugv_lidar:/home/bluelule/ugv_project/ros2_ws/install/ugv_perception:/opt/ros/humble /usr/bin/cmake --install /home/bluelule/ugv_project/ros2_ws/build/zed_components
