[0.023s] Invoking command in '/home/bluelule/ugv_project/ros2_ws/build/zed_ros2': CMAKE_PREFIX_PATH=/home/bluelule/ugv_project/ros2_ws/install/zed_wrapper:/home/bluelule/ugv_project/ros2_ws/install/zed_components:/home/bluelule/ugv_project/ros2_ws/install/zed_ros2:/home/bluelule/ugv_project/ros2_ws/install/rplidar_ros:/home/bluelule/ugv_project/ros2_ws/install/ugv_lidar:/home/bluelule/ugv_project/ros2_ws/install/ugv_perception:/opt/ros/humble LD_LIBRARY_PATH=/home/bluelule/ugv_project/ros2_ws/install/zed_components/lib:/opt/ros/humble/opt/rviz_ogre_vendor/lib:/opt/ros/humble/lib/aarch64-linux-gnu:/opt/ros/humble/lib:/usr/local/cuda-12.6/lib64 /usr/bin/cmake /home/bluelule/ugv_project/ros2_ws/src/third_party/zed-ros2-wrapper/zed_ros2 -DAMENT_CMAKE_SYMLINK_INSTALL=1 -DCMAKE_INSTALL_PREFIX=/home/bluelule/ugv_project/ros2_ws/install/zed_ros2
[0.054s] -- Found ament_cmake_auto: 1.3.12 (/opt/ros/humble/share/ament_cmake_auto/cmake)
[0.422s] -- Found Python3: /usr/bin/python3 (found version "3.10.12") found components: Interpreter 
[0.557s] -- Override CMake install command with custom implementation using symlinks instead of copying resources
[0.772s] -- Found ament_lint_auto: 0.12.14 (/opt/ros/humble/share/ament_lint_auto/cmake)
[0.817s] -- Added test 'copyright' to check source files copyright and LICENSE
[0.820s] -- Added test 'lint_cmake' to check CMake code style
[0.823s] -- Added test 'xmllint' to check XML markup files
[0.828s] -- Configuring done
[0.836s] -- Generating done
[0.841s] -- Build files have been written to: /home/bluelule/ugv_project/ros2_ws/build/zed_ros2
[0.848s] Invoked command in '/home/bluelule/ugv_project/ros2_ws/build/zed_ros2' returned '0': CMAKE_PREFIX_PATH=/home/bluelule/ugv_project/ros2_ws/install/zed_wrapper:/home/bluelule/ugv_project/ros2_ws/install/zed_components:/home/bluelule/ugv_project/ros2_ws/install/zed_ros2:/home/bluelule/ugv_project/ros2_ws/install/rplidar_ros:/home/bluelule/ugv_project/ros2_ws/install/ugv_lidar:/home/bluelule/ugv_project/ros2_ws/install/ugv_perception:/opt/ros/humble LD_LIBRARY_PATH=/home/bluelule/ugv_project/ros2_ws/install/zed_components/lib:/opt/ros/humble/opt/rviz_ogre_vendor/lib:/opt/ros/humble/lib/aarch64-linux-gnu:/opt/ros/humble/lib:/usr/local/cuda-12.6/lib64 /usr/bin/cmake /home/bluelule/ugv_project/ros2_ws/src/third_party/zed-ros2-wrapper/zed_ros2 -DAMENT_CMAKE_SYMLINK_INSTALL=1 -DCMAKE_INSTALL_PREFIX=/home/bluelule/ugv_project/ros2_ws/install/zed_ros2
[0.851s] Invoking command in '/home/bluelule/ugv_project/ros2_ws/build/zed_ros2': CMAKE_PREFIX_PATH=/home/bluelule/ugv_project/ros2_ws/install/zed_wrapper:/home/bluelule/ugv_project/ros2_ws/install/zed_components:/home/bluelule/ugv_project/ros2_ws/install/zed_ros2:/home/bluelule/ugv_project/ros2_ws/install/rplidar_ros:/home/bluelule/ugv_project/ros2_ws/install/ugv_lidar:/home/bluelule/ugv_project/ros2_ws/install/ugv_perception:/opt/ros/humble LD_LIBRARY_PATH=/home/bluelule/ugv_project/ros2_ws/install/zed_components/lib:/opt/ros/humble/opt/rviz_ogre_vendor/lib:/opt/ros/humble/lib/aarch64-linux-gnu:/opt/ros/humble/lib:/usr/local/cuda-12.6/lib64 /usr/bin/cmake --build /home/bluelule/ugv_project/ros2_ws/build/zed_ros2 -- -j6 -l6
[0.925s] Invoked command in '/home/bluelule/ugv_project/ros2_ws/build/zed_ros2' returned '0': CMAKE_PREFIX_PATH=/home/bluelule/ugv_project/ros2_ws/install/zed_wrapper:/home/bluelule/ugv_project/ros2_ws/install/zed_components:/home/bluelule/ugv_project/ros2_ws/install/zed_ros2:/home/bluelule/ugv_project/ros2_ws/install/rplidar_ros:/home/bluelule/ugv_project/ros2_ws/install/ugv_lidar:/home/bluelule/ugv_project/ros2_ws/install/ugv_perception:/opt/ros/humble LD_LIBRARY_PATH=/home/bluelule/ugv_project/ros2_ws/install/zed_components/lib:/opt/ros/humble/opt/rviz_ogre_vendor/lib:/opt/ros/humble/lib/aarch64-linux-gnu:/opt/ros/humble/lib:/usr/local/cuda-12.6/lib64 /usr/bin/cmake --build /home/bluelule/ugv_project/ros2_ws/build/zed_ros2 -- -j6 -l6
[0.929s] Invoking command in '/home/bluelule/ugv_project/ros2_ws/build/zed_ros2': CMAKE_PREFIX_PATH=/home/bluelule/ugv_project/ros2_ws/install/zed_wrapper:/home/bluelule/ugv_project/ros2_ws/install/zed_components:/home/bluelule/ugv_project/ros2_ws/install/zed_ros2:/home/bluelule/ugv_project/ros2_ws/install/rplidar_ros:/home/bluelule/ugv_project/ros2_ws/install/ugv_lidar:/home/bluelule/ugv_project/ros2_ws/install/ugv_perception:/opt/ros/humble LD_LIBRARY_PATH=/home/bluelule/ugv_project/ros2_ws/install/zed_components/lib:/opt/ros/humble/opt/rviz_ogre_vendor/lib:/opt/ros/humble/lib/aarch64-linux-gnu:/opt/ros/humble/lib:/usr/local/cuda-12.6/lib64 /usr/bin/cmake --install /home/bluelule/ugv_project/ros2_ws/build/zed_ros2
[0.946s] -- Install configuration: ""
[0.947s] -- Execute custom install script
[0.948s] -- Symlinking: /home/bluelule/ugv_project/ros2_ws/install/zed_ros2/share/ament_index/resource_index/package_run_dependencies/zed_ros2
[0.964s] -- Symlinking: /home/bluelule/ugv_project/ros2_ws/install/zed_ros2/share/ament_index/resource_index/parent_prefix_path/zed_ros2
[0.980s] -- Symlinking: /home/bluelule/ugv_project/ros2_ws/install/zed_ros2/share/zed_ros2/environment/ament_prefix_path.sh
[0.999s] -- Symlinking: /home/bluelule/ugv_project/ros2_ws/install/zed_ros2/share/zed_ros2/environment/ament_prefix_path.dsv
[1.018s] -- Symlinking: /home/bluelule/ugv_project/ros2_ws/install/zed_ros2/share/zed_ros2/environment/path.sh
[1.038s] -- Symlinking: /home/bluelule/ugv_project/ros2_ws/install/zed_ros2/share/zed_ros2/environment/path.dsv
[1.055s] -- Symlinking: /home/bluelule/ugv_project/ros2_ws/install/zed_ros2/share/zed_ros2/local_setup.bash
[1.075s] -- Symlinking: /home/bluelule/ugv_project/ros2_ws/install/zed_ros2/share/zed_ros2/local_setup.sh
[1.092s] -- Symlinking: /home/bluelule/ugv_project/ros2_ws/install/zed_ros2/share/zed_ros2/local_setup.zsh
[1.110s] -- Symlinking: /home/bluelule/ugv_project/ros2_ws/install/zed_ros2/share/zed_ros2/local_setup.dsv
[1.128s] -- Symlinking: /home/bluelule/ugv_project/ros2_ws/install/zed_ros2/share/zed_ros2/package.dsv
[1.145s] -- Symlinking: /home/bluelule/ugv_project/ros2_ws/install/zed_ros2/share/ament_index/resource_index/packages/zed_ros2
[1.164s] -- Symlinking: /home/bluelule/ugv_project/ros2_ws/install/zed_ros2/share/zed_ros2/cmake/zed_ros2Config.cmake
[1.182s] -- Symlinking: /home/bluelule/ugv_project/ros2_ws/install/zed_ros2/share/zed_ros2/cmake/zed_ros2Config-version.cmake
[1.199s] -- Symlinking: /home/bluelule/ugv_project/ros2_ws/install/zed_ros2/share/zed_ros2/package.xml
[1.224s] Invoked command in '/home/bluelule/ugv_project/ros2_ws/build/zed_ros2' returned '0': CMAKE_PREFIX_PATH=/home/bluelule/ugv_project/ros2_ws/install/zed_wrapper:/home/bluelule/ugv_project/ros2_ws/install/zed_components:/home/bluelule/ugv_project/ros2_ws/install/zed_ros2:/home/bluelule/ugv_project/ros2_ws/install/rplidar_ros:/home/bluelule/ugv_project/ros2_ws/install/ugv_lidar:/home/bluelule/ugv_project/ros2_ws/install/ugv_perception:/opt/ros/humble LD_LIBRARY_PATH=/home/bluelule/ugv_project/ros2_ws/install/zed_components/lib:/opt/ros/humble/opt/rviz_ogre_vendor/lib:/opt/ros/humble/lib/aarch64-linux-gnu:/opt/ros/humble/lib:/usr/local/cuda-12.6/lib64 /usr/bin/cmake --install /home/bluelule/ugv_project/ros2_ws/build/zed_ros2
