/home/bluelule/ugv_project/ros2_ws/install/ugv_sensor_sync/lib/python3.10/site-packages/ugv_sensor_sync/__init__.py
/home/bluelule/ugv_project/ros2_ws/install/ugv_sensor_sync/lib/python3.10/site-packages/ugv_sensor_sync/lidar_sync_node.py
/home/bluelule/ugv_project/ros2_ws/install/ugv_sensor_sync/lib/python3.10/site-packages/ugv_sensor_sync/zed_sync_node.py
/home/bluelule/ugv_project/ros2_ws/install/ugv_sensor_sync/lib/python3.10/site-packages/ugv_sensor_sync/uwb_node.py
/home/bluelule/ugv_project/ros2_ws/install/ugv_sensor_sync/lib/python3.10/site-packages/ugv_sensor_sync/fusion_node.py
/home/bluelule/ugv_project/ros2_ws/install/ugv_sensor_sync/lib/python3.10/site-packages/ugv_sensor_sync/__pycache__/__init__.cpython-310.pyc
/home/bluelule/ugv_project/ros2_ws/install/ugv_sensor_sync/lib/python3.10/site-packages/ugv_sensor_sync/__pycache__/lidar_sync_node.cpython-310.pyc
/home/bluelule/ugv_project/ros2_ws/install/ugv_sensor_sync/lib/python3.10/site-packages/ugv_sensor_sync/__pycache__/zed_sync_node.cpython-310.pyc
/home/bluelule/ugv_project/ros2_ws/install/ugv_sensor_sync/lib/python3.10/site-packages/ugv_sensor_sync/__pycache__/uwb_node.cpython-310.pyc
/home/bluelule/ugv_project/ros2_ws/install/ugv_sensor_sync/lib/python3.10/site-packages/ugv_sensor_sync/__pycache__/fusion_node.cpython-310.pyc
/home/bluelule/ugv_project/ros2_ws/install/ugv_sensor_sync/share/ament_index/resource_index/packages/ugv_sensor_sync
/home/bluelule/ugv_project/ros2_ws/install/ugv_sensor_sync/share/ugv_sensor_sync/package.xml
/home/bluelule/ugv_project/ros2_ws/install/ugv_sensor_sync/share/ugv_sensor_sync/launch/sensor_sync_launch.py
/home/bluelule/ugv_project/ros2_ws/install/ugv_sensor_sync/lib/python3.10/site-packages/ugv_sensor_sync-0.0.1-py3.10.egg-info/zip-safe
/home/bluelule/ugv_project/ros2_ws/install/ugv_sensor_sync/lib/python3.10/site-packages/ugv_sensor_sync-0.0.1-py3.10.egg-info/SOURCES.txt
/home/bluelule/ugv_project/ros2_ws/install/ugv_sensor_sync/lib/python3.10/site-packages/ugv_sensor_sync-0.0.1-py3.10.egg-info/top_level.txt
/home/bluelule/ugv_project/ros2_ws/install/ugv_sensor_sync/lib/python3.10/site-packages/ugv_sensor_sync-0.0.1-py3.10.egg-info/requires.txt
/home/bluelule/ugv_project/ros2_ws/install/ugv_sensor_sync/lib/python3.10/site-packages/ugv_sensor_sync-0.0.1-py3.10.egg-info/entry_points.txt
/home/bluelule/ugv_project/ros2_ws/install/ugv_sensor_sync/lib/python3.10/site-packages/ugv_sensor_sync-0.0.1-py3.10.egg-info/PKG-INFO
/home/bluelule/ugv_project/ros2_ws/install/ugv_sensor_sync/lib/python3.10/site-packages/ugv_sensor_sync-0.0.1-py3.10.egg-info/dependency_links.txt
/home/bluelule/ugv_project/ros2_ws/install/ugv_sensor_sync/lib/ugv_sensor_sync/fusion_node
/home/bluelule/ugv_project/ros2_ws/install/ugv_sensor_sync/lib/ugv_sensor_sync/lidar_sync_node
/home/bluelule/ugv_project/ros2_ws/install/ugv_sensor_sync/lib/ugv_sensor_sync/uwb_node
/home/bluelule/ugv_project/ros2_ws/install/ugv_sensor_sync/lib/ugv_sensor_sync/zed_sync_node
