[0.233s] DEBUG:colcon:Command line arguments: ['/usr/bin/colcon', 'build', '--packages-select', 'ugv_sensor_sync']
[0.233s] DEBUG:colcon:Parsed command line arguments: Namespace(log_base=None, log_level=None, verb_name='build', build_base='build', install_base='install', merge_install=False, symlink_install=False, test_result_base=None, continue_on_error=False, executor='parallel', parallel_workers=6, event_handlers=None, ignore_user_meta=False, metas=['./colcon.meta'], base_paths=['.'], packages_ignore=None, packages_ignore_regex=None, paths=None, packages_up_to=None, packages_up_to_regex=None, packages_above=None, packages_above_and_dependencies=None, packages_above_depth=None, packages_select_by_dep=None, packages_skip_by_dep=None, packages_skip_up_to=None, packages_select_build_failed=False, packages_skip_build_finished=False, packages_select_test_failures=False, packages_skip_test_passed=False, packages_select=['ugv_sensor_sync'], packages_skip=None, packages_select_regex=None, packages_skip_regex=None, packages_start=None, packages_end=None, allow_overriding=[], cmake_args=None, cmake_target=None, cmake_target_skip_unavailable=False, cmake_clean_cache=False, cmake_clean_first=False, cmake_force_configure=False, ament_cmake_args=None, catkin_cmake_args=None, catkin_skip_building_tests=False, verb_parser=<colcon_defaults.argument_parser.defaults.DefaultArgumentsDecorator object at 0xffff90601750>, verb_extension=<colcon_core.verb.build.BuildVerb object at 0xffff90601240>, main=<bound method BuildVerb.main of <colcon_core.verb.build.BuildVerb object at 0xffff90601240>>)
[0.606s] Level 1:colcon.colcon_core.package_discovery:discover_packages(colcon_meta) check parameters
[0.607s] Level 1:colcon.colcon_core.package_discovery:discover_packages(recursive) check parameters
[0.607s] Level 1:colcon.colcon_core.package_discovery:discover_packages(ignore) check parameters
[0.607s] Level 1:colcon.colcon_core.package_discovery:discover_packages(path) check parameters
[0.607s] Level 1:colcon.colcon_core.package_discovery:discover_packages(colcon_meta) discover
[0.607s] Level 1:colcon.colcon_core.package_discovery:discover_packages(recursive) discover
[0.607s] INFO:colcon.colcon_core.package_discovery:Crawling recursively for packages in '/home/bluelule/ugv_project/ros2_ws'
[0.607s] Level 1:colcon.colcon_core.package_identification:_identify(.) by extensions ['ignore', 'ignore_ament_install']
[0.608s] Level 1:colcon.colcon_core.package_identification:_identify(.) by extension 'ignore'
[0.608s] Level 1:colcon.colcon_core.package_identification:_identify(.) by extension 'ignore_ament_install'
[0.608s] Level 1:colcon.colcon_core.package_identification:_identify(.) by extensions ['colcon_pkg']
[0.608s] Level 1:colcon.colcon_core.package_identification:_identify(.) by extension 'colcon_pkg'
[0.608s] Level 1:colcon.colcon_core.package_identification:_identify(.) by extensions ['colcon_meta']
[0.608s] Level 1:colcon.colcon_core.package_identification:_identify(.) by extension 'colcon_meta'
[0.608s] Level 1:colcon.colcon_core.package_identification:_identify(.) by extensions ['ros']
[0.608s] Level 1:colcon.colcon_core.package_identification:_identify(.) by extension 'ros'
[0.628s] Level 1:colcon.colcon_core.package_identification:_identify(.) by extensions ['cmake', 'python']
[0.628s] Level 1:colcon.colcon_core.package_identification:_identify(.) by extension 'cmake'
[0.628s] Level 1:colcon.colcon_core.package_identification:_identify(.) by extension 'python'
[0.628s] Level 1:colcon.colcon_core.package_identification:_identify(.) by extensions ['python_setup_py']
[0.628s] Level 1:colcon.colcon_core.package_identification:_identify(.) by extension 'python_setup_py'
[0.629s] Level 1:colcon.colcon_core.package_identification:_identify(bin) by extensions ['ignore', 'ignore_ament_install']
[0.629s] Level 1:colcon.colcon_core.package_identification:_identify(bin) by extension 'ignore'
[0.629s] Level 1:colcon.colcon_core.package_identification:_identify(bin) by extension 'ignore_ament_install'
[0.629s] Level 1:colcon.colcon_core.package_identification:_identify(bin) by extensions ['colcon_pkg']
[0.629s] Level 1:colcon.colcon_core.package_identification:_identify(bin) by extension 'colcon_pkg'
[0.629s] Level 1:colcon.colcon_core.package_identification:_identify(bin) by extensions ['colcon_meta']
[0.630s] Level 1:colcon.colcon_core.package_identification:_identify(bin) by extension 'colcon_meta'
[0.630s] Level 1:colcon.colcon_core.package_identification:_identify(bin) by extensions ['ros']
[0.630s] Level 1:colcon.colcon_core.package_identification:_identify(bin) by extension 'ros'
[0.630s] Level 1:colcon.colcon_core.package_identification:_identify(bin) by extensions ['cmake', 'python']
[0.630s] Level 1:colcon.colcon_core.package_identification:_identify(bin) by extension 'cmake'
[0.630s] Level 1:colcon.colcon_core.package_identification:_identify(bin) by extension 'python'
[0.630s] Level 1:colcon.colcon_core.package_identification:_identify(bin) by extensions ['python_setup_py']
[0.630s] Level 1:colcon.colcon_core.package_identification:_identify(bin) by extension 'python_setup_py'
[0.630s] Level 1:colcon.colcon_core.package_identification:_identify(build) by extensions ['ignore', 'ignore_ament_install']
[0.631s] Level 1:colcon.colcon_core.package_identification:_identify(build) by extension 'ignore'
[0.631s] Level 1:colcon.colcon_core.package_identification:_identify(build) ignored
[0.631s] Level 1:colcon.colcon_core.package_identification:_identify(install) by extensions ['ignore', 'ignore_ament_install']
[0.631s] Level 1:colcon.colcon_core.package_identification:_identify(install) by extension 'ignore'
[0.631s] Level 1:colcon.colcon_core.package_identification:_identify(install) ignored
[0.631s] Level 1:colcon.colcon_core.package_identification:_identify(log) by extensions ['ignore', 'ignore_ament_install']
[0.631s] Level 1:colcon.colcon_core.package_identification:_identify(log) by extension 'ignore'
[0.632s] Level 1:colcon.colcon_core.package_identification:_identify(log) ignored
[0.632s] Level 1:colcon.colcon_core.package_identification:_identify(src) by extensions ['ignore', 'ignore_ament_install']
[0.632s] Level 1:colcon.colcon_core.package_identification:_identify(src) by extension 'ignore'
[0.632s] Level 1:colcon.colcon_core.package_identification:_identify(src) by extension 'ignore_ament_install'
[0.632s] Level 1:colcon.colcon_core.package_identification:_identify(src) by extensions ['colcon_pkg']
[0.632s] Level 1:colcon.colcon_core.package_identification:_identify(src) by extension 'colcon_pkg'
[0.632s] Level 1:colcon.colcon_core.package_identification:_identify(src) by extensions ['colcon_meta']
[0.632s] Level 1:colcon.colcon_core.package_identification:_identify(src) by extension 'colcon_meta'
[0.632s] Level 1:colcon.colcon_core.package_identification:_identify(src) by extensions ['ros']
[0.633s] Level 1:colcon.colcon_core.package_identification:_identify(src) by extension 'ros'
[0.633s] Level 1:colcon.colcon_core.package_identification:_identify(src) by extensions ['cmake', 'python']
[0.633s] Level 1:colcon.colcon_core.package_identification:_identify(src) by extension 'cmake'
[0.633s] Level 1:colcon.colcon_core.package_identification:_identify(src) by extension 'python'
[0.633s] Level 1:colcon.colcon_core.package_identification:_identify(src) by extensions ['python_setup_py']
[0.633s] Level 1:colcon.colcon_core.package_identification:_identify(src) by extension 'python_setup_py'
[0.633s] Level 1:colcon.colcon_core.package_identification:_identify(src/third_party) by extensions ['ignore', 'ignore_ament_install']
[0.633s] Level 1:colcon.colcon_core.package_identification:_identify(src/third_party) by extension 'ignore'
[0.633s] Level 1:colcon.colcon_core.package_identification:_identify(src/third_party) by extension 'ignore_ament_install'
[0.634s] Level 1:colcon.colcon_core.package_identification:_identify(src/third_party) by extensions ['colcon_pkg']
[0.634s] Level 1:colcon.colcon_core.package_identification:_identify(src/third_party) by extension 'colcon_pkg'
[0.634s] Level 1:colcon.colcon_core.package_identification:_identify(src/third_party) by extensions ['colcon_meta']
[0.634s] Level 1:colcon.colcon_core.package_identification:_identify(src/third_party) by extension 'colcon_meta'
[0.634s] Level 1:colcon.colcon_core.package_identification:_identify(src/third_party) by extensions ['ros']
[0.634s] Level 1:colcon.colcon_core.package_identification:_identify(src/third_party) by extension 'ros'
[0.634s] Level 1:colcon.colcon_core.package_identification:_identify(src/third_party) by extensions ['cmake', 'python']
[0.634s] Level 1:colcon.colcon_core.package_identification:_identify(src/third_party) by extension 'cmake'
[0.634s] Level 1:colcon.colcon_core.package_identification:_identify(src/third_party) by extension 'python'
[0.634s] Level 1:colcon.colcon_core.package_identification:_identify(src/third_party) by extensions ['python_setup_py']
[0.635s] Level 1:colcon.colcon_core.package_identification:_identify(src/third_party) by extension 'python_setup_py'
[0.635s] Level 1:colcon.colcon_core.package_identification:_identify(src/third_party/zed-ros2-wrapper) by extensions ['ignore', 'ignore_ament_install']
[0.635s] Level 1:colcon.colcon_core.package_identification:_identify(src/third_party/zed-ros2-wrapper) by extension 'ignore'
[0.635s] Level 1:colcon.colcon_core.package_identification:_identify(src/third_party/zed-ros2-wrapper) by extension 'ignore_ament_install'
[0.635s] Level 1:colcon.colcon_core.package_identification:_identify(src/third_party/zed-ros2-wrapper) by extensions ['colcon_pkg']
[0.635s] Level 1:colcon.colcon_core.package_identification:_identify(src/third_party/zed-ros2-wrapper) by extension 'colcon_pkg'
[0.635s] Level 1:colcon.colcon_core.package_identification:_identify(src/third_party/zed-ros2-wrapper) by extensions ['colcon_meta']
[0.635s] Level 1:colcon.colcon_core.package_identification:_identify(src/third_party/zed-ros2-wrapper) by extension 'colcon_meta'
[0.635s] Level 1:colcon.colcon_core.package_identification:_identify(src/third_party/zed-ros2-wrapper) by extensions ['ros']
[0.635s] Level 1:colcon.colcon_core.package_identification:_identify(src/third_party/zed-ros2-wrapper) by extension 'ros'
[0.636s] Level 1:colcon.colcon_core.package_identification:_identify(src/third_party/zed-ros2-wrapper) by extensions ['cmake', 'python']
[0.636s] Level 1:colcon.colcon_core.package_identification:_identify(src/third_party/zed-ros2-wrapper) by extension 'cmake'
[0.636s] Level 1:colcon.colcon_core.package_identification:_identify(src/third_party/zed-ros2-wrapper) by extension 'python'
[0.636s] Level 1:colcon.colcon_core.package_identification:_identify(src/third_party/zed-ros2-wrapper) by extensions ['python_setup_py']
[0.636s] Level 1:colcon.colcon_core.package_identification:_identify(src/third_party/zed-ros2-wrapper) by extension 'python_setup_py'
[0.636s] Level 1:colcon.colcon_core.package_identification:_identify(src/third_party/zed-ros2-wrapper/docker) by extensions ['ignore', 'ignore_ament_install']
[0.636s] Level 1:colcon.colcon_core.package_identification:_identify(src/third_party/zed-ros2-wrapper/docker) by extension 'ignore'
[0.636s] Level 1:colcon.colcon_core.package_identification:_identify(src/third_party/zed-ros2-wrapper/docker) by extension 'ignore_ament_install'
[0.637s] Level 1:colcon.colcon_core.package_identification:_identify(src/third_party/zed-ros2-wrapper/docker) by extensions ['colcon_pkg']
[0.637s] Level 1:colcon.colcon_core.package_identification:_identify(src/third_party/zed-ros2-wrapper/docker) by extension 'colcon_pkg'
[0.637s] Level 1:colcon.colcon_core.package_identification:_identify(src/third_party/zed-ros2-wrapper/docker) by extensions ['colcon_meta']
[0.637s] Level 1:colcon.colcon_core.package_identification:_identify(src/third_party/zed-ros2-wrapper/docker) by extension 'colcon_meta'
[0.637s] Level 1:colcon.colcon_core.package_identification:_identify(src/third_party/zed-ros2-wrapper/docker) by extensions ['ros']
[0.637s] Level 1:colcon.colcon_core.package_identification:_identify(src/third_party/zed-ros2-wrapper/docker) by extension 'ros'
[0.637s] Level 1:colcon.colcon_core.package_identification:_identify(src/third_party/zed-ros2-wrapper/docker) by extensions ['cmake', 'python']
[0.637s] Level 1:colcon.colcon_core.package_identification:_identify(src/third_party/zed-ros2-wrapper/docker) by extension 'cmake'
[0.637s] Level 1:colcon.colcon_core.package_identification:_identify(src/third_party/zed-ros2-wrapper/docker) by extension 'python'
[0.637s] Level 1:colcon.colcon_core.package_identification:_identify(src/third_party/zed-ros2-wrapper/docker) by extensions ['python_setup_py']
[0.637s] Level 1:colcon.colcon_core.package_identification:_identify(src/third_party/zed-ros2-wrapper/docker) by extension 'python_setup_py'
[0.638s] Level 1:colcon.colcon_core.package_identification:_identify(src/third_party/zed-ros2-wrapper/images) by extensions ['ignore', 'ignore_ament_install']
[0.638s] Level 1:colcon.colcon_core.package_identification:_identify(src/third_party/zed-ros2-wrapper/images) by extension 'ignore'
[0.638s] Level 1:colcon.colcon_core.package_identification:_identify(src/third_party/zed-ros2-wrapper/images) by extension 'ignore_ament_install'
[0.638s] Level 1:colcon.colcon_core.package_identification:_identify(src/third_party/zed-ros2-wrapper/images) by extensions ['colcon_pkg']
[0.638s] Level 1:colcon.colcon_core.package_identification:_identify(src/third_party/zed-ros2-wrapper/images) by extension 'colcon_pkg'
[0.638s] Level 1:colcon.colcon_core.package_identification:_identify(src/third_party/zed-ros2-wrapper/images) by extensions ['colcon_meta']
[0.638s] Level 1:colcon.colcon_core.package_identification:_identify(src/third_party/zed-ros2-wrapper/images) by extension 'colcon_meta'
[0.638s] Level 1:colcon.colcon_core.package_identification:_identify(src/third_party/zed-ros2-wrapper/images) by extensions ['ros']
[0.638s] Level 1:colcon.colcon_core.package_identification:_identify(src/third_party/zed-ros2-wrapper/images) by extension 'ros'
[0.639s] Level 1:colcon.colcon_core.package_identification:_identify(src/third_party/zed-ros2-wrapper/images) by extensions ['cmake', 'python']
[0.639s] Level 1:colcon.colcon_core.package_identification:_identify(src/third_party/zed-ros2-wrapper/images) by extension 'cmake'
[0.639s] Level 1:colcon.colcon_core.package_identification:_identify(src/third_party/zed-ros2-wrapper/images) by extension 'python'
[0.639s] Level 1:colcon.colcon_core.package_identification:_identify(src/third_party/zed-ros2-wrapper/images) by extensions ['python_setup_py']
[0.639s] Level 1:colcon.colcon_core.package_identification:_identify(src/third_party/zed-ros2-wrapper/images) by extension 'python_setup_py'
[0.639s] Level 1:colcon.colcon_core.package_identification:_identify(src/third_party/zed-ros2-wrapper/zed_components) by extensions ['ignore', 'ignore_ament_install']
[0.639s] Level 1:colcon.colcon_core.package_identification:_identify(src/third_party/zed-ros2-wrapper/zed_components) by extension 'ignore'
[0.639s] Level 1:colcon.colcon_core.package_identification:_identify(src/third_party/zed-ros2-wrapper/zed_components) by extension 'ignore_ament_install'
[0.640s] Level 1:colcon.colcon_core.package_identification:_identify(src/third_party/zed-ros2-wrapper/zed_components) by extensions ['colcon_pkg']
[0.640s] Level 1:colcon.colcon_core.package_identification:_identify(src/third_party/zed-ros2-wrapper/zed_components) by extension 'colcon_pkg'
[0.640s] Level 1:colcon.colcon_core.package_identification:_identify(src/third_party/zed-ros2-wrapper/zed_components) by extensions ['colcon_meta']
[0.640s] Level 1:colcon.colcon_core.package_identification:_identify(src/third_party/zed-ros2-wrapper/zed_components) by extension 'colcon_meta'
[0.640s] Level 1:colcon.colcon_core.package_identification:_identify(src/third_party/zed-ros2-wrapper/zed_components) by extensions ['ros']
[0.640s] Level 1:colcon.colcon_core.package_identification:_identify(src/third_party/zed-ros2-wrapper/zed_components) by extension 'ros'
[0.646s] DEBUG:colcon.colcon_core.package_identification:Package 'src/third_party/zed-ros2-wrapper/zed_components' with type 'ros.ament_cmake' and name 'zed_components'
[0.646s] Level 1:colcon.colcon_core.package_identification:_identify(src/third_party/zed-ros2-wrapper/zed_ros2) by extensions ['ignore', 'ignore_ament_install']
[0.647s] Level 1:colcon.colcon_core.package_identification:_identify(src/third_party/zed-ros2-wrapper/zed_ros2) by extension 'ignore'
[0.647s] Level 1:colcon.colcon_core.package_identification:_identify(src/third_party/zed-ros2-wrapper/zed_ros2) by extension 'ignore_ament_install'
[0.647s] Level 1:colcon.colcon_core.package_identification:_identify(src/third_party/zed-ros2-wrapper/zed_ros2) by extensions ['colcon_pkg']
[0.647s] Level 1:colcon.colcon_core.package_identification:_identify(src/third_party/zed-ros2-wrapper/zed_ros2) by extension 'colcon_pkg'
[0.647s] Level 1:colcon.colcon_core.package_identification:_identify(src/third_party/zed-ros2-wrapper/zed_ros2) by extensions ['colcon_meta']
[0.647s] Level 1:colcon.colcon_core.package_identification:_identify(src/third_party/zed-ros2-wrapper/zed_ros2) by extension 'colcon_meta'
[0.647s] Level 1:colcon.colcon_core.package_identification:_identify(src/third_party/zed-ros2-wrapper/zed_ros2) by extensions ['ros']
[0.647s] Level 1:colcon.colcon_core.package_identification:_identify(src/third_party/zed-ros2-wrapper/zed_ros2) by extension 'ros'
[0.649s] DEBUG:colcon.colcon_core.package_identification:Package 'src/third_party/zed-ros2-wrapper/zed_ros2' with type 'ros.ament_cmake' and name 'zed_ros2'
[0.649s] Level 1:colcon.colcon_core.package_identification:_identify(src/third_party/zed-ros2-wrapper/zed_wrapper) by extensions ['ignore', 'ignore_ament_install']
[0.649s] Level 1:colcon.colcon_core.package_identification:_identify(src/third_party/zed-ros2-wrapper/zed_wrapper) by extension 'ignore'
[0.649s] Level 1:colcon.colcon_core.package_identification:_identify(src/third_party/zed-ros2-wrapper/zed_wrapper) by extension 'ignore_ament_install'
[0.649s] Level 1:colcon.colcon_core.package_identification:_identify(src/third_party/zed-ros2-wrapper/zed_wrapper) by extensions ['colcon_pkg']
[0.649s] Level 1:colcon.colcon_core.package_identification:_identify(src/third_party/zed-ros2-wrapper/zed_wrapper) by extension 'colcon_pkg'
[0.649s] Level 1:colcon.colcon_core.package_identification:_identify(src/third_party/zed-ros2-wrapper/zed_wrapper) by extensions ['colcon_meta']
[0.649s] Level 1:colcon.colcon_core.package_identification:_identify(src/third_party/zed-ros2-wrapper/zed_wrapper) by extension 'colcon_meta'
[0.650s] Level 1:colcon.colcon_core.package_identification:_identify(src/third_party/zed-ros2-wrapper/zed_wrapper) by extensions ['ros']
[0.650s] Level 1:colcon.colcon_core.package_identification:_identify(src/third_party/zed-ros2-wrapper/zed_wrapper) by extension 'ros'
[0.651s] DEBUG:colcon.colcon_core.package_identification:Package 'src/third_party/zed-ros2-wrapper/zed_wrapper' with type 'ros.ament_cmake' and name 'zed_wrapper'
[0.651s] Level 1:colcon.colcon_core.package_identification:_identify(src/ugv_lidar) by extensions ['ignore', 'ignore_ament_install']
[0.651s] Level 1:colcon.colcon_core.package_identification:_identify(src/ugv_lidar) by extension 'ignore'
[0.652s] Level 1:colcon.colcon_core.package_identification:_identify(src/ugv_lidar) by extension 'ignore_ament_install'
[0.652s] Level 1:colcon.colcon_core.package_identification:_identify(src/ugv_lidar) by extensions ['colcon_pkg']
[0.652s] Level 1:colcon.colcon_core.package_identification:_identify(src/ugv_lidar) by extension 'colcon_pkg'
[0.652s] Level 1:colcon.colcon_core.package_identification:_identify(src/ugv_lidar) by extensions ['colcon_meta']
[0.652s] Level 1:colcon.colcon_core.package_identification:_identify(src/ugv_lidar) by extension 'colcon_meta'
[0.652s] Level 1:colcon.colcon_core.package_identification:_identify(src/ugv_lidar) by extensions ['ros']
[0.652s] Level 1:colcon.colcon_core.package_identification:_identify(src/ugv_lidar) by extension 'ros'
[0.653s] DEBUG:colcon.colcon_core.package_identification:Package 'src/ugv_lidar' with type 'ros.ament_python' and name 'ugv_lidar'
[0.654s] Level 1:colcon.colcon_core.package_identification:_identify(src/ugv_nav) by extensions ['ignore', 'ignore_ament_install']
[0.654s] Level 1:colcon.colcon_core.package_identification:_identify(src/ugv_nav) by extension 'ignore'
[0.654s] Level 1:colcon.colcon_core.package_identification:_identify(src/ugv_nav) by extension 'ignore_ament_install'
[0.654s] Level 1:colcon.colcon_core.package_identification:_identify(src/ugv_nav) by extensions ['colcon_pkg']
[0.654s] Level 1:colcon.colcon_core.package_identification:_identify(src/ugv_nav) by extension 'colcon_pkg'
[0.654s] Level 1:colcon.colcon_core.package_identification:_identify(src/ugv_nav) by extensions ['colcon_meta']
[0.654s] Level 1:colcon.colcon_core.package_identification:_identify(src/ugv_nav) by extension 'colcon_meta'
[0.654s] Level 1:colcon.colcon_core.package_identification:_identify(src/ugv_nav) by extensions ['ros']
[0.654s] Level 1:colcon.colcon_core.package_identification:_identify(src/ugv_nav) by extension 'ros'
[0.655s] Level 1:colcon.colcon_core.package_identification:_identify(src/ugv_nav) by extensions ['cmake', 'python']
[0.655s] Level 1:colcon.colcon_core.package_identification:_identify(src/ugv_nav) by extension 'cmake'
[0.655s] Level 1:colcon.colcon_core.package_identification:_identify(src/ugv_nav) by extension 'python'
[0.655s] Level 1:colcon.colcon_core.package_identification:_identify(src/ugv_nav) by extensions ['python_setup_py']
[0.655s] Level 1:colcon.colcon_core.package_identification:_identify(src/ugv_nav) by extension 'python_setup_py'
[0.655s] Level 1:colcon.colcon_core.package_identification:_identify(src/ugv_nav/ugv_nav) by extensions ['ignore', 'ignore_ament_install']
[0.655s] Level 1:colcon.colcon_core.package_identification:_identify(src/ugv_nav/ugv_nav) by extension 'ignore'
[0.656s] Level 1:colcon.colcon_core.package_identification:_identify(src/ugv_nav/ugv_nav) by extension 'ignore_ament_install'
[0.656s] Level 1:colcon.colcon_core.package_identification:_identify(src/ugv_nav/ugv_nav) by extensions ['colcon_pkg']
[0.656s] Level 1:colcon.colcon_core.package_identification:_identify(src/ugv_nav/ugv_nav) by extension 'colcon_pkg'
[0.656s] Level 1:colcon.colcon_core.package_identification:_identify(src/ugv_nav/ugv_nav) by extensions ['colcon_meta']
[0.656s] Level 1:colcon.colcon_core.package_identification:_identify(src/ugv_nav/ugv_nav) by extension 'colcon_meta'
[0.656s] Level 1:colcon.colcon_core.package_identification:_identify(src/ugv_nav/ugv_nav) by extensions ['ros']
[0.656s] Level 1:colcon.colcon_core.package_identification:_identify(src/ugv_nav/ugv_nav) by extension 'ros'
[0.656s] Level 1:colcon.colcon_core.package_identification:_identify(src/ugv_nav/ugv_nav) by extensions ['cmake', 'python']
[0.656s] Level 1:colcon.colcon_core.package_identification:_identify(src/ugv_nav/ugv_nav) by extension 'cmake'
[0.656s] Level 1:colcon.colcon_core.package_identification:_identify(src/ugv_nav/ugv_nav) by extension 'python'
[0.657s] Level 1:colcon.colcon_core.package_identification:_identify(src/ugv_nav/ugv_nav) by extensions ['python_setup_py']
[0.657s] Level 1:colcon.colcon_core.package_identification:_identify(src/ugv_nav/ugv_nav) by extension 'python_setup_py'
[0.657s] Level 1:colcon.colcon_core.package_identification:_identify(src/ugv_perception) by extensions ['ignore', 'ignore_ament_install']
[0.657s] Level 1:colcon.colcon_core.package_identification:_identify(src/ugv_perception) by extension 'ignore'
[0.657s] Level 1:colcon.colcon_core.package_identification:_identify(src/ugv_perception) by extension 'ignore_ament_install'
[0.657s] Level 1:colcon.colcon_core.package_identification:_identify(src/ugv_perception) by extensions ['colcon_pkg']
[0.657s] Level 1:colcon.colcon_core.package_identification:_identify(src/ugv_perception) by extension 'colcon_pkg'
[0.657s] Level 1:colcon.colcon_core.package_identification:_identify(src/ugv_perception) by extensions ['colcon_meta']
[0.657s] Level 1:colcon.colcon_core.package_identification:_identify(src/ugv_perception) by extension 'colcon_meta'
[0.658s] Level 1:colcon.colcon_core.package_identification:_identify(src/ugv_perception) by extensions ['ros']
[0.658s] Level 1:colcon.colcon_core.package_identification:_identify(src/ugv_perception) by extension 'ros'
[0.659s] DEBUG:colcon.colcon_core.package_identification:Package 'src/ugv_perception' with type 'ros.ament_python' and name 'ugv_perception'
[0.659s] Level 1:colcon.colcon_core.package_identification:_identify(src/ugv_sensor_sync) by extensions ['ignore', 'ignore_ament_install']
[0.659s] Level 1:colcon.colcon_core.package_identification:_identify(src/ugv_sensor_sync) by extension 'ignore'
[0.659s] Level 1:colcon.colcon_core.package_identification:_identify(src/ugv_sensor_sync) by extension 'ignore_ament_install'
[0.659s] Level 1:colcon.colcon_core.package_identification:_identify(src/ugv_sensor_sync) by extensions ['colcon_pkg']
[0.659s] Level 1:colcon.colcon_core.package_identification:_identify(src/ugv_sensor_sync) by extension 'colcon_pkg'
[0.660s] Level 1:colcon.colcon_core.package_identification:_identify(src/ugv_sensor_sync) by extensions ['colcon_meta']
[0.660s] Level 1:colcon.colcon_core.package_identification:_identify(src/ugv_sensor_sync) by extension 'colcon_meta'
[0.660s] Level 1:colcon.colcon_core.package_identification:_identify(src/ugv_sensor_sync) by extensions ['ros']
[0.660s] Level 1:colcon.colcon_core.package_identification:_identify(src/ugv_sensor_sync) by extension 'ros'
[0.661s] DEBUG:colcon.colcon_core.package_identification:Package 'src/ugv_sensor_sync' with type 'ros.ament_python' and name 'ugv_sensor_sync'
[0.662s] Level 1:colcon.colcon_core.package_identification:_identify(src/ugv_serial_odom) by extensions ['ignore', 'ignore_ament_install']
[0.662s] Level 1:colcon.colcon_core.package_identification:_identify(src/ugv_serial_odom) by extension 'ignore'
[0.662s] Level 1:colcon.colcon_core.package_identification:_identify(src/ugv_serial_odom) by extension 'ignore_ament_install'
[0.662s] Level 1:colcon.colcon_core.package_identification:_identify(src/ugv_serial_odom) by extensions ['colcon_pkg']
[0.662s] Level 1:colcon.colcon_core.package_identification:_identify(src/ugv_serial_odom) by extension 'colcon_pkg'
[0.662s] Level 1:colcon.colcon_core.package_identification:_identify(src/ugv_serial_odom) by extensions ['colcon_meta']
[0.662s] Level 1:colcon.colcon_core.package_identification:_identify(src/ugv_serial_odom) by extension 'colcon_meta'
[0.662s] Level 1:colcon.colcon_core.package_identification:_identify(src/ugv_serial_odom) by extensions ['ros']
[0.662s] Level 1:colcon.colcon_core.package_identification:_identify(src/ugv_serial_odom) by extension 'ros'
[0.664s] DEBUG:colcon.colcon_core.package_identification:Package 'src/ugv_serial_odom' with type 'ros.ament_python' and name 'ugv_serial_odom'
[0.664s] Level 1:colcon.colcon_core.package_identification:_identify(src/ugv_sim) by extensions ['ignore', 'ignore_ament_install']
[0.664s] Level 1:colcon.colcon_core.package_identification:_identify(src/ugv_sim) by extension 'ignore'
[0.664s] Level 1:colcon.colcon_core.package_identification:_identify(src/ugv_sim) by extension 'ignore_ament_install'
[0.664s] Level 1:colcon.colcon_core.package_identification:_identify(src/ugv_sim) by extensions ['colcon_pkg']
[0.664s] Level 1:colcon.colcon_core.package_identification:_identify(src/ugv_sim) by extension 'colcon_pkg'
[0.665s] Level 1:colcon.colcon_core.package_identification:_identify(src/ugv_sim) by extensions ['colcon_meta']
[0.665s] Level 1:colcon.colcon_core.package_identification:_identify(src/ugv_sim) by extension 'colcon_meta'
[0.665s] Level 1:colcon.colcon_core.package_identification:_identify(src/ugv_sim) by extensions ['ros']
[0.665s] Level 1:colcon.colcon_core.package_identification:_identify(src/ugv_sim) by extension 'ros'
[0.666s] DEBUG:colcon.colcon_core.package_identification:Package 'src/ugv_sim' with type 'ros.ament_cmake' and name 'ugv_sim'
[0.666s] Level 1:colcon.colcon_core.package_discovery:discover_packages(recursive) using defaults
[0.666s] Level 1:colcon.colcon_core.package_discovery:discover_packages(ignore) discover
[0.666s] Level 1:colcon.colcon_core.package_discovery:discover_packages(ignore) using defaults
[0.666s] Level 1:colcon.colcon_core.package_discovery:discover_packages(path) discover
[0.666s] Level 1:colcon.colcon_core.package_discovery:discover_packages(path) using defaults
[0.737s] INFO:colcon.colcon_core.package_selection:Skipping not selected package 'ugv_lidar' in 'src/ugv_lidar'
[0.738s] INFO:colcon.colcon_core.package_selection:Skipping not selected package 'ugv_perception' in 'src/ugv_perception'
[0.738s] INFO:colcon.colcon_core.package_selection:Skipping not selected package 'ugv_serial_odom' in 'src/ugv_serial_odom'
[0.738s] INFO:colcon.colcon_core.package_selection:Skipping not selected package 'ugv_sim' in 'src/ugv_sim'
[0.738s] INFO:colcon.colcon_core.package_selection:Skipping not selected package 'zed_components' in 'src/third_party/zed-ros2-wrapper/zed_components'
[0.738s] INFO:colcon.colcon_core.package_selection:Skipping not selected package 'zed_wrapper' in 'src/third_party/zed-ros2-wrapper/zed_wrapper'
[0.738s] INFO:colcon.colcon_core.package_selection:Skipping not selected package 'zed_ros2' in 'src/third_party/zed-ros2-wrapper/zed_ros2'
[0.739s] Level 1:colcon.colcon_core.package_discovery:discover_packages(prefix_path) check parameters
[0.739s] Level 1:colcon.colcon_core.package_discovery:discover_packages(prefix_path) discover
[0.745s] DEBUG:colcon.colcon_installed_package_information.package_discovery:Found 11 installed packages in /home/bluelule/ugv_ws_albert/install
[0.746s] DEBUG:colcon.colcon_installed_package_information.package_discovery:Found 3 installed packages in /home/bluelule/ugv_ws_albert/microros_ws/install
[0.748s] DEBUG:colcon.colcon_installed_package_information.package_discovery:Found 8 installed packages in /home/bluelule/ugv_project/ros2_ws/install
[0.750s] DEBUG:colcon.colcon_installed_package_information.package_discovery:Found 310 installed packages in /opt/ros/humble
[0.753s] Level 1:colcon.colcon_core.package_discovery:discover_packages(prefix_path) using defaults
[0.836s] Level 5:colcon.colcon_core.verb:set package 'ugv_sensor_sync' build argument 'cmake_args' from command line to 'None'
[0.837s] Level 5:colcon.colcon_core.verb:set package 'ugv_sensor_sync' build argument 'cmake_target' from command line to 'None'
[0.837s] Level 5:colcon.colcon_core.verb:set package 'ugv_sensor_sync' build argument 'cmake_target_skip_unavailable' from command line to 'False'
[0.837s] Level 5:colcon.colcon_core.verb:set package 'ugv_sensor_sync' build argument 'cmake_clean_cache' from command line to 'False'
[0.837s] Level 5:colcon.colcon_core.verb:set package 'ugv_sensor_sync' build argument 'cmake_clean_first' from command line to 'False'
[0.837s] Level 5:colcon.colcon_core.verb:set package 'ugv_sensor_sync' build argument 'cmake_force_configure' from command line to 'False'
[0.837s] Level 5:colcon.colcon_core.verb:set package 'ugv_sensor_sync' build argument 'ament_cmake_args' from command line to 'None'
[0.837s] Level 5:colcon.colcon_core.verb:set package 'ugv_sensor_sync' build argument 'catkin_cmake_args' from command line to 'None'
[0.837s] Level 5:colcon.colcon_core.verb:set package 'ugv_sensor_sync' build argument 'catkin_skip_building_tests' from command line to 'False'
[0.837s] DEBUG:colcon.colcon_core.verb:Building package 'ugv_sensor_sync' with the following arguments: {'ament_cmake_args': None, 'build_base': '/home/bluelule/ugv_project/ros2_ws/build/ugv_sensor_sync', 'catkin_cmake_args': None, 'catkin_skip_building_tests': False, 'cmake_args': None, 'cmake_clean_cache': False, 'cmake_clean_first': False, 'cmake_force_configure': False, 'cmake_target': None, 'cmake_target_skip_unavailable': False, 'install_base': '/home/bluelule/ugv_project/ros2_ws/install/ugv_sensor_sync', 'merge_install': False, 'path': '/home/bluelule/ugv_project/ros2_ws/src/ugv_sensor_sync', 'symlink_install': False, 'test_result_base': None}
[0.837s] INFO:colcon.colcon_core.executor:Executing jobs using 'parallel' executor
[0.840s] DEBUG:colcon.colcon_parallel_executor.executor.parallel:run_until_complete
[0.840s] INFO:colcon.colcon_ros.task.ament_python.build:Building ROS package in '/home/bluelule/ugv_project/ros2_ws/src/ugv_sensor_sync' with build type 'ament_python'
[0.841s] Level 1:colcon.colcon_core.shell:create_environment_hook('ugv_sensor_sync', 'ament_prefix_path')
[0.846s] INFO:colcon.colcon_core.plugin_system:Skipping extension 'colcon_core.shell.bat': Not used on non-Windows systems
[0.846s] INFO:colcon.colcon_core.shell:Creating environment hook '/home/bluelule/ugv_project/ros2_ws/install/ugv_sensor_sync/share/ugv_sensor_sync/hook/ament_prefix_path.ps1'
[0.848s] INFO:colcon.colcon_core.shell:Creating environment descriptor '/home/bluelule/ugv_project/ros2_ws/install/ugv_sensor_sync/share/ugv_sensor_sync/hook/ament_prefix_path.dsv'
[0.849s] INFO:colcon.colcon_core.shell:Creating environment hook '/home/bluelule/ugv_project/ros2_ws/install/ugv_sensor_sync/share/ugv_sensor_sync/hook/ament_prefix_path.sh'
[0.850s] INFO:colcon.colcon_core.shell:Skip shell extension 'powershell' for command environment: Not usable outside of PowerShell
[0.850s] DEBUG:colcon.colcon_core.shell:Skip shell extension 'dsv' for command environment
[1.364s] INFO:colcon.colcon_core.task.python.build:Building Python package in '/home/bluelule/ugv_project/ros2_ws/src/ugv_sensor_sync'
[1.365s] INFO:colcon.colcon_core.shell:Skip shell extension 'powershell' for command environment: Not usable outside of PowerShell
[1.365s] DEBUG:colcon.colcon_core.shell:Skip shell extension 'dsv' for command environment
[2.140s] DEBUG:colcon.colcon_core.event_handler.log_command:Invoking command in '/home/bluelule/ugv_project/ros2_ws/src/ugv_sensor_sync': PYTHONPATH=/home/bluelule/ugv_project/ros2_ws/build/ugv_sensor_sync/prefix_override:/usr/lib/python3/dist-packages/colcon_core/task/python/colcon_distutils_commands:/home/bluelule/ugv_project/ros2_ws/install/ugv_sensor_sync/lib/python3.10/site-packages:${PYTHONPATH} /usr/bin/python3 -W ignore:setup.py install is deprecated -W ignore:easy_install command is deprecated setup.py egg_info --egg-base ../../build/ugv_sensor_sync build --build-base /home/bluelule/ugv_project/ros2_ws/build/ugv_sensor_sync/build install --record /home/bluelule/ugv_project/ros2_ws/build/ugv_sensor_sync/install.log --single-version-externally-managed install_data
[2.722s] DEBUG:colcon.colcon_core.event_handler.log_command:Invoked command in '/home/bluelule/ugv_project/ros2_ws/src/ugv_sensor_sync' returned '0': PYTHONPATH=/home/bluelule/ugv_project/ros2_ws/build/ugv_sensor_sync/prefix_override:/usr/lib/python3/dist-packages/colcon_core/task/python/colcon_distutils_commands:/home/bluelule/ugv_project/ros2_ws/install/ugv_sensor_sync/lib/python3.10/site-packages:${PYTHONPATH} /usr/bin/python3 -W ignore:setup.py install is deprecated -W ignore:easy_install command is deprecated setup.py egg_info --egg-base ../../build/ugv_sensor_sync build --build-base /home/bluelule/ugv_project/ros2_ws/build/ugv_sensor_sync/build install --record /home/bluelule/ugv_project/ros2_ws/build/ugv_sensor_sync/install.log --single-version-externally-managed install_data
[2.733s] Level 1:colcon.colcon_core.environment:checking '/home/bluelule/ugv_project/ros2_ws/install/ugv_sensor_sync' for CMake module files
[2.736s] Level 1:colcon.colcon_core.environment:checking '/home/bluelule/ugv_project/ros2_ws/install/ugv_sensor_sync' for CMake config files
[2.737s] Level 1:colcon.colcon_core.shell:create_environment_hook('ugv_sensor_sync', 'cmake_prefix_path')
[2.738s] INFO:colcon.colcon_core.shell:Creating environment hook '/home/bluelule/ugv_project/ros2_ws/install/ugv_sensor_sync/share/ugv_sensor_sync/hook/cmake_prefix_path.ps1'
[2.739s] INFO:colcon.colcon_core.shell:Creating environment descriptor '/home/bluelule/ugv_project/ros2_ws/install/ugv_sensor_sync/share/ugv_sensor_sync/hook/cmake_prefix_path.dsv'
[2.741s] INFO:colcon.colcon_core.shell:Creating environment hook '/home/bluelule/ugv_project/ros2_ws/install/ugv_sensor_sync/share/ugv_sensor_sync/hook/cmake_prefix_path.sh'
[2.743s] Level 1:colcon.colcon_core.environment:checking '/home/bluelule/ugv_project/ros2_ws/install/ugv_sensor_sync/lib'
[2.744s] Level 1:colcon.colcon_core.shell:create_environment_hook('ugv_sensor_sync', 'ld_library_path_lib')
[2.745s] INFO:colcon.colcon_core.shell:Creating environment hook '/home/bluelule/ugv_project/ros2_ws/install/ugv_sensor_sync/share/ugv_sensor_sync/hook/ld_library_path_lib.ps1'
[2.747s] INFO:colcon.colcon_core.shell:Creating environment descriptor '/home/bluelule/ugv_project/ros2_ws/install/ugv_sensor_sync/share/ugv_sensor_sync/hook/ld_library_path_lib.dsv'
[2.748s] INFO:colcon.colcon_core.shell:Creating environment hook '/home/bluelule/ugv_project/ros2_ws/install/ugv_sensor_sync/share/ugv_sensor_sync/hook/ld_library_path_lib.sh'
[2.750s] Level 1:colcon.colcon_core.environment:checking '/home/bluelule/ugv_project/ros2_ws/install/ugv_sensor_sync/bin'
[2.750s] Level 1:colcon.colcon_core.environment:checking '/home/bluelule/ugv_project/ros2_ws/install/ugv_sensor_sync/lib/pkgconfig/ugv_sensor_sync.pc'
[2.751s] Level 1:colcon.colcon_core.environment:checking '/home/bluelule/ugv_project/ros2_ws/install/ugv_sensor_sync/lib/python3.10/site-packages'
[2.751s] Level 1:colcon.colcon_core.shell:create_environment_hook('ugv_sensor_sync', 'pythonpath')
[2.752s] INFO:colcon.colcon_core.shell:Creating environment hook '/home/bluelule/ugv_project/ros2_ws/install/ugv_sensor_sync/share/ugv_sensor_sync/hook/pythonpath.ps1'
[2.754s] INFO:colcon.colcon_core.shell:Creating environment descriptor '/home/bluelule/ugv_project/ros2_ws/install/ugv_sensor_sync/share/ugv_sensor_sync/hook/pythonpath.dsv'
[2.755s] INFO:colcon.colcon_core.shell:Creating environment hook '/home/bluelule/ugv_project/ros2_ws/install/ugv_sensor_sync/share/ugv_sensor_sync/hook/pythonpath.sh'
[2.757s] Level 1:colcon.colcon_core.environment:checking '/home/bluelule/ugv_project/ros2_ws/install/ugv_sensor_sync/bin'
[2.758s] Level 1:colcon.colcon_core.environment:create_environment_scripts_only(ugv_sensor_sync)
[2.759s] INFO:colcon.colcon_core.shell:Creating package script '/home/bluelule/ugv_project/ros2_ws/install/ugv_sensor_sync/share/ugv_sensor_sync/package.ps1'
[2.763s] INFO:colcon.colcon_core.shell:Creating package descriptor '/home/bluelule/ugv_project/ros2_ws/install/ugv_sensor_sync/share/ugv_sensor_sync/package.dsv'
[2.766s] INFO:colcon.colcon_core.shell:Creating package script '/home/bluelule/ugv_project/ros2_ws/install/ugv_sensor_sync/share/ugv_sensor_sync/package.sh'
[2.769s] INFO:colcon.colcon_core.shell:Creating package script '/home/bluelule/ugv_project/ros2_ws/install/ugv_sensor_sync/share/ugv_sensor_sync/package.bash'
[2.772s] INFO:colcon.colcon_core.shell:Creating package script '/home/bluelule/ugv_project/ros2_ws/install/ugv_sensor_sync/share/ugv_sensor_sync/package.zsh'
[2.775s] Level 1:colcon.colcon_core.environment:create_file_with_runtime_dependencies(/home/bluelule/ugv_project/ros2_ws/install/ugv_sensor_sync/share/colcon-core/packages/ugv_sensor_sync)
[2.776s] DEBUG:colcon.colcon_parallel_executor.executor.parallel:closing loop
[2.777s] DEBUG:colcon.colcon_parallel_executor.executor.parallel:loop closed
[2.778s] DEBUG:colcon.colcon_parallel_executor.executor.parallel:run_until_complete finished with '0'
[2.778s] DEBUG:colcon.colcon_core.event_reactor:joining thread
[2.798s] INFO:colcon.colcon_core.plugin_system:Skipping extension 'colcon_notification.desktop_notification.terminal_notifier': Not used on non-Darwin systems
[2.799s] INFO:colcon.colcon_core.plugin_system:Skipping extension 'colcon_notification.desktop_notification.win32': Not used on non-Windows systems
[2.799s] INFO:colcon.colcon_notification.desktop_notification:Sending desktop notification using 'notify2'
[2.862s] DEBUG:colcon.colcon_core.event_reactor:joined thread
[2.863s] INFO:colcon.colcon_core.shell:Creating prefix script '/home/bluelule/ugv_project/ros2_ws/install/local_setup.ps1'
[2.867s] INFO:colcon.colcon_core.shell:Creating prefix util module '/home/bluelule/ugv_project/ros2_ws/install/_local_setup_util_ps1.py'
[2.872s] INFO:colcon.colcon_core.shell:Creating prefix chain script '/home/bluelule/ugv_project/ros2_ws/install/setup.ps1'
[2.879s] INFO:colcon.colcon_core.shell:Creating prefix script '/home/bluelule/ugv_project/ros2_ws/install/local_setup.sh'
[2.882s] INFO:colcon.colcon_core.shell:Creating prefix util module '/home/bluelule/ugv_project/ros2_ws/install/_local_setup_util_sh.py'
[2.883s] INFO:colcon.colcon_core.shell:Creating prefix chain script '/home/bluelule/ugv_project/ros2_ws/install/setup.sh'
[2.889s] INFO:colcon.colcon_core.shell:Creating prefix script '/home/bluelule/ugv_project/ros2_ws/install/local_setup.bash'
[2.891s] INFO:colcon.colcon_core.shell:Creating prefix chain script '/home/bluelule/ugv_project/ros2_ws/install/setup.bash'
[2.897s] INFO:colcon.colcon_core.shell:Creating prefix script '/home/bluelule/ugv_project/ros2_ws/install/local_setup.zsh'
[2.899s] INFO:colcon.colcon_core.shell:Creating prefix chain script '/home/bluelule/ugv_project/ros2_ws/install/setup.zsh'
