[0mCMake Deprecation Warning at /opt/ros/humble/share/rosidl_cmake/cmake/rosidl_target_interfaces.cmake:32 (message):
  Use rosidl_get_typesupport_target() and target_link_libraries() instead of
  rosidl_target_interfaces()
Call Stack (most recent call first):
  CMakeLists.txt:37 (rosidl_target_interfaces)

[0m
[0mCMake Deprecation Warning at /opt/ros/humble/share/rosidl_cmake/cmake/rosidl_target_interfaces.cmake:32 (message):
  Use rosidl_get_typesupport_target() and target_link_libraries() instead of
  rosidl_target_interfaces()
Call Stack (most recent call first):
  CMakeLists.txt:51 (rosidl_target_interfaces)

[0m
[01m[K/home/bluelule/ugv_project/ros2_ws/src/ugv_sensor_sync/src/clock_mapper.cpp:[m[K In member function ‘[01m[Kstd::pair<double, double> ugv_sensor_sync::ClockMapper::getFit() const[m[K’:
[01m[K/home/bluelule/ugv_project/ros2_ws/src/ugv_sensor_sync/src/clock_mapper.cpp:35:49:[m[K [01;36m[Knote: [m[Kparameter passing for argument of type ‘[01m[Kstd::pair<double, double>[m[K’ when C++17 is enabled changed to match C++14 ]8;;https://gcc.gnu.org/gcc-10/changes.html#empty_basein GCC 10.1]8;;
   35 | std::pair<double, double> ClockMapper::getFit() [01;36m[Kconst[m[K
      |                                                 [01;36m[K^~~~~[m[K
[01m[K/home/bluelule/ugv_project/ros2_ws/src/ugv_sensor_sync/src/planner_sync_node.cpp:[m[K In constructor ‘[01m[KPlannerSyncNode::PlannerSyncNode()[m[K’:
[01m[K/home/bluelule/ugv_project/ros2_ws/src/ugv_sensor_sync/src/planner_sync_node.cpp:34:55:[m[K [01;31m[Kerror: [m[K‘[01m[K_1[m[K’ was not declared in this scope; did you mean ‘[01m[Kstd::placeholders::_1[m[K’?
   34 |       std::bind(&PlannerSyncNode::syncCallback, this, [01;31m[K_1[m[K, _2, _3));
      |                                                       [01;31m[K^~[m[K
      |                                                       [32m[Kstd::placeholders::_1[m[K
In file included from [01m[K/home/bluelule/ugv_project/ros2_ws/src/ugv_sensor_sync/src/planner_sync_node.cpp:2[m[K:
[01m[K/usr/include/c++/11/functional:225:34:[m[K [01;36m[Knote: [m[K‘[01m[Kstd::placeholders::_1[m[K’ declared here
  225 |     extern const _Placeholder<1> [01;36m[K_1[m[K;
      |                                  [01;36m[K^~[m[K
[01m[K/home/bluelule/ugv_project/ros2_ws/src/ugv_sensor_sync/src/planner_sync_node.cpp:34:59:[m[K [01;31m[Kerror: [m[K‘[01m[K_2[m[K’ was not declared in this scope; did you mean ‘[01m[Kstd::placeholders::_2[m[K’?
   34 |       std::bind(&PlannerSyncNode::syncCallback, this, _1, [01;31m[K_2[m[K, _3));
      |                                                           [01;31m[K^~[m[K
      |                                                           [32m[Kstd::placeholders::_2[m[K
In file included from [01m[K/home/bluelule/ugv_project/ros2_ws/src/ugv_sensor_sync/src/planner_sync_node.cpp:2[m[K:
[01m[K/usr/include/c++/11/functional:226:34:[m[K [01;36m[Knote: [m[K‘[01m[Kstd::placeholders::_2[m[K’ declared here
  226 |     extern const _Placeholder<2> [01;36m[K_2[m[K;
      |                                  [01;36m[K^~[m[K
[01m[K/home/bluelule/ugv_project/ros2_ws/src/ugv_sensor_sync/src/planner_sync_node.cpp:34:63:[m[K [01;31m[Kerror: [m[K‘[01m[K_3[m[K’ was not declared in this scope; did you mean ‘[01m[Kstd::placeholders::_3[m[K’?
   34 |       std::bind(&PlannerSyncNode::syncCallback, this, _1, _2, [01;31m[K_3[m[K));
      |                                                               [01;31m[K^~[m[K
      |                                                               [32m[Kstd::placeholders::_3[m[K
In file included from [01m[K/home/bluelule/ugv_project/ros2_ws/src/ugv_sensor_sync/src/planner_sync_node.cpp:2[m[K:
[01m[K/usr/include/c++/11/functional:227:34:[m[K [01;36m[Knote: [m[K‘[01m[Kstd::placeholders::_3[m[K’ declared here
  227 |     extern const _Placeholder<3> [01;36m[K_3[m[K;
      |                                  [01;36m[K^~[m[K
[01m[K/home/bluelule/ugv_project/ros2_ws/src/ugv_sensor_sync/src/uwb_time_bridge.cpp:[m[K In member function ‘[01m[Kvoid UwbTimeBridge::statusTimer()[m[K’:
[01m[K/home/bluelule/ugv_project/ros2_ws/src/ugv_sensor_sync/src/uwb_time_bridge.cpp:98:31:[m[K [01;36m[Knote: [m[Kparameter passing for argument of type ‘[01m[Kstd::pair<double, double>[m[K’ when C++17 is enabled changed to match C++14 ]8;;https://gcc.gnu.org/gcc-10/changes.html#empty_basein GCC 10.1]8;;
   98 |     auto fit = mapper_.getFit([01;36m[K)[m[K;
      |                               [01;36m[K^[m[K
gmake[2]: *** [CMakeFiles/planner_sync_node.dir/build.make:76: CMakeFiles/planner_sync_node.dir/src/planner_sync_node.cpp.o] Error 1
gmake[1]: *** [CMakeFiles/Makefile2:681: CMakeFiles/planner_sync_node.dir/all] Error 2
gmake[1]: *** Waiting for unfinished jobs....
gmake: *** [Makefile:146: all] Error 2
