-- The C compiler identification is GNU 11.4.0
-- The CXX compiler identification is GNU 11.4.0
-- Detecting C compiler ABI info
-- Detecting C compiler ABI info - done
-- Check for working C compiler: /usr/bin/cc - skipped
-- Detecting C compile features
-- Detecting C compile features - done
-- Detecting CXX compiler ABI info
-- Detecting CXX compiler ABI info - done
-- Check for working CXX compiler: /usr/bin/c++ - skipped
-- Detecting CXX compile features
-- Detecting CXX compile features - done
-- Found ament_cmake: 1.3.12 (/opt/ros/humble/share/ament_cmake/cmake)
-- Found Python3: /usr/bin/python3 (found version "3.10.12") found components: Interpreter 
-- Found rclcpp: 16.0.17 (/opt/ros/humble/share/rclcpp/cmake)
-- Found rosidl_generator_c: 3.1.8 (/opt/ros/humble/share/rosidl_generator_c/cmake)
-- Found rosidl_adapter: 3.1.8 (/opt/ros/humble/share/rosidl_adapter/cmake)
-- Found rosidl_generator_cpp: 3.1.8 (/opt/ros/humble/share/rosidl_generator_cpp/cmake)
-- Using all available rosidl_typesupport_c: rosidl_typesupport_fastrtps_c;rosidl_typesupport_introspection_c
-- Using all available rosidl_typesupport_cpp: rosidl_typesupport_fastrtps_cpp;rosidl_typesupport_introspection_cpp
-- Found rmw_implementation_cmake: 6.1.2 (/opt/ros/humble/share/rmw_implementation_cmake/cmake)
-- Found rmw_fastrtps_cpp: 6.2.9 (/opt/ros/humble/share/rmw_fastrtps_cpp/cmake)
-- Found OpenSSL: /usr/lib/aarch64-linux-gnu/libcrypto.so (found version "3.0.2")  
-- Found FastRTPS: /opt/ros/humble/include  
-- Using RMW implementation 'rmw_fastrtps_cpp' as default
-- Looking for pthread.h
-- Looking for pthread.h - found
-- Performing Test CMAKE_HAVE_LIBC_PTHREAD
-- Performing Test CMAKE_HAVE_LIBC_PTHREAD - Success
-- Found Threads: TRUE  
-- Found sensor_msgs: 4.9.0 (/opt/ros/humble/share/sensor_msgs/cmake)
-- Found message_filters: 4.3.11 (/opt/ros/humble/share/message_filters/cmake)
-- Found rosidl_default_generators: 1.2.0 (/opt/ros/humble/share/rosidl_default_generators/cmake)
-- Found ament_cmake_ros: 0.10.0 (/opt/ros/humble/share/ament_cmake_ros/cmake)
-- Using all available rosidl_typesupport_c: rosidl_typesupport_fastrtps_c;rosidl_typesupport_introspection_c
-- Using all available rosidl_typesupport_cpp: rosidl_typesupport_fastrtps_cpp;rosidl_typesupport_introspection_cpp
-- Found PythonInterp: /usr/bin/python3 (found suitable version "3.10.12", minimum required is "3.6") 
-- Found python_cmake_module: 0.10.0 (/opt/ros/humble/share/python_cmake_module/cmake)
-- Found PythonLibs: /usr/lib/aarch64-linux-gnu/libpython3.10.so (found suitable version "3.10.12", minimum required is "3.5") 
-- Using PYTHON_EXECUTABLE: /usr/bin/python3
-- Using PYTHON_INCLUDE_DIRS: /usr/include/python3.10
-- Using PYTHON_LIBRARIES: /usr/lib/aarch64-linux-gnu/libpython3.10.so
-- Found PythonExtra: .so  
-- Configuring done
-- Generating done
-- Build files have been written to: /home/bluelule/ugv_project/ros2_ws/build/ugv_sensor_sync
[  2%] [34m[1mGenerating C code for ROS interfaces[0m
[  7%] [34m[1mGenerating C++ code for ROS interfaces[0m
[  7%] [32mBuilding CXX object CMakeFiles/clock_mapper.dir/src/clock_mapper.cpp.o[0m
[ 10%] [32mBuilding CXX object CMakeFiles/scan_time_corrector.dir/src/scan_time_corrector.cpp.o[0m
[ 10%] Built target ament_cmake_python_copy_ugv_sensor_sync
[ 12%] [32mBuilding C object CMakeFiles/ugv_sensor_sync__rosidl_generator_c.dir/rosidl_generator_c/ugv_sensor_sync/msg/detail/uwb_range__functions.c.o[0m
[ 12%] Built target ugv_sensor_sync__cpp
running egg_info
creating ugv_sensor_sync.egg-info
writing ugv_sensor_sync.egg-info/PKG-INFO
writing dependency_links to ugv_sensor_sync.egg-info/dependency_links.txt
writing top-level names to ugv_sensor_sync.egg-info/top_level.txt
writing manifest file 'ugv_sensor_sync.egg-info/SOURCES.txt'
reading manifest file 'ugv_sensor_sync.egg-info/SOURCES.txt'
writing manifest file 'ugv_sensor_sync.egg-info/SOURCES.txt'
[ 15%] [34m[1mGenerating C++ type support dispatch for ROS interfaces[0m
[ 17%] [34m[1mGenerating C++ type support for eProsima Fast-RTPS[0m
[ 20%] [32m[1mLinking C shared library libugv_sensor_sync__rosidl_generator_c.so[0m
[ 20%] Built target ament_cmake_python_build_ugv_sensor_sync_egg
[ 23%] [34m[1mGenerating C++ introspection for ROS interfaces[0m
[ 23%] Built target ugv_sensor_sync__rosidl_generator_c
[ 25%] [34m[1mGenerating C type support for eProsima Fast-RTPS[0m
[ 28%] [32m[1mLinking CXX shared library libclock_mapper.so[0m
[ 30%] [32mBuilding CXX object CMakeFiles/ugv_sensor_sync__rosidl_typesupport_cpp.dir/rosidl_typesupport_cpp/ugv_sensor_sync/msg/uwb_range__type_support.cpp.o[0m
[ 33%] [32mBuilding CXX object CMakeFiles/ugv_sensor_sync__rosidl_typesupport_fastrtps_cpp.dir/rosidl_typesupport_fastrtps_cpp/ugv_sensor_sync/msg/detail/dds_fastrtps/uwb_range__type_support.cpp.o[0m
[ 35%] [32mBuilding CXX object CMakeFiles/ugv_sensor_sync__rosidl_typesupport_introspection_cpp.dir/rosidl_typesupport_introspection_cpp/ugv_sensor_sync/msg/detail/uwb_range__type_support.cpp.o[0m
[ 35%] Built target clock_mapper
[ 38%] [34m[1mGenerating C introspection for ROS interfaces[0m
[ 41%] [32mBuilding CXX object CMakeFiles/ugv_sensor_sync__rosidl_typesupport_fastrtps_c.dir/rosidl_typesupport_fastrtps_c/ugv_sensor_sync/msg/detail/uwb_range__type_support_c.cpp.o[0m
[ 43%] [32m[1mLinking CXX shared library libugv_sensor_sync__rosidl_typesupport_cpp.so[0m
[ 43%] Built target ugv_sensor_sync__rosidl_typesupport_cpp
[ 48%] [32mBuilding C object CMakeFiles/ugv_sensor_sync__rosidl_typesupport_introspection_c.dir/rosidl_typesupport_introspection_c/ugv_sensor_sync/msg/detail/uwb_range__type_support.c.o[0m
[ 48%] [34m[1mGenerating C type support dispatch for ROS interfaces[0m
[ 51%] [32m[1mLinking C shared library libugv_sensor_sync__rosidl_typesupport_introspection_c.so[0m
[ 51%] Built target ugv_sensor_sync__rosidl_typesupport_introspection_c
[ 53%] [32m[1mLinking CXX shared library libugv_sensor_sync__rosidl_typesupport_fastrtps_c.so[0m
[ 56%] [32m[1mLinking CXX shared library libugv_sensor_sync__rosidl_typesupport_fastrtps_cpp.so[0m
[ 58%] [32m[1mLinking CXX shared library libugv_sensor_sync__rosidl_typesupport_introspection_cpp.so[0m
[ 58%] Built target ugv_sensor_sync__rosidl_typesupport_fastrtps_c
[ 58%] Built target ugv_sensor_sync__rosidl_typesupport_fastrtps_cpp
[ 58%] Built target ugv_sensor_sync__rosidl_typesupport_introspection_cpp
[ 61%] [32mBuilding CXX object CMakeFiles/ugv_sensor_sync__rosidl_typesupport_c.dir/rosidl_typesupport_c/ugv_sensor_sync/msg/uwb_range__type_support.cpp.o[0m
[ 64%] [32m[1mLinking CXX shared library libugv_sensor_sync__rosidl_typesupport_c.so[0m
[ 64%] Built target ugv_sensor_sync__rosidl_typesupport_c
[ 64%] Built target ugv_sensor_sync
[ 71%] [32mBuilding CXX object CMakeFiles/uwb_time_bridge.dir/src/uwb_time_bridge.cpp.o[0m
[ 71%] [34m[1mGenerating Python code for ROS interfaces[0m
[ 71%] [32mBuilding CXX object CMakeFiles/planner_sync_node.dir/src/planner_sync_node.cpp.o[0m
[ 71%] Built target ugv_sensor_sync__py
[ 74%] [32mBuilding C object CMakeFiles/ugv_sensor_sync__rosidl_generator_py.dir/rosidl_generator_py/ugv_sensor_sync/msg/_uwb_range_s.c.o[0m
[ 76%] [32m[1mLinking C shared library rosidl_generator_py/ugv_sensor_sync/libugv_sensor_sync__rosidl_generator_py.so[0m
[ 76%] Built target ugv_sensor_sync__rosidl_generator_py
[ 82%] [32mBuilding C object CMakeFiles/ugv_sensor_sync__rosidl_typesupport_introspection_c__pyext.dir/rosidl_generator_py/ugv_sensor_sync/_ugv_sensor_sync_s.ep.rosidl_typesupport_introspection_c.c.o[0m
[ 84%] [32mBuilding C object CMakeFiles/ugv_sensor_sync__rosidl_typesupport_c__pyext.dir/rosidl_generator_py/ugv_sensor_sync/_ugv_sensor_sync_s.ep.rosidl_typesupport_c.c.o[0m
[ 84%] [32mBuilding C object CMakeFiles/ugv_sensor_sync__rosidl_typesupport_fastrtps_c__pyext.dir/rosidl_generator_py/ugv_sensor_sync/_ugv_sensor_sync_s.ep.rosidl_typesupport_fastrtps_c.c.o[0m
[ 87%] [32m[1mLinking C shared library rosidl_generator_py/ugv_sensor_sync/ugv_sensor_sync_s__rosidl_typesupport_fastrtps_c.cpython-310-aarch64-linux-gnu.so[0m
[ 89%] [32m[1mLinking C shared library rosidl_generator_py/ugv_sensor_sync/ugv_sensor_sync_s__rosidl_typesupport_introspection_c.cpython-310-aarch64-linux-gnu.so[0m
[ 92%] [32m[1mLinking C shared library rosidl_generator_py/ugv_sensor_sync/ugv_sensor_sync_s__rosidl_typesupport_c.cpython-310-aarch64-linux-gnu.so[0m
[ 92%] Built target ugv_sensor_sync__rosidl_typesupport_introspection_c__pyext
[ 92%] Built target ugv_sensor_sync__rosidl_typesupport_fastrtps_c__pyext
[ 92%] Built target ugv_sensor_sync__rosidl_typesupport_c__pyext
[ 94%] [32m[1mLinking CXX executable scan_time_corrector[0m
[ 94%] Built target scan_time_corrector
[ 97%] [32m[1mLinking CXX executable uwb_time_bridge[0m
[ 97%] Built target uwb_time_bridge
