[0.022s] Invoking command in '/home/bluelule/ugv_project/ros2_ws/build/ugv_sensor_sync': CMAKE_PREFIX_PATH=${CMAKE_PREFIX_PATH}:/home/bluelule/ugv_ws_albert/install/ugv_perception:/home/bluelule/ugv_ws_albert/install/ugv_nav:/home/bluelule/ugv_ws_albert/install/ugv_autonomy:/home/bluelule/ugv_project/ros2_ws/install/ugv_serial_odom:/home/bluelule/ugv_project/ros2_ws/install/ugv_perception:/home/bluelule/ugv_project/ros2_ws/install/ugv_lidar:/opt/ros/humble /usr/bin/cmake /home/bluelule/ugv_project/ros2_ws/src/ugv_sensor_sync -DCMAKE_INSTALL_PREFIX=/home/bluelule/ugv_project/ros2_ws/install/ugv_sensor_sync
[0.179s] -- The C compiler identification is GNU 11.4.0
[0.322s] -- The CXX compiler identification is GNU 11.4.0
[0.345s] -- Detecting C compiler ABI info
[0.499s] -- Detecting C compiler ABI info - done
[0.523s] -- Check for working C compiler: /usr/bin/cc - skipped
[0.525s] -- Detecting C compile features
[0.527s] -- Detecting C compile features - done
[0.539s] -- Detecting CXX compiler ABI info
[0.710s] -- Detecting CXX compiler ABI info - done
[0.735s] -- Check for working CXX compiler: /usr/bin/c++ - skipped
[0.736s] -- Detecting CXX compile features
[0.738s] -- Detecting CXX compile features - done
[0.762s] -- Found ament_cmake: 1.3.12 (/opt/ros/humble/share/ament_cmake/cmake)
[1.120s] -- Found Python3: /usr/bin/python3 (found version "3.10.12") found components: Interpreter 
[1.404s] -- Found rclcpp: 16.0.17 (/opt/ros/humble/share/rclcpp/cmake)
[1.516s] -- Found rosidl_generator_c: 3.1.8 (/opt/ros/humble/share/rosidl_generator_c/cmake)
[1.531s] -- Found rosidl_adapter: 3.1.8 (/opt/ros/humble/share/rosidl_adapter/cmake)
[1.553s] -- Found rosidl_generator_cpp: 3.1.8 (/opt/ros/humble/share/rosidl_generator_cpp/cmake)
[1.582s] -- Using all available rosidl_typesupport_c: rosidl_typesupport_fastrtps_c;rosidl_typesupport_introspection_c
[1.621s] -- Using all available rosidl_typesupport_cpp: rosidl_typesupport_fastrtps_cpp;rosidl_typesupport_introspection_cpp
[1.734s] -- Found rmw_implementation_cmake: 6.1.2 (/opt/ros/humble/share/rmw_implementation_cmake/cmake)
[1.742s] -- Found rmw_fastrtps_cpp: 6.2.9 (/opt/ros/humble/share/rmw_fastrtps_cpp/cmake)
[1.920s] -- Found OpenSSL: /usr/lib/aarch64-linux-gnu/libcrypto.so (found version "3.0.2")  
[1.982s] -- Found FastRTPS: /opt/ros/humble/include  
[2.061s] -- Using RMW implementation 'rmw_fastrtps_cpp' as default
[2.086s] -- Looking for pthread.h
[2.233s] -- Looking for pthread.h - found
[2.234s] -- Performing Test CMAKE_HAVE_LIBC_PTHREAD
[2.391s] -- Performing Test CMAKE_HAVE_LIBC_PTHREAD - Success
[2.394s] -- Found Threads: TRUE  
[2.568s] -- Found sensor_msgs: 4.9.0 (/opt/ros/humble/share/sensor_msgs/cmake)
[2.632s] -- Found message_filters: 4.3.11 (/opt/ros/humble/share/message_filters/cmake)
[2.642s] -- Found rosidl_default_generators: 1.2.0 (/opt/ros/humble/share/rosidl_default_generators/cmake)
[3.287s] -- Found ament_cmake_ros: 0.10.0 (/opt/ros/humble/share/ament_cmake_ros/cmake)
[4.222s] -- Using all available rosidl_typesupport_c: rosidl_typesupport_fastrtps_c;rosidl_typesupport_introspection_c
[4.582s] -- Using all available rosidl_typesupport_cpp: rosidl_typesupport_fastrtps_cpp;rosidl_typesupport_introspection_cpp
[4.642s] -- Found PythonInterp: /usr/bin/python3 (found suitable version "3.10.12", minimum required is "3.6") 
[4.654s] -- Found python_cmake_module: 0.10.0 (/opt/ros/humble/share/python_cmake_module/cmake)
[4.729s] -- Found PythonLibs: /usr/lib/aarch64-linux-gnu/libpython3.10.so (found suitable version "3.10.12", minimum required is "3.5") 
[4.729s] -- Using PYTHON_EXECUTABLE: /usr/bin/python3
[4.730s] -- Using PYTHON_INCLUDE_DIRS: /usr/include/python3.10
[4.730s] -- Using PYTHON_LIBRARIES: /usr/lib/aarch64-linux-gnu/libpython3.10.so
[4.780s] -- Found PythonExtra: .so  
[4.956s] [0mCMake Deprecation Warning at /opt/ros/humble/share/rosidl_cmake/cmake/rosidl_target_interfaces.cmake:32 (message):
[4.957s]   Use rosidl_get_typesupport_target() and target_link_libraries() instead of
[4.957s]   rosidl_target_interfaces()
[4.957s] Call Stack (most recent call first):
[4.957s]   CMakeLists.txt:37 (rosidl_target_interfaces)
[4.958s] 
[4.958s] [0m
[4.963s] [0mCMake Deprecation Warning at /opt/ros/humble/share/rosidl_cmake/cmake/rosidl_target_interfaces.cmake:32 (message):
[4.963s]   Use rosidl_get_typesupport_target() and target_link_libraries() instead of
[4.964s]   rosidl_target_interfaces()
[4.964s] Call Stack (most recent call first):
[4.964s]   CMakeLists.txt:51 (rosidl_target_interfaces)
[4.964s] 
[4.964s] [0m
[4.984s] -- Configuring done
[5.076s] -- Generating done
[5.107s] -- Build files have been written to: /home/bluelule/ugv_project/ros2_ws/build/ugv_sensor_sync
[5.139s] Invoked command in '/home/bluelule/ugv_project/ros2_ws/build/ugv_sensor_sync' returned '0': CMAKE_PREFIX_PATH=${CMAKE_PREFIX_PATH}:/home/bluelule/ugv_ws_albert/install/ugv_perception:/home/bluelule/ugv_ws_albert/install/ugv_nav:/home/bluelule/ugv_ws_albert/install/ugv_autonomy:/home/bluelule/ugv_project/ros2_ws/install/ugv_serial_odom:/home/bluelule/ugv_project/ros2_ws/install/ugv_perception:/home/bluelule/ugv_project/ros2_ws/install/ugv_lidar:/opt/ros/humble /usr/bin/cmake /home/bluelule/ugv_project/ros2_ws/src/ugv_sensor_sync -DCMAKE_INSTALL_PREFIX=/home/bluelule/ugv_project/ros2_ws/install/ugv_sensor_sync
[5.144s] Invoking command in '/home/bluelule/ugv_project/ros2_ws/build/ugv_sensor_sync': CMAKE_PREFIX_PATH=${CMAKE_PREFIX_PATH}:/home/bluelule/ugv_ws_albert/install/ugv_perception:/home/bluelule/ugv_ws_albert/install/ugv_nav:/home/bluelule/ugv_ws_albert/install/ugv_autonomy:/home/bluelule/ugv_project/ros2_ws/install/ugv_serial_odom:/home/bluelule/ugv_project/ros2_ws/install/ugv_perception:/home/bluelule/ugv_project/ros2_ws/install/ugv_lidar:/opt/ros/humble /usr/bin/cmake --build /home/bluelule/ugv_project/ros2_ws/build/ugv_sensor_sync -- -j6 -l6
[5.232s] [  2%] [34m[1mGenerating C code for ROS interfaces[0m
[5.252s] [  7%] [34m[1mGenerating C++ code for ROS interfaces[0m
[5.252s] [  7%] [32mBuilding CXX object CMakeFiles/clock_mapper.dir/src/clock_mapper.cpp.o[0m
[5.262s] [ 10%] [32mBuilding CXX object CMakeFiles/scan_time_corrector.dir/src/scan_time_corrector.cpp.o[0m
[5.274s] [ 10%] Built target ament_cmake_python_copy_ugv_sensor_sync
[5.763s] [ 12%] [32mBuilding C object CMakeFiles/ugv_sensor_sync__rosidl_generator_c.dir/rosidl_generator_c/ugv_sensor_sync/msg/detail/uwb_range__functions.c.o[0m
[5.781s] [ 12%] Built target ugv_sensor_sync__cpp
[5.782s] running egg_info
[5.784s] creating ugv_sensor_sync.egg-info
[5.784s] writing ugv_sensor_sync.egg-info/PKG-INFO
[5.785s] writing dependency_links to ugv_sensor_sync.egg-info/dependency_links.txt
[5.785s] writing top-level names to ugv_sensor_sync.egg-info/top_level.txt
[5.785s] writing manifest file 'ugv_sensor_sync.egg-info/SOURCES.txt'
[5.790s] reading manifest file 'ugv_sensor_sync.egg-info/SOURCES.txt'
[5.791s] writing manifest file 'ugv_sensor_sync.egg-info/SOURCES.txt'
[5.810s] [ 15%] [34m[1mGenerating C++ type support dispatch for ROS interfaces[0m
[5.818s] [ 17%] [34m[1mGenerating C++ type support for eProsima Fast-RTPS[0m
[5.869s] [ 20%] [32m[1mLinking C shared library libugv_sensor_sync__rosidl_generator_c.so[0m
[5.879s] [ 20%] Built target ament_cmake_python_build_ugv_sensor_sync_egg
[5.907s] [ 23%] [34m[1mGenerating C++ introspection for ROS interfaces[0m
[5.908s] [01m[K/home/bluelule/ugv_project/ros2_ws/src/ugv_sensor_sync/src/clock_mapper.cpp:[m[K In member function ‘[01m[Kstd::pair<double, double> ugv_sensor_sync::ClockMapper::getFit() const[m[K’:
[5.908s] [01m[K/home/bluelule/ugv_project/ros2_ws/src/ugv_sensor_sync/src/clock_mapper.cpp:35:49:[m[K [01;36m[Knote: [m[Kparameter passing for argument of type ‘[01m[Kstd::pair<double, double>[m[K’ when C++17 is enabled changed to match C++14 ]8;;https://gcc.gnu.org/gcc-10/changes.html#empty_basein GCC 10.1]8;;
[5.908s]    35 | std::pair<double, double> ClockMapper::getFit() [01;36m[Kconst[m[K
[5.908s]       |                                                 [01;36m[K^~~~~[m[K
[5.943s] [ 23%] Built target ugv_sensor_sync__rosidl_generator_c
[5.967s] [ 25%] [34m[1mGenerating C type support for eProsima Fast-RTPS[0m
[6.256s] [ 28%] [32m[1mLinking CXX shared library libclock_mapper.so[0m
[6.329s] [ 30%] [32mBuilding CXX object CMakeFiles/ugv_sensor_sync__rosidl_typesupport_cpp.dir/rosidl_typesupport_cpp/ugv_sensor_sync/msg/uwb_range__type_support.cpp.o[0m
[6.349s] [ 33%] [32mBuilding CXX object CMakeFiles/ugv_sensor_sync__rosidl_typesupport_fastrtps_cpp.dir/rosidl_typesupport_fastrtps_cpp/ugv_sensor_sync/msg/detail/dds_fastrtps/uwb_range__type_support.cpp.o[0m
[6.410s] [ 35%] [32mBuilding CXX object CMakeFiles/ugv_sensor_sync__rosidl_typesupport_introspection_cpp.dir/rosidl_typesupport_introspection_cpp/ugv_sensor_sync/msg/detail/uwb_range__type_support.cpp.o[0m
[6.446s] [ 35%] Built target clock_mapper
[6.466s] [ 38%] [34m[1mGenerating C introspection for ROS interfaces[0m
[6.473s] [ 41%] [32mBuilding CXX object CMakeFiles/ugv_sensor_sync__rosidl_typesupport_fastrtps_c.dir/rosidl_typesupport_fastrtps_c/ugv_sensor_sync/msg/detail/uwb_range__type_support_c.cpp.o[0m
[6.890s] [ 43%] [32m[1mLinking CXX shared library libugv_sensor_sync__rosidl_typesupport_cpp.so[0m
[6.967s] [ 43%] Built target ugv_sensor_sync__rosidl_typesupport_cpp
[6.990s] [ 48%] [32mBuilding C object CMakeFiles/ugv_sensor_sync__rosidl_typesupport_introspection_c.dir/rosidl_typesupport_introspection_c/ugv_sensor_sync/msg/detail/uwb_range__type_support.c.o[0m
[6.991s] [ 48%] [34m[1mGenerating C type support dispatch for ROS interfaces[0m
[7.066s] [ 51%] [32m[1mLinking C shared library libugv_sensor_sync__rosidl_typesupport_introspection_c.so[0m
[7.126s] [ 51%] Built target ugv_sensor_sync__rosidl_typesupport_introspection_c
[7.185s] [ 53%] [32m[1mLinking CXX shared library libugv_sensor_sync__rosidl_typesupport_fastrtps_c.so[0m
[7.187s] [ 56%] [32m[1mLinking CXX shared library libugv_sensor_sync__rosidl_typesupport_fastrtps_cpp.so[0m
[7.226s] [ 58%] [32m[1mLinking CXX shared library libugv_sensor_sync__rosidl_typesupport_introspection_cpp.so[0m
[7.348s] [ 58%] Built target ugv_sensor_sync__rosidl_typesupport_fastrtps_c
[7.348s] [ 58%] Built target ugv_sensor_sync__rosidl_typesupport_fastrtps_cpp
[7.358s] [ 58%] Built target ugv_sensor_sync__rosidl_typesupport_introspection_cpp
[7.458s] [ 61%] [32mBuilding CXX object CMakeFiles/ugv_sensor_sync__rosidl_typesupport_c.dir/rosidl_typesupport_c/ugv_sensor_sync/msg/uwb_range__type_support.cpp.o[0m
[7.529s] [ 64%] [32m[1mLinking CXX shared library libugv_sensor_sync__rosidl_typesupport_c.so[0m
[7.615s] [ 64%] Built target ugv_sensor_sync__rosidl_typesupport_c
[7.661s] [ 64%] Built target ugv_sensor_sync
[7.702s] [ 71%] [32mBuilding CXX object CMakeFiles/uwb_time_bridge.dir/src/uwb_time_bridge.cpp.o[0m
[7.702s] [ 71%] [34m[1mGenerating Python code for ROS interfaces[0m
[7.702s] [ 71%] [32mBuilding CXX object CMakeFiles/planner_sync_node.dir/src/planner_sync_node.cpp.o[0m
[8.289s] [ 71%] Built target ugv_sensor_sync__py
[8.331s] [ 74%] [32mBuilding C object CMakeFiles/ugv_sensor_sync__rosidl_generator_py.dir/rosidl_generator_py/ugv_sensor_sync/msg/_uwb_range_s.c.o[0m
[8.544s] [ 76%] [32m[1mLinking C shared library rosidl_generator_py/ugv_sensor_sync/libugv_sensor_sync__rosidl_generator_py.so[0m
[8.620s] [ 76%] Built target ugv_sensor_sync__rosidl_generator_py
[8.661s] [ 82%] [32mBuilding C object CMakeFiles/ugv_sensor_sync__rosidl_typesupport_introspection_c__pyext.dir/rosidl_generator_py/ugv_sensor_sync/_ugv_sensor_sync_s.ep.rosidl_typesupport_introspection_c.c.o[0m
[8.662s] [ 84%] [32mBuilding C object CMakeFiles/ugv_sensor_sync__rosidl_typesupport_c__pyext.dir/rosidl_generator_py/ugv_sensor_sync/_ugv_sensor_sync_s.ep.rosidl_typesupport_c.c.o[0m
[8.663s] [ 84%] [32mBuilding C object CMakeFiles/ugv_sensor_sync__rosidl_typesupport_fastrtps_c__pyext.dir/rosidl_generator_py/ugv_sensor_sync/_ugv_sensor_sync_s.ep.rosidl_typesupport_fastrtps_c.c.o[0m
[8.861s] [ 87%] [32m[1mLinking C shared library rosidl_generator_py/ugv_sensor_sync/ugv_sensor_sync_s__rosidl_typesupport_fastrtps_c.cpython-310-aarch64-linux-gnu.so[0m
[8.862s] [ 89%] [32m[1mLinking C shared library rosidl_generator_py/ugv_sensor_sync/ugv_sensor_sync_s__rosidl_typesupport_introspection_c.cpython-310-aarch64-linux-gnu.so[0m
[8.871s] [ 92%] [32m[1mLinking C shared library rosidl_generator_py/ugv_sensor_sync/ugv_sensor_sync_s__rosidl_typesupport_c.cpython-310-aarch64-linux-gnu.so[0m
[8.943s] [ 92%] Built target ugv_sensor_sync__rosidl_typesupport_introspection_c__pyext
[8.943s] [ 92%] Built target ugv_sensor_sync__rosidl_typesupport_fastrtps_c__pyext
[8.954s] [ 92%] Built target ugv_sensor_sync__rosidl_typesupport_c__pyext
[13.222s] [01m[K/home/bluelule/ugv_project/ros2_ws/src/ugv_sensor_sync/src/planner_sync_node.cpp:[m[K In constructor ‘[01m[KPlannerSyncNode::PlannerSyncNode()[m[K’:
[13.222s] [01m[K/home/bluelule/ugv_project/ros2_ws/src/ugv_sensor_sync/src/planner_sync_node.cpp:34:55:[m[K [01;31m[Kerror: [m[K‘[01m[K_1[m[K’ was not declared in this scope; did you mean ‘[01m[Kstd::placeholders::_1[m[K’?
[13.222s]    34 |       std::bind(&PlannerSyncNode::syncCallback, this, [01;31m[K_1[m[K, _2, _3));
[13.222s]       |                                                       [01;31m[K^~[m[K
[13.222s]       |                                                       [32m[Kstd::placeholders::_1[m[K
[13.223s] In file included from [01m[K/home/bluelule/ugv_project/ros2_ws/src/ugv_sensor_sync/src/planner_sync_node.cpp:2[m[K:
[13.223s] [01m[K/usr/include/c++/11/functional:225:34:[m[K [01;36m[Knote: [m[K‘[01m[Kstd::placeholders::_1[m[K’ declared here
[13.223s]   225 |     extern const _Placeholder<1> [01;36m[K_1[m[K;
[13.223s]       |                                  [01;36m[K^~[m[K
[13.223s] [01m[K/home/bluelule/ugv_project/ros2_ws/src/ugv_sensor_sync/src/planner_sync_node.cpp:34:59:[m[K [01;31m[Kerror: [m[K‘[01m[K_2[m[K’ was not declared in this scope; did you mean ‘[01m[Kstd::placeholders::_2[m[K’?
[13.223s]    34 |       std::bind(&PlannerSyncNode::syncCallback, this, _1, [01;31m[K_2[m[K, _3));
[13.223s]       |                                                           [01;31m[K^~[m[K
[13.224s]       |                                                           [32m[Kstd::placeholders::_2[m[K
[13.224s] In file included from [01m[K/home/bluelule/ugv_project/ros2_ws/src/ugv_sensor_sync/src/planner_sync_node.cpp:2[m[K:
[13.224s] [01m[K/usr/include/c++/11/functional:226:34:[m[K [01;36m[Knote: [m[K‘[01m[Kstd::placeholders::_2[m[K’ declared here
[13.224s]   226 |     extern const _Placeholder<2> [01;36m[K_2[m[K;
[13.224s]       |                                  [01;36m[K^~[m[K
[13.224s] [01m[K/home/bluelule/ugv_project/ros2_ws/src/ugv_sensor_sync/src/planner_sync_node.cpp:34:63:[m[K [01;31m[Kerror: [m[K‘[01m[K_3[m[K’ was not declared in this scope; did you mean ‘[01m[Kstd::placeholders::_3[m[K’?
[13.224s]    34 |       std::bind(&PlannerSyncNode::syncCallback, this, _1, _2, [01;31m[K_3[m[K));
[13.224s]       |                                                               [01;31m[K^~[m[K
[13.225s]       |                                                               [32m[Kstd::placeholders::_3[m[K
[13.225s] In file included from [01m[K/home/bluelule/ugv_project/ros2_ws/src/ugv_sensor_sync/src/planner_sync_node.cpp:2[m[K:
[13.225s] [01m[K/usr/include/c++/11/functional:227:34:[m[K [01;36m[Knote: [m[K‘[01m[Kstd::placeholders::_3[m[K’ declared here
[13.225s]   227 |     extern const _Placeholder<3> [01;36m[K_3[m[K;
[13.225s]       |                                  [01;36m[K^~[m[K
[17.999s] [01m[K/home/bluelule/ugv_project/ros2_ws/src/ugv_sensor_sync/src/uwb_time_bridge.cpp:[m[K In member function ‘[01m[Kvoid UwbTimeBridge::statusTimer()[m[K’:
[17.999s] [01m[K/home/bluelule/ugv_project/ros2_ws/src/ugv_sensor_sync/src/uwb_time_bridge.cpp:98:31:[m[K [01;36m[Knote: [m[Kparameter passing for argument of type ‘[01m[Kstd::pair<double, double>[m[K’ when C++17 is enabled changed to match C++14 ]8;;https://gcc.gnu.org/gcc-10/changes.html#empty_basein GCC 10.1]8;;
[17.999s]    98 |     auto fit = mapper_.getFit([01;36m[K)[m[K;
[17.999s]       |                               [01;36m[K^[m[K
[23.031s] [ 94%] [32m[1mLinking CXX executable scan_time_corrector[0m
[23.880s] [ 94%] Built target scan_time_corrector
[25.312s] gmake[2]: *** [CMakeFiles/planner_sync_node.dir/build.make:76: CMakeFiles/planner_sync_node.dir/src/planner_sync_node.cpp.o] Error 1
[25.312s] gmake[1]: *** [CMakeFiles/Makefile2:681: CMakeFiles/planner_sync_node.dir/all] Error 2
[25.312s] gmake[1]: *** Waiting for unfinished jobs....
[25.819s] [ 97%] [32m[1mLinking CXX executable uwb_time_bridge[0m
[26.566s] [ 97%] Built target uwb_time_bridge
[26.568s] gmake: *** [Makefile:146: all] Error 2
[26.574s] Invoked command in '/home/bluelule/ugv_project/ros2_ws/build/ugv_sensor_sync' returned '2': CMAKE_PREFIX_PATH=${CMAKE_PREFIX_PATH}:/home/bluelule/ugv_ws_albert/install/ugv_perception:/home/bluelule/ugv_ws_albert/install/ugv_nav:/home/bluelule/ugv_ws_albert/install/ugv_autonomy:/home/bluelule/ugv_project/ros2_ws/install/ugv_serial_odom:/home/bluelule/ugv_project/ros2_ws/install/ugv_perception:/home/bluelule/ugv_project/ros2_ws/install/ugv_lidar:/opt/ros/humble /usr/bin/cmake --build /home/bluelule/ugv_project/ros2_ws/build/ugv_sensor_sync -- -j6 -l6
