/home/bluelule/ugv_project/ros2_ws/install/ugv_perception/lib/python3.10/site-packages/ugv_perception/__init__.py
/home/bluelule/ugv_project/ros2_ws/install/ugv_perception/lib/python3.10/site-packages/ugv_perception/zed_obj_distance.py
/home/bluelule/ugv_project/ros2_ws/install/ugv_perception/lib/python3.10/site-packages/ugv_perception/gyroscope.py
/home/bluelule/ugv_project/ros2_ws/install/ugv_perception/lib/python3.10/site-packages/ugv_perception/obstacle_warning.py
/home/bluelule/ugv_project/ros2_ws/install/ugv_perception/lib/python3.10/site-packages/ugv_perception/zed_utils.py
/home/bluelule/ugv_project/ros2_ws/install/ugv_perception/lib/python3.10/site-packages/ugv_perception/accelerometer.py
/home/bluelule/ugv_project/ros2_ws/install/ugv_perception/lib/python3.10/site-packages/ugv_perception/magnetometer.py
/home/bluelule/ugv_project/ros2_ws/install/ugv_perception/lib/python3.10/site-packages/ugv_perception/__pycache__/__init__.cpython-310.pyc
/home/bluelule/ugv_project/ros2_ws/install/ugv_perception/lib/python3.10/site-packages/ugv_perception/__pycache__/zed_obj_distance.cpython-310.pyc
/home/bluelule/ugv_project/ros2_ws/install/ugv_perception/lib/python3.10/site-packages/ugv_perception/__pycache__/gyroscope.cpython-310.pyc
/home/bluelule/ugv_project/ros2_ws/install/ugv_perception/lib/python3.10/site-packages/ugv_perception/__pycache__/obstacle_warning.cpython-310.pyc
/home/bluelule/ugv_project/ros2_ws/install/ugv_perception/lib/python3.10/site-packages/ugv_perception/__pycache__/zed_utils.cpython-310.pyc
/home/bluelule/ugv_project/ros2_ws/install/ugv_perception/lib/python3.10/site-packages/ugv_perception/__pycache__/accelerometer.cpython-310.pyc
/home/bluelule/ugv_project/ros2_ws/install/ugv_perception/lib/python3.10/site-packages/ugv_perception/__pycache__/magnetometer.cpython-310.pyc
/home/bluelule/ugv_project/ros2_ws/install/ugv_perception/share/ament_index/resource_index/packages/ugv_perception
/home/bluelule/ugv_project/ros2_ws/install/ugv_perception/share/ugv_perception/package.xml
/home/bluelule/ugv_project/ros2_ws/install/ugv_perception/lib/python3.10/site-packages/ugv_perception-0.0.0-py3.10.egg-info/zip-safe
/home/bluelule/ugv_project/ros2_ws/install/ugv_perception/lib/python3.10/site-packages/ugv_perception-0.0.0-py3.10.egg-info/SOURCES.txt
/home/bluelule/ugv_project/ros2_ws/install/ugv_perception/lib/python3.10/site-packages/ugv_perception-0.0.0-py3.10.egg-info/top_level.txt
/home/bluelule/ugv_project/ros2_ws/install/ugv_perception/lib/python3.10/site-packages/ugv_perception-0.0.0-py3.10.egg-info/requires.txt
/home/bluelule/ugv_project/ros2_ws/install/ugv_perception/lib/python3.10/site-packages/ugv_perception-0.0.0-py3.10.egg-info/entry_points.txt
/home/bluelule/ugv_project/ros2_ws/install/ugv_perception/lib/python3.10/site-packages/ugv_perception-0.0.0-py3.10.egg-info/PKG-INFO
/home/bluelule/ugv_project/ros2_ws/install/ugv_perception/lib/python3.10/site-packages/ugv_perception-0.0.0-py3.10.egg-info/dependency_links.txt
/home/bluelule/ugv_project/ros2_ws/install/ugv_perception/lib/ugv_perception/obstacle_warning
/home/bluelule/ugv_project/ros2_ws/install/ugv_perception/lib/ugv_perception/zed_obj_distance
