[1.273s] Invoking command in '/home/bluelule/ugv_project/ros2_ws/src/ugv_sensor_sync': PYTHONPATH=/home/bluelule/ugv_project/ros2_ws/build/ugv_sensor_sync/prefix_override:/usr/lib/python3/dist-packages/colcon_core/task/python/colcon_distutils_commands:/home/bluelule/ugv_project/ros2_ws/install/ugv_sensor_sync/lib/python3.10/site-packages:${PYTHONPATH} /usr/bin/python3 -W ignore:setup.py install is deprecated -W ignore:easy_install command is deprecated setup.py egg_info --egg-base ../../build/ugv_sensor_sync build --build-base /home/bluelule/ugv_project/ros2_ws/build/ugv_sensor_sync/build install --record /home/bluelule/ugv_project/ros2_ws/build/ugv_sensor_sync/install.log --single-version-externally-managed install_data
[1.728s] running egg_info
[1.729s] writing ../../build/ugv_sensor_sync/ugv_sensor_sync.egg-info/PKG-INFO
[1.730s] writing dependency_links to ../../build/ugv_sensor_sync/ugv_sensor_sync.egg-info/dependency_links.txt
[1.730s] writing entry points to ../../build/ugv_sensor_sync/ugv_sensor_sync.egg-info/entry_points.txt
[1.730s] writing requirements to ../../build/ugv_sensor_sync/ugv_sensor_sync.egg-info/requires.txt
[1.731s] writing top-level names to ../../build/ugv_sensor_sync/ugv_sensor_sync.egg-info/top_level.txt
[1.734s] reading manifest file '../../build/ugv_sensor_sync/ugv_sensor_sync.egg-info/SOURCES.txt'
[1.735s] writing manifest file '../../build/ugv_sensor_sync/ugv_sensor_sync.egg-info/SOURCES.txt'
[1.735s] running build
[1.735s] running build_py
[1.736s] copying ugv_sensor_sync/uwb_node.py -> /home/bluelule/ugv_project/ros2_ws/build/ugv_sensor_sync/build/lib/ugv_sensor_sync
[1.736s] running install
[1.737s] running install_lib
[1.738s] copying /home/bluelule/ugv_project/ros2_ws/build/ugv_sensor_sync/build/lib/ugv_sensor_sync/uwb_node.py -> /home/bluelule/ugv_project/ros2_ws/install/ugv_sensor_sync/lib/python3.10/site-packages/ugv_sensor_sync
[1.740s] byte-compiling /home/bluelule/ugv_project/ros2_ws/install/ugv_sensor_sync/lib/python3.10/site-packages/ugv_sensor_sync/uwb_node.py to uwb_node.cpython-310.pyc
[1.742s] running install_data
[1.742s] copying launch/sensor_sync_launch.py -> /home/bluelule/ugv_project/ros2_ws/install/ugv_sensor_sync/share/ugv_sensor_sync/launch
[1.743s] running install_egg_info
[1.748s] removing '/home/bluelule/ugv_project/ros2_ws/install/ugv_sensor_sync/lib/python3.10/site-packages/ugv_sensor_sync-0.0.1-py3.10.egg-info' (and everything under it)
[1.749s] Copying ../../build/ugv_sensor_sync/ugv_sensor_sync.egg-info to /home/bluelule/ugv_project/ros2_ws/install/ugv_sensor_sync/lib/python3.10/site-packages/ugv_sensor_sync-0.0.1-py3.10.egg-info
[1.751s] running install_scripts
[1.788s] Installing fusion_node script to /home/bluelule/ugv_project/ros2_ws/install/ugv_sensor_sync/lib/ugv_sensor_sync
[1.788s] Installing lidar_sync_node script to /home/bluelule/ugv_project/ros2_ws/install/ugv_sensor_sync/lib/ugv_sensor_sync
[1.789s] Installing uwb_node script to /home/bluelule/ugv_project/ros2_ws/install/ugv_sensor_sync/lib/ugv_sensor_sync
[1.789s] Installing zed_sync_node script to /home/bluelule/ugv_project/ros2_ws/install/ugv_sensor_sync/lib/ugv_sensor_sync
[1.789s] writing list of installed files to '/home/bluelule/ugv_project/ros2_ws/build/ugv_sensor_sync/install.log'
[1.851s] Invoked command in '/home/bluelule/ugv_project/ros2_ws/src/ugv_sensor_sync' returned '0': PYTHONPATH=/home/bluelule/ugv_project/ros2_ws/build/ugv_sensor_sync/prefix_override:/usr/lib/python3/dist-packages/colcon_core/task/python/colcon_distutils_commands:/home/bluelule/ugv_project/ros2_ws/install/ugv_sensor_sync/lib/python3.10/site-packages:${PYTHONPATH} /usr/bin/python3 -W ignore:setup.py install is deprecated -W ignore:easy_install command is deprecated setup.py egg_info --egg-base ../../build/ugv_sensor_sync build --build-base /home/bluelule/ugv_project/ros2_ws/build/ugv_sensor_sync/build install --record /home/bluelule/ugv_project/ros2_ws/build/ugv_sensor_sync/install.log --single-version-externally-managed install_data
